Archive member included to satisfy reference by file (symbol)

/Users/clfilho/SimplicityStudio/BLE/BLEDeviceServerAndroid/protocol/bluetooth/lib/EFR32MG13P/GCC/libbluetooth.a(bgapi.c.obj)
                              ./main.o (gecko_cmd_msg_buf)
/Users/clfilho/SimplicityStudio/BLE/BLEDeviceServerAndroid/protocol/bluetooth/lib/EFR32MG13P/GCC/libbluetooth.a(bgapi_gap.c.obj)
                              ./main.o (sli_bt_cmd_le_gap_set_advertise_timing)
/Users/clfilho/SimplicityStudio/BLE/BLEDeviceServerAndroid/protocol/bluetooth/lib/EFR32MG13P/GCC/libbluetooth.a(bgapi_gatt.c.obj)
                              /Users/clfilho/SimplicityStudio/BLE/BLEDeviceServerAndroid/protocol/bluetooth/lib/EFR32MG13P/GCC/libbluetooth.a(bgapi.c.obj) (bgapi_gatt_listener)
/Users/clfilho/SimplicityStudio/BLE/BLEDeviceServerAndroid/protocol/bluetooth/lib/EFR32MG13P/GCC/libbluetooth.a(bgapi_gatt_lib.c.obj)
                              ./main.o (sli_bt_cmd_gatt_server_send_user_read_response)
/Users/clfilho/SimplicityStudio/BLE/BLEDeviceServerAndroid/protocol/bluetooth/lib/EFR32MG13P/GCC/libbluetooth.a(bgapi_hardware.c.obj)
                              ./main.o (sli_bt_cmd_hardware_set_soft_timer)
/Users/clfilho/SimplicityStudio/BLE/BLEDeviceServerAndroid/protocol/bluetooth/lib/EFR32MG13P/GCC/libbluetooth.a(bgapi_le_connection.c.obj)
                              ./main.o (sli_bt_cmd_le_connection_close)
/Users/clfilho/SimplicityStudio/BLE/BLEDeviceServerAndroid/protocol/bluetooth/lib/EFR32MG13P/GCC/libbluetooth.a(bgapi_system.c.obj)
                              ./main.o (sli_bt_cmd_system_reset)
/Users/clfilho/SimplicityStudio/BLE/BLEDeviceServerAndroid/protocol/bluetooth/lib/EFR32MG13P/GCC/libbluetooth.a(bgbuf.c.obj)
                              /Users/clfilho/SimplicityStudio/BLE/BLEDeviceServerAndroid/protocol/bluetooth/lib/EFR32MG13P/GCC/libbluetooth.a(bgapi.c.obj) (bgbuf_chain_free)
/Users/clfilho/SimplicityStudio/BLE/BLEDeviceServerAndroid/protocol/bluetooth/lib/EFR32MG13P/GCC/libbluetooth.a(bglib.c.obj)
                              ./main.o (gecko_stack_init)
/Users/clfilho/SimplicityStudio/BLE/BLEDeviceServerAndroid/protocol/bluetooth/lib/EFR32MG13P/GCC/libbluetooth.a(btl_interface.c.obj)
                              /Users/clfilho/SimplicityStudio/BLE/BLEDeviceServerAndroid/protocol/bluetooth/lib/EFR32MG13P/GCC/libbluetooth.a(bgapi.c.obj) (bootloader_getInfo)
/Users/clfilho/SimplicityStudio/BLE/BLEDeviceServerAndroid/protocol/bluetooth/lib/EFR32MG13P/GCC/libbluetooth.a(efr32xg1x.c.obj)
                              /Users/clfilho/SimplicityStudio/BLE/BLEDeviceServerAndroid/protocol/bluetooth/lib/EFR32MG13P/GCC/libbluetooth.a(bgapi_hardware.c.obj) (bg_hal_set_dcdc_enable)
/Users/clfilho/SimplicityStudio/BLE/BLEDeviceServerAndroid/protocol/bluetooth/lib/EFR32MG13P/GCC/libbluetooth.a(gap.c.obj)
                              /Users/clfilho/SimplicityStudio/BLE/BLEDeviceServerAndroid/protocol/bluetooth/lib/EFR32MG13P/GCC/libbluetooth.a(bglib.c.obj) (gap_reset_state)
/Users/clfilho/SimplicityStudio/BLE/BLEDeviceServerAndroid/protocol/bluetooth/lib/EFR32MG13P/GCC/libbluetooth.a(gap_adv.c.obj)
                              /Users/clfilho/SimplicityStudio/BLE/BLEDeviceServerAndroid/protocol/bluetooth/lib/EFR32MG13P/GCC/libbluetooth.a(gap.c.obj) (gap_set_advertising_timeout)
/Users/clfilho/SimplicityStudio/BLE/BLEDeviceServerAndroid/protocol/bluetooth/lib/EFR32MG13P/GCC/libbluetooth.a(gap_deprecated.c.obj)
                              /Users/clfilho/SimplicityStudio/BLE/BLEDeviceServerAndroid/protocol/bluetooth/lib/EFR32MG13P/GCC/libbluetooth.a(bgapi_gap.c.obj) (ubt_gap_set_adv_parameters)
/Users/clfilho/SimplicityStudio/BLE/BLEDeviceServerAndroid/protocol/bluetooth/lib/EFR32MG13P/GCC/libbluetooth.a(gap_resolver.c.obj)
                              /Users/clfilho/SimplicityStudio/BLE/BLEDeviceServerAndroid/protocol/bluetooth/lib/EFR32MG13P/GCC/libbluetooth.a(gap.c.obj) (gap_address_resolver_step)
/Users/clfilho/SimplicityStudio/BLE/BLEDeviceServerAndroid/protocol/bluetooth/lib/EFR32MG13P/GCC/libbluetooth.a(gap_scan.c.obj)
                              /Users/clfilho/SimplicityStudio/BLE/BLEDeviceServerAndroid/protocol/bluetooth/lib/EFR32MG13P/GCC/libbluetooth.a(gap.c.obj) (gap_status_set_scan_packet)
/Users/clfilho/SimplicityStudio/BLE/BLEDeviceServerAndroid/protocol/bluetooth/lib/EFR32MG13P/GCC/libbluetooth.a(gatt.c.obj)
                              /Users/clfilho/SimplicityStudio/BLE/BLEDeviceServerAndroid/protocol/bluetooth/lib/EFR32MG13P/GCC/libbluetooth.a(gap.c.obj) (gatt_init_connection)
/Users/clfilho/SimplicityStudio/BLE/BLEDeviceServerAndroid/protocol/bluetooth/lib/EFR32MG13P/GCC/libbluetooth.a(gatt_client.c.obj)
                              /Users/clfilho/SimplicityStudio/BLE/BLEDeviceServerAndroid/protocol/bluetooth/lib/EFR32MG13P/GCC/libbluetooth.a(bgapi_gatt_lib.c.obj) (gatt_client_init)
[...]
Memory Configuration

Name             Origin             Length             Attributes
FLASH_BOOTLOADER 0x000000000fe10000 0x0000000000004000 xr
FLASH            0x0000000000000000 0x000000000007f000 xr
RAM              0x0000000020000000 0x0000000000010000 xrw
*default*        0x0000000000000000 0xffffffffffffffff

Linker script and memory map

LOAD /Applications/Simplicity Studio 2.app/Contents/Eclipse/developer/toolchains/gnu_arm/7.2_2017q4/bin/../lib/gcc/arm-none-eabi/7.2.1/thumb/v7e-m/fpv4-sp/softfp/crti.o
LOAD /Applications/Simplicity Studio 2.app/Contents/Eclipse/developer/toolchains/gnu_arm/7.2_2017q4/bin/../lib/gcc/arm-none-eabi/7.2.1/thumb/v7e-m/fpv4-sp/softfp/crtbegin.o
LOAD /Applications/Simplicity Studio 2.app/Contents/Eclipse/developer/toolchains/gnu_arm/7.2_2017q4/bin/../lib/gcc/arm-none-eabi/7.2.1/../../../../arm-none-eabi/lib/thumb/v7e-m/fpv4-sp/softfp/crt0.o
START GROUP
LOAD ./app/bluetooth/common/util/infrastructure.o
LOAD ./application_properties.o
LOAD ./gatt_db.o
LOAD ./init_app.o
LOAD ./init_board_efr32xg1.o
LOAD ./init_mcu_efr32xg1.o
LOAD ./main.o
LOAD ./pti.o
LOAD ./retargetio.o
LOAD ./retargetserial.o
LOAD ./hardware/kit/common/bsp/bsp_stk.o
LOAD ./hardware/kit/common/drivers/mx25flash_spi.o
LOAD ./platform/Device/SiliconLabs/EFR32MG13P/Source/GCC/startup_efr32mg13p.o
LOAD ./platform/Device/SiliconLabs/EFR32MG13P/Source/system_efr32mg13p.o
LOAD ./platform/emdrv/sleep/src/sleep.o
LOAD ./platform/emlib/src/em_assert.o
LOAD ./platform/emlib/src/em_cmu.o
LOAD ./platform/emlib/src/em_core.o
LOAD ./platform/emlib/src/em_cryotimer.o
LOAD ./platform/emlib/src/em_crypto.o
LOAD ./platform/emlib/src/em_emu.o
LOAD ./platform/emlib/src/em_gpio.o
LOAD ./platform/emlib/src/em_i2c.o
LOAD ./platform/emlib/src/em_msc.o
LOAD ./platform/emlib/src/em_rmu.o
LOAD ./platform/emlib/src/em_rtcc.o
LOAD ./platform/emlib/src/em_se.o
LOAD ./platform/emlib/src/em_system.o
LOAD ./platform/emlib/src/em_timer.o
LOAD ./platform/emlib/src/em_usart.o
LOAD /Users/clfilho/SimplicityStudio/BLE/BLEDeviceServerAndroid/protocol/bluetooth/lib/EFR32MG13P/GCC/libmbedtls.a
LOAD /Users/clfilho/SimplicityStudio/BLE/BLEDeviceServerAndroid/protocol/bluetooth/lib/EFR32MG13P/GCC/libbluetooth.a
LOAD /Users/clfilho/SimplicityStudio/BLE/BLEDeviceServerAndroid/protocol/bluetooth/lib/EFR32MG13P/GCC/libpsstore.a
LOAD /Users/clfilho/SimplicityStudio/BLE/BLEDeviceServerAndroid/protocol/bluetooth/lib/EFR32MG13P/GCC/binapploader.o
LOAD /Users/clfilho/SimplicityStudio/BLE/BLEDeviceServerAndroid/platform/radio/rail_lib/autogen/librail_release/librail_efr32xg13_gcc_release.a
LOAD /Applications/Simplicity Studio 2.app/Contents/Eclipse/developer/toolchains/gnu_arm/7.2_2017q4/bin/../lib/gcc/arm-none-eabi/7.2.1/../../../../arm-none-eabi/lib/thumb/v7e-m/fpv4-sp/softfp/libm.a
END GROUP
START GROUP
LOAD /Applications/Simplicity Studio 2.app/Contents/Eclipse/developer/toolchains/gnu_arm/7.2_2017q4/bin/../lib/gcc/arm-none-eabi/7.2.1/thumb/v7e-m/fpv4-sp/softfp/libgcc.a
LOAD /Applications/Simplicity Studio 2.app/Contents/Eclipse/developer/toolchains/gnu_arm/7.2_2017q4/bin/../lib/gcc/arm-none-eabi/7.2.1/../../../../arm-none-eabi/lib/thumb/v7e-m/fpv4-sp/softfp/libc_nano.a
LOAD /Applications/Simplicity Studio 2.app/Contents/Eclipse/developer/toolchains/gnu_arm/7.2_2017q4/bin/../lib/gcc/arm-none-eabi/7.2.1/../../../../arm-none-eabi/lib/thumb/v7e-m/fpv4-sp/softfp/libnosys.a
END GROUP
START GROUP
LOAD /Applications/Simplicity Studio 2.app/Contents/Eclipse/developer/toolchains/gnu_arm/7.2_2017q4/bin/../lib/gcc/arm-none-eabi/7.2.1/thumb/v7e-m/fpv4-sp/softfp/libgcc.a
LOAD /Applications/Simplicity Studio 2.app/Contents/Eclipse/developer/toolchains/gnu_arm/7.2_2017q4/bin/../lib/gcc/arm-none-eabi/7.2.1/../../../../arm-none-eabi/lib/thumb/v7e-m/fpv4-sp/softfp/libg_nano.a
LOAD /Applications/Simplicity Studio 2.app/Contents/Eclipse/developer/toolchains/gnu_arm/7.2_2017q4/bin/../lib/gcc/arm-none-eabi/7.2.1/../../../../arm-none-eabi/lib/thumb/v7e-m/fpv4-sp/softfp/libc_nano.a
END GROUP
START GROUP
LOAD /Applications/Simplicity Studio 2.app/Contents/Eclipse/developer/toolchains/gnu_arm/7.2_2017q4/bin/../lib/gcc/arm-none-eabi/7.2.1/thumb/v7e-m/fpv4-sp/softfp/libgcc.a
LOAD /Applications/Simplicity Studio 2.app/Contents/Eclipse/developer/toolchains/gnu_arm/7.2_2017q4/bin/../lib/gcc/arm-none-eabi/7.2.1/../../../../arm-none-eabi/lib/thumb/v7e-m/fpv4-sp/softfp/libc_nano.a
END GROUP
LOAD /Applications/Simplicity Studio 2.app/Contents/Eclipse/developer/toolchains/gnu_arm/7.2_2017q4/bin/../lib/gcc/arm-none-eabi/7.2.1/thumb/v7e-m/fpv4-sp/softfp/crtend.o
LOAD /Applications/Simplicity Studio 2.app/Contents/Eclipse/developer/toolchains/gnu_arm/7.2_2017q4/bin/../lib/gcc/arm-none-eabi/7.2.1/thumb/v7e-m/fpv4-sp/softfp/crtn.o

.text_bootloader
                0x000000000fe10000        0x0
 *(.binbootloader*)
                0x000000000fe10000                . = ALIGN (0x4000)

.text_apploader
                0x0000000000000000     0x8fc0
 *(.binapploader*)
 .binapploader  0x0000000000000000     0x8fc0 /Users/clfilho/SimplicityStudio/BLE/BLEDeviceServerAndroid/protocol/bluetooth/lib/EFR32MG13P/GCC/binapploader.o

.text_signature
                0x0000000000008fc0       0x40
                0x0000000000009000                . = ALIGN (0x800)
 *fill*         0x0000000000008fc0       0x40 
                0x0000000000009000                __text_start__ = .

.text_application
                0x0000000000009000    0x22c98
 *(.vectors)
 .vectors       0x0000000000009000       0xfc ./platform/Device/SiliconLabs/EFR32MG13P/Source/GCC/startup_efr32mg13p.o
                0x0000000000009000                __Vectors
                0x00000000000090fc                __Vectors_End = .
                0x00000000000000fc                __Vectors_Size = (__Vectors_End - __Vectors)
                0x00000000000090fc                __end__ = .
 *(.application_properties)
 .application_properties
                0x00000000000090fc       0x38 ./application_properties.o
                0x00000000000090fc                applicationProperties
 *(.gecko_configuration)
 *(.xo_configuration)
 *(.gatt_header)
 .gatt_header   0x0000000000009134       0x34 ./gatt_db.o
                0x0000000000009134                bg_gattdb_data
 *(.gatt_data)
 .gatt_data     0x0000000000009168      0x2b2 ./gatt_db.o
                0x0000000000009168                bg_gattdb_data_adv_uuid128_map
                0x0000000000009178                bg_gattdb_data_adv_uuid16_map
                0x000000000000917c                bg_gattdb_data_attributes_dynamic_mapping_map
                0x0000000000009188                bg_gattdb_data_attributes_map
                0x00000000000092b4                bg_gattdb_data_attribute_field_0
                0x00000000000092b8                bg_gattdb_data_attribute_field_1
                0x00000000000092c0                bg_gattdb_data_attribute_field_2
                0x00000000000092c8                bg_gattdb_data_attribute_field_4
                0x00000000000092cc                bg_gattdb_data_attribute_field_5
                0x00000000000092d4                bg_gattdb_data_attribute_field_6
                0x00000000000092dc                bg_gattdb_data_attribute_field_7
                0x00000000000092e4                bg_gattdb_data_attribute_field_8
                0x00000000000092e8                bg_gattdb_data_attribute_field_9
                0x00000000000092ec                bg_gattdb_data_attribute_field_10
                0x00000000000092f4                bg_gattdb_data_attribute_field_11
                0x0000000000009304                bg_gattdb_data_attribute_field_12
                0x000000000000930c                bg_gattdb_data_attribute_field_13
                0x0000000000009318                bg_gattdb_data_attribute_field_14
                0x0000000000009320                bg_gattdb_data_attribute_field_15
                0x0000000000009328                bg_gattdb_data_attribute_field_16
                0x000000000000933c                bg_gattdb_data_attribute_field_17
                0x0000000000009354                bg_gattdb_data_attribute_field_18
                0x000000000000935c                bg_gattdb_data_attribute_field_19
                0x0000000000009370                bg_gattdb_data_attribute_field_20
                0x0000000000009388                bg_gattdb_data_attribute_field_21
                0x0000000000009390                bg_gattdb_data_attribute_field_23
                0x00000000000093a8                bg_gattdb_data_attribute_field_24
                0x00000000000093b0                bg_gattdb_data_uuidtable_128_map
                0x0000000000009400                bg_gattdb_data_uuidtable_16_map
 *(.text*)
 *fill*         0x000000000000941a        0x2 
 .text          0x000000000000941c       0x40 /Applications/Simplicity Studio 2.app/Contents/Eclipse/developer/toolchains/gnu_arm/7.2_2017q4/bin/../lib/gcc/arm-none-eabi/7.2.1/thumb/v7e-m/fpv4-sp/softfp/crtbegin.o
 .text          0x000000000000945c       0x74 /Applications/Simplicity Studio 2.app/Contents/Eclipse/developer/toolchains/gnu_arm/7.2_2017q4/bin/../lib/gcc/arm-none-eabi/7.2.1/../../../../arm-none-eabi/lib/thumb/v7e-m/fpv4-sp/softfp/crt0.o
                0x000000000000945c                _mainCRTStartup
                0x000000000000945c                _start
 .text.initApp  0x00000000000094d0       0x24 ./init_app.o
                0x00000000000094d0                initApp
 .text.initBoard
                0x00000000000094f4       0x48 ./init_board_efr32xg1.o
                0x00000000000094f4                initBoard
 .text.initMcu  0x000000000000953c      0x120 ./init_mcu_efr32xg1.o
                0x000000000000953c                initMcu
 .text.startup.main
                0x000000000000965c      0x3ac ./main.o
                0x000000000000965c                main
 .text.configEnablePti
                0x0000000000009a08       0x30 ./pti.o
                0x0000000000009a08                configEnablePti
 .text._close   0x0000000000009a38        0x4 ./retargetio.o
                0x0000000000009a38                _close
 .text._exit    0x0000000000009a3c        0x4 ./retargetio.o
                0x0000000000009a3c                _exit
 .text._fstat   0x0000000000009a40        0xc ./retargetio.o
                0x0000000000009a40                _fstat
 .text._isatty  0x0000000000009a4c        0x4 ./retargetio.o
                0x0000000000009a4c                _isatty
 .text._lseek   0x0000000000009a50        0x4 ./retargetio.o
                0x0000000000009a50                _lseek
 .text._read    0x0000000000009a54       0x2c ./retargetio.o
                0x0000000000009a54                _read
 .text._sbrk    0x0000000000009a80       0x1c ./retargetio.o
                0x0000000000009a80                _sbrk
 .text._write   0x0000000000009a9c       0x1c ./retargetio.o
                0x0000000000009a9c                _write
 .text.USART0_RX_IRQHandler
                0x0000000000009ab8       0x54 ./retargetserial.o
                0x0000000000009ab8                USART0_RX_IRQHandler
 .text.RETARGET_SerialInit
                0x0000000000009b0c       0xc8 ./retargetserial.o
                0x0000000000009b0c                RETARGET_SerialInit
 .text.RETARGET_ReadChar
                0x0000000000009bd4       0x68 ./retargetserial.o
                0x0000000000009bd4                RETARGET_ReadChar
 .text.RETARGET_WriteChar
                0x0000000000009c3c       0x48 ./retargetserial.o
                0x0000000000009c3c                RETARGET_WriteChar
 .text.MX25_init
                0x0000000000009c84       0xa4 ./hardware/kit/common/drivers/mx25flash_spi.o
                0x0000000000009c84                MX25_init
 .text.MX25_DP  0x0000000000009d28       0x60 ./hardware/kit/common/drivers/mx25flash_spi.o
                0x0000000000009d28                MX25_DP
 .text.Default_Handler
                0x0000000000009d88        0x4 ./platform/Device/SiliconLabs/EFR32MG13P/Source/GCC/startup_efr32mg13p.o
                0x0000000000009d88                IDAC0_IRQHandler
                0x0000000000009d88                USART0_TX_IRQHandler
                0x0000000000009d88                I2C0_IRQHandler
                0x0000000000009d88                HardFault_Handler
                0x0000000000009d88                SysTick_Handler
                0x0000000000009d88                USART1_RX_IRQHandler
                0x0000000000009d88                PendSV_Handler
                0x0000000000009d88                NMI_Handler
                0x0000000000009d88                I2C1_IRQHandler
                0x0000000000009d88                WTIMER0_IRQHandler
                0x0000000000009d88                CRYPTO0_IRQHandler
                0x0000000000009d88                WDOG0_IRQHandler
                0x0000000000009d88                USART1_TX_IRQHandler
                0x0000000000009d88                SMU_IRQHandler
                0x0000000000009d88                MSC_IRQHandler
                0x0000000000009d88                ADC0_IRQHandler
                0x0000000000009d88                UsageFault_Handler
                0x0000000000009d88                WDOG1_IRQHandler
                0x0000000000009d88                LEUART0_IRQHandler
                0x0000000000009d88                FPUEH_IRQHandler
                0x0000000000009d88                GPIO_EVEN_IRQHandler
                0x0000000000009d88                VDAC0_IRQHandler
                0x0000000000009d88                LDMA_IRQHandler
                0x0000000000009d88                CSEN_IRQHandler
                0x0000000000009d88                CRYPTO1_IRQHandler
                0x0000000000009d88                TIMER0_IRQHandler
                0x0000000000009d88                LETIMER0_IRQHandler
                0x0000000000009d88                TIMER1_IRQHandler
                0x0000000000009d88                TRNG0_IRQHandler
                0x0000000000009d88                USART2_RX_IRQHandler
                0x0000000000009d88                Default_Handler
                0x0000000000009d88                EMU_IRQHandler
                0x0000000000009d88                CRYOTIMER_IRQHandler
                0x0000000000009d88                PCNT0_IRQHandler
                0x0000000000009d88                ACMP0_IRQHandler
                0x0000000000009d88                MemManage_Handler
                0x0000000000009d88                SVC_Handler
                0x0000000000009d88                RTCC_IRQHandler
                0x0000000000009d88                CMU_IRQHandler
                0x0000000000009d88                GPIO_ODD_IRQHandler
                0x0000000000009d88                LESENSE_IRQHandler
                0x0000000000009d88                BusFault_Handler
                0x0000000000009d88                USART2_TX_IRQHandler
                0x0000000000009d88                DebugMon_Handler
 .text.Reset_Handler
                0x0000000000009d8c       0x2c ./platform/Device/SiliconLabs/EFR32MG13P/Source/GCC/startup_efr32mg13p.o
                0x0000000000009d8c                Reset_Handler
 .text.SystemMaxCoreClockGet
                0x0000000000009db8        0x8 ./platform/Device/SiliconLabs/EFR32MG13P/Source/system_efr32mg13p.o
                0x0000000000009db8                SystemMaxCoreClockGet
 .text.SystemHFClockGet
                0x0000000000009dc0       0x50 ./platform/Device/SiliconLabs/EFR32MG13P/Source/system_efr32mg13p.o
                0x0000000000009dc0                SystemHFClockGet
 .text.SystemCoreClockGet
                0x0000000000009e10       0x24 ./platform/Device/SiliconLabs/EFR32MG13P/Source/system_efr32mg13p.o
                0x0000000000009e10                SystemCoreClockGet
 .text.SystemHFXOClockGet
                0x0000000000009e34        0xc ./platform/Device/SiliconLabs/EFR32MG13P/Source/system_efr32mg13p.o
                0x0000000000009e34                SystemHFXOClockGet
 .text.SystemHFXOClockSet
                0x0000000000009e40       0x3c ./platform/Device/SiliconLabs/EFR32MG13P/Source/system_efr32mg13p.o
                0x0000000000009e40                SystemHFXOClockSet
 .text.SystemInit
                0x0000000000009e7c       0x1c ./platform/Device/SiliconLabs/EFR32MG13P/Source/system_efr32mg13p.o
                0x0000000000009e7c                SystemInit
 .text.SystemLFRCOClockGet
                0x0000000000009e98        0x8 ./platform/Device/SiliconLabs/EFR32MG13P/Source/system_efr32mg13p.o
                0x0000000000009e98                SystemLFRCOClockGet
 .text.SystemULFRCOClockGet
                0x0000000000009ea0        0x8 ./platform/Device/SiliconLabs/EFR32MG13P/Source/system_efr32mg13p.o
                0x0000000000009ea0                SystemULFRCOClockGet
 .text.SystemLFXOClockGet
                0x0000000000009ea8        0xc ./platform/Device/SiliconLabs/EFR32MG13P/Source/system_efr32mg13p.o
                0x0000000000009ea8                SystemLFXOClockGet
 .text.SystemLFXOClockSet
                0x0000000000009eb4       0x3c ./platform/Device/SiliconLabs/EFR32MG13P/Source/system_efr32mg13p.o
                0x0000000000009eb4                SystemLFXOClockSet
 .text.sleepCallbackWrapper
                0x0000000000009ef0       0x14 ./platform/emdrv/sleep/src/sleep.o
 .text.enterEMx
                0x0000000000009f04       0x54 ./platform/emdrv/sleep/src/sleep.o
 .text.SLEEP_Init
                0x0000000000009f58       0x40 ./platform/emdrv/sleep/src/sleep.o
                0x0000000000009f58                SLEEP_Init
 .text.SLEEP_Sleep
                0x0000000000009f98       0x70 ./platform/emdrv/sleep/src/sleep.o
                0x0000000000009f98                SLEEP_Sleep
 .text.SLEEP_SleepBlockBegin
                0x000000000000a008       0x18 ./platform/emdrv/sleep/src/sleep.o
                0x000000000000a008                SLEEP_SleepBlockBegin
 .text.SLEEP_SleepBlockEnd
                0x000000000000a020       0x1c ./platform/emdrv/sleep/src/sleep.o
                0x000000000000a020                SLEEP_SleepBlockEnd
 .text.SLEEP_LowestEnergyModeGet
                0x000000000000a03c       0x1c ./platform/emdrv/sleep/src/sleep.o
                0x000000000000a03c                SLEEP_LowestEnergyModeGet
 .text.flashWaitStateControl
                0x000000000000a058       0x5c ./platform/emlib/src/em_cmu.o
 .text.flashWaitStateMax
                0x000000000000a0b4       0x24 ./platform/emlib/src/em_cmu.o
 .text.CMU_OscillatorTuningSet.part.2
                0x000000000000a0d8       0x3c ./platform/emlib/src/em_cmu.o
 .text.CMU_UpdateWaitStates
                0x000000000000a114       0x1c ./platform/emlib/src/em_cmu.o
                0x000000000000a114                CMU_UpdateWaitStates
 .text.CMU_ClockEnable
                0x000000000000a130       0x94 ./platform/emlib/src/em_cmu.o
                0x000000000000a130                CMU_ClockEnable
 .text.CMU_ClockSelectGet
                0x000000000000a1c4       0xc4 ./platform/emlib/src/em_cmu.o
                0x000000000000a1c4                CMU_ClockSelectGet
 .text.lfClkGet
                0x000000000000a288       0x94 ./platform/emlib/src/em_cmu.o
 .text.CMU_ClockFreqGet
                0x000000000000a31c      0x1a8 ./platform/emlib/src/em_cmu.o
                0x000000000000a31c                CMU_ClockFreqGet
 .text.CMU_HFXOInit
                0x000000000000a4c4       0x84 ./platform/emlib/src/em_cmu.o
                0x000000000000a4c4                CMU_HFXOInit
 .text.CMU_LFXOInit
                0x000000000000a548       0x50 ./platform/emlib/src/em_cmu.o
                0x000000000000a548                CMU_LFXOInit
 .text.CMU_OscillatorTuningWait
                0x000000000000a598       0x48 ./platform/emlib/src/em_cmu.o
                0x000000000000a598                CMU_OscillatorTuningWait
 .text.CMU_OscillatorEnable
                0x000000000000a5e0      0x110 ./platform/emlib/src/em_cmu.o
                0x000000000000a5e0                CMU_OscillatorEnable
 .text.CMU_ClockSelectSet
                0x000000000000a6f0      0x2a8 ./platform/emlib/src/em_cmu.o
                0x000000000000a6f0                CMU_ClockSelectSet
 .text.CMU_HFXOAutostartEnable
                0x000000000000a998       0xe4 ./platform/emlib/src/em_cmu.o
                0x000000000000a998                CMU_HFXOAutostartEnable
 .text.CORE_EnterCritical
                0x000000000000aa7c        0x8 ./platform/emlib/src/em_core.o
                0x000000000000aa7c                CORE_EnterCritical
 .text.CORE_ExitCritical
                0x000000000000aa84        0x8 ./platform/emlib/src/em_core.o
                0x000000000000aa84                CORE_ExitCritical
 .text.CORE_EnterAtomic
                0x000000000000aa8c        0x8 ./platform/emlib/src/em_core.o
                0x000000000000aa8c                CORE_EnterAtomic
 .text.CORE_ExitAtomic
                0x000000000000aa94        0x4 ./platform/emlib/src/em_core.o
                0x000000000000aa94                CORE_ExitAtomic
 .text.CORE_SetNvicRamTableHandler
                0x000000000000aa98       0x10 ./platform/emlib/src/em_core.o
                0x000000000000aa98                CORE_SetNvicRamTableHandler
 .text.CORE_InitNvicVectorTable
                0x000000000000aaa8       0x44 ./platform/emlib/src/em_core.o
                0x000000000000aaa8                CORE_InitNvicVectorTable
 .text.CRYPTO_ModulusSet
                0x000000000000aaec       0x38 ./platform/emlib/src/em_crypto.o
                0x000000000000aaec                CRYPTO_ModulusSet
 .text.CRYPTO_KeyRead
                0x000000000000ab24       0x2c ./platform/emlib/src/em_crypto.o
                0x000000000000ab24                CRYPTO_KeyRead
 .text.lpGetDevinfoVrefLowHigh
                0x000000000000ab50       0xdc ./platform/emlib/src/em_emu.o
 .text.vScaleDownEM23Setup
                0x000000000000ac2c       0x30 ./platform/emlib/src/em_emu.o
 .text.vScaleAfterWakeup.part.1
                0x000000000000ac5c       0x20 ./platform/emlib/src/em_emu.o
 .text.lpCmpHystCalibrationLoad.isra.2
                0x000000000000ac7c       0x60 ./platform/emlib/src/em_emu.o
 .text.emState.part.3
                0x000000000000acdc       0xc0 ./platform/emlib/src/em_emu.o
 .text.emState.constprop.5
                0x000000000000ad9c       0x50 ./platform/emlib/src/em_emu.o
 .text.EMU_EnterEM2
                0x000000000000adec       0x4c ./platform/emlib/src/em_emu.o
                0x000000000000adec                EMU_EnterEM2
 .text.EMU_EnterEM3
                0x000000000000ae38       0x68 ./platform/emlib/src/em_emu.o
                0x000000000000ae38                EMU_EnterEM3
 .text.EMU_Save
                0x000000000000aea0        0x4 ./platform/emlib/src/em_emu.o
                0x000000000000aea0                EMU_Save
 .text.EMU_Restore
                0x000000000000aea4        0x4 ./platform/emlib/src/em_emu.o
                0x000000000000aea4                EMU_Restore
 .text.EMU_EnterEM4
                0x000000000000aea8       0x30 ./platform/emlib/src/em_emu.o
                0x000000000000aea8                EMU_EnterEM4
 .text.EMU_VScaleEM01
                0x000000000000aed8       0x78 ./platform/emlib/src/em_emu.o
                0x000000000000aed8                EMU_VScaleEM01
 .text.EMU_VScaleEM01ByClock
                0x000000000000af50       0x50 ./platform/emlib/src/em_emu.o
                0x000000000000af50                EMU_VScaleEM01ByClock
 .text.EMU_EM01Init
                0x000000000000afa0       0x14 ./platform/emlib/src/em_emu.o
                0x000000000000afa0                EMU_EM01Init
 .text.EMU_EM23Init
                0x000000000000afb4       0x24 ./platform/emlib/src/em_emu.o
                0x000000000000afb4                EMU_EM23Init
 .text.EMU_DCDCModeSet
                0x000000000000afd8       0x84 ./platform/emlib/src/em_emu.o
                0x000000000000afd8                EMU_DCDCModeSet
 .text.EMU_DCDCOutputVoltageSet
                0x000000000000b05c      0x16c ./platform/emlib/src/em_emu.o
                0x000000000000b05c                EMU_DCDCOutputVoltageSet
 .text.EMU_DCDCOptimizeSlice
                0x000000000000b1c8       0xf8 ./platform/emlib/src/em_emu.o
                0x000000000000b1c8                EMU_DCDCOptimizeSlice
 .text.EMU_DCDCInit
                0x000000000000b2c0      0x10c ./platform/emlib/src/em_emu.o
                0x000000000000b2c0                EMU_DCDCInit
 .text.EMU_DCDCLnRcoBandSet
                0x000000000000b3cc       0x24 ./platform/emlib/src/em_emu.o
                0x000000000000b3cc                EMU_DCDCLnRcoBandSet
 .text.GPIO_PinModeSet
                0x000000000000b3f0       0x94 ./platform/emlib/src/em_gpio.o
                0x000000000000b3f0                GPIO_PinModeSet
 .text.MSC_Init
                0x000000000000b484       0x20 ./platform/emlib/src/em_msc.o
                0x000000000000b484                MSC_Init
 .text.MSC_Deinit
                0x000000000000b4a4       0x14 ./platform/emlib/src/em_msc.o
                0x000000000000b4a4                MSC_Deinit
 .text.RMU_ResetCauseClear
                0x000000000000b4b8        0xc ./platform/emlib/src/em_rmu.o
                0x000000000000b4b8                RMU_ResetCauseClear
 .text.RMU_ResetCauseGet
                0x000000000000b4c4       0x60 ./platform/emlib/src/em_rmu.o
                0x000000000000b4c4                RMU_ResetCauseGet
 .text.RTCC_Init
                0x000000000000b524       0x64 ./platform/emlib/src/em_rtcc.o
                0x000000000000b524                RTCC_Init
 .text.SYSTEM_ChipRevisionGet
                0x000000000000b588       0x34 ./platform/emlib/src/em_system.o
                0x000000000000b588                SYSTEM_ChipRevisionGet
 .text.USART_BaudrateAsyncSet
                0x000000000000b5bc       0x68 ./platform/emlib/src/em_usart.o
                0x000000000000b5bc                USART_BaudrateAsyncSet
 .text.USART_Enable
                0x000000000000b624       0x10 ./platform/emlib/src/em_usart.o
                0x000000000000b624                USART_Enable
 .text.USART_InitAsync
                0x000000000000b634       0xbc ./platform/emlib/src/em_usart.o
                0x000000000000b634                USART_InitAsync
 .text.USART_InitSync
                0x000000000000b6f0       0xe0 ./platform/emlib/src/em_usart.o
                0x000000000000b6f0                USART_InitSync
 .text.USART_Reset
                0x000000000000b7d0       0x58 ./platform/emlib/src/em_usart.o
                0x000000000000b7d0                USART_Reset
 .text.USART_Rx
                0x000000000000b828        0xc ./platform/emlib/src/em_usart.o
                0x000000000000b828                USART_Rx
 .text.USART_SpiTransfer
                0x000000000000b834       0x14 ./platform/emlib/src/em_usart.o
                0x000000000000b834                USART_SpiTransfer
 .text.USART_Tx
                0x000000000000b848        0xc ./platform/emlib/src/em_usart.o
                0x000000000000b848                USART_Tx
 .text.convert_scan_respone_packet_type.isra.0
                0x000000000000b854       0x44 /Users/clfilho/SimplicityStudio/BLE/BLEDeviceServerAndroid/protocol/bluetooth/lib/EFR32MG13P/GCC/libbluetooth.a(bgapi.c.obj)
 .text.bgapi_ubt_listener
                0x000000000000b898      0x3fc /Users/clfilho/SimplicityStudio/BLE/BLEDeviceServerAndroid/protocol/bluetooth/lib/EFR32MG13P/GCC/libbluetooth.a(bgapi.c.obj)
                0x000000000000b898                bgapi_ubt_listener
 .text.register_message_handler
                0x000000000000bc94        0xc /Users/clfilho/SimplicityStudio/BLE/BLEDeviceServerAndroid/protocol/bluetooth/lib/EFR32MG13P/GCC/libbluetooth.a(bgapi.c.obj)
                0x000000000000bc94                register_message_handler
 .text.bgapi_init
                0x000000000000bca0       0x1c /Users/clfilho/SimplicityStudio/BLE/BLEDeviceServerAndroid/protocol/bluetooth/lib/EFR32MG13P/GCC/libbluetooth.a(bgapi.c.obj)
                0x000000000000bca0                bgapi_init
 .text.bgapi_buffer_init
                0x000000000000bcbc       0x30 /Users/clfilho/SimplicityStudio/BLE/BLEDeviceServerAndroid/protocol/bluetooth/lib/EFR32MG13P/GCC/libbluetooth.a(bgapi.c.obj)
                0x000000000000bcbc                bgapi_buffer_init
 .text.bg_set_max_tx_power
                0x000000000000bcec       0x68 /Users/clfilho/SimplicityStudio/BLE/BLEDeviceServerAndroid/protocol/bluetooth/lib/EFR32MG13P/GCC/libbluetooth.a(bgapi.c.obj)
                0x000000000000bcec                bg_set_max_tx_power
 .text.lib_le_gap_handler_init
                0x000000000000bd54        0x2 /Users/clfilho/SimplicityStudio/BLE/BLEDeviceServerAndroid/protocol/bluetooth/lib/EFR32MG13P/GCC/libbluetooth.a(bgapi_gap.c.obj)
                0x000000000000bd54                lib_le_gap_handler_init
 *fill*         0x000000000000bd56        0x2 
 .text.sli_bt_cmd_le_gap_set_advertise_timing
                0x000000000000bd58       0x3c /Users/clfilho/SimplicityStudio/BLE/BLEDeviceServerAndroid/protocol/bluetooth/lib/EFR32MG13P/GCC/libbluetooth.a(bgapi_gap.c.obj)
                0x000000000000bd58                sli_bt_cmd_le_gap_set_advertise_timing
 .text.sli_bt_cmd_le_gap_start_advertising
                0x000000000000bd94       0x38 /Users/clfilho/SimplicityStudio/BLE/BLEDeviceServerAndroid/protocol/bluetooth/lib/EFR32MG13P/GCC/libbluetooth.a(bgapi_gap.c.obj)
                0x000000000000bd94                sli_bt_cmd_le_gap_start_advertising
 .text.bgapi_gatt_listener
                0x000000000000bdcc      0x28c /Users/clfilho/SimplicityStudio/BLE/BLEDeviceServerAndroid/protocol/bluetooth/lib/EFR32MG13P/GCC/libbluetooth.a(bgapi_gatt.c.obj)
                0x000000000000bdcc                bgapi_gatt_listener
 .text.lib_gatt_handler_init
                0x000000000000c058        0x4 /Users/clfilho/SimplicityStudio/BLE/BLEDeviceServerAndroid/protocol/bluetooth/lib/EFR32MG13P/GCC/libbluetooth.a(bgapi_gatt_lib.c.obj)
                0x000000000000c058                lib_gatt_handler_init
 .text.lib_gatt_server_handler_init
                0x000000000000c05c        0x2 /Users/clfilho/SimplicityStudio/BLE/BLEDeviceServerAndroid/protocol/bluetooth/lib/EFR32MG13P/GCC/libbluetooth.a(bgapi_gatt_lib.c.obj)
                0x000000000000c05c                lib_gatt_server_handler_init
 *fill*         0x000000000000c05e        0x2 
 .text.sli_bt_cmd_gatt_server_send_user_read_response
                0x000000000000c060       0x44 /Users/clfilho/SimplicityStudio/BLE/BLEDeviceServerAndroid/protocol/bluetooth/lib/EFR32MG13P/GCC/libbluetooth.a(bgapi_gatt_lib.c.obj)
                0x000000000000c060                sli_bt_cmd_gatt_server_send_user_read_response
 .text.sli_bt_cmd_gatt_server_send_user_write_response
                0x000000000000c0a4       0x34 /Users/clfilho/SimplicityStudio/BLE/BLEDeviceServerAndroid/protocol/bluetooth/lib/EFR32MG13P/GCC/libbluetooth.a(bgapi_gatt_lib.c.obj)
                0x000000000000c0a4                sli_bt_cmd_gatt_server_send_user_write_response
 .text.sli_bt_cmd_gatt_server_send_characteristic_notification
                0x000000000000c0d8       0x44 /Users/clfilho/SimplicityStudio/BLE/BLEDeviceServerAndroid/protocol/bluetooth/lib/EFR32MG13P/GCC/libbluetooth.a(bgapi_gatt_lib.c.obj)
                0x000000000000c0d8                sli_bt_cmd_gatt_server_send_characteristic_notification
 .text.bgapi_hardware_soft_timer_listener
                0x000000000000c11c       0x68 /Users/clfilho/SimplicityStudio/BLE/BLEDeviceServerAndroid/protocol/bluetooth/lib/EFR32MG13P/GCC/libbluetooth.a(bgapi_hardware.c.obj)
                0x000000000000c11c                bgapi_hardware_soft_timer_listener
 .text.handle_timer_command
                0x000000000000c184       0x80 /Users/clfilho/SimplicityStudio/BLE/BLEDeviceServerAndroid/protocol/bluetooth/lib/EFR32MG13P/GCC/libbluetooth.a(bgapi_hardware.c.obj)
 .text.lib_hardware_handler_init
                0x000000000000c204       0x14 /Users/clfilho/SimplicityStudio/BLE/BLEDeviceServerAndroid/protocol/bluetooth/lib/EFR32MG13P/GCC/libbluetooth.a(bgapi_hardware.c.obj)
                0x000000000000c204                lib_hardware_handler_init
 .text.sli_bt_cmd_hardware_set_soft_timer
                0x000000000000c218       0x34 /Users/clfilho/SimplicityStudio/BLE/BLEDeviceServerAndroid/protocol/bluetooth/lib/EFR32MG13P/GCC/libbluetooth.a(bgapi_hardware.c.obj)
                0x000000000000c218                sli_bt_cmd_hardware_set_soft_timer
 .text.lib_le_connection_handler_init
                0x000000000000c24c        0x2 /Users/clfilho/SimplicityStudio/BLE/BLEDeviceServerAndroid/protocol/bluetooth/lib/EFR32MG13P/GCC/libbluetooth.a(bgapi_le_connection.c.obj)
                0x000000000000c24c                lib_le_connection_handler_init
 .text.bgapi_close_le_connection
                0x000000000000c24e       0x16 /Users/clfilho/SimplicityStudio/BLE/BLEDeviceServerAndroid/protocol/bluetooth/lib/EFR32MG13P/GCC/libbluetooth.a(bgapi_le_connection.c.obj)
                0x000000000000c24e                bgapi_close_le_connection
 .text.sli_bt_cmd_le_connection_close
                0x000000000000c264       0x2c /Users/clfilho/SimplicityStudio/BLE/BLEDeviceServerAndroid/protocol/bluetooth/lib/EFR32MG13P/GCC/libbluetooth.a(bgapi_le_connection.c.obj)
                0x000000000000c264                sli_bt_cmd_le_connection_close
 .text.bgapi_system_listener
                0x000000000000c290       0x30 /Users/clfilho/SimplicityStudio/BLE/BLEDeviceServerAndroid/protocol/bluetooth/lib/EFR32MG13P/GCC/libbluetooth.a(bgapi_system.c.obj)
                0x000000000000c290                bgapi_system_listener
 .text.lib_system_handler_init
                0x000000000000c2c0       0x14 /Users/clfilho/SimplicityStudio/BLE/BLEDeviceServerAndroid/protocol/bluetooth/lib/EFR32MG13P/GCC/libbluetooth.a(bgapi_system.c.obj)
                0x000000000000c2c0                lib_system_handler_init
 .text.sli_bt_cmd_system_reset
                0x000000000000c2d4        0x6 /Users/clfilho/SimplicityStudio/BLE/BLEDeviceServerAndroid/protocol/bluetooth/lib/EFR32MG13P/GCC/libbluetooth.a(bgapi_system.c.obj)
                0x000000000000c2d4                sli_bt_cmd_system_reset
 *fill*         0x000000000000c2da        0x2 
 .text.bgbuf_alloc_int
                0x000000000000c2dc       0x9c /Users/clfilho/SimplicityStudio/BLE/BLEDeviceServerAndroid/protocol/bluetooth/lib/EFR32MG13P/GCC/libbluetooth.a(bgbuf.c.obj)
 .text.bgbuf_init
                0x000000000000c378       0x2c /Users/clfilho/SimplicityStudio/BLE/BLEDeviceServerAndroid/protocol/bluetooth/lib/EFR32MG13P/GCC/libbluetooth.a(bgbuf.c.obj)
                0x000000000000c378                bgbuf_init
 .text.bgbuf_alloc
                0x000000000000c3a4        0xc /Users/clfilho/SimplicityStudio/BLE/BLEDeviceServerAndroid/protocol/bluetooth/lib/EFR32MG13P/GCC/libbluetooth.a(bgbuf.c.obj)
                0x000000000000c3a4                bgbuf_alloc
 .text.bgbuf_alloc_size
                0x000000000000c3b0       0x10 /Users/clfilho/SimplicityStudio/BLE/BLEDeviceServerAndroid/protocol/bluetooth/lib/EFR32MG13P/GCC/libbluetooth.a(bgbuf.c.obj)
                0x000000000000c3b0                bgbuf_alloc_size
 .text.bgbuf_free
                0x000000000000c3c0       0x7c /Users/clfilho/SimplicityStudio/BLE/BLEDeviceServerAndroid/protocol/bluetooth/lib/EFR32MG13P/GCC/libbluetooth.a(bgbuf.c.obj)
                0x000000000000c3c0                bgbuf_free
 .text.bgbuf_append
                0x000000000000c43c       0x16 /Users/clfilho/SimplicityStudio/BLE/BLEDeviceServerAndroid/protocol/bluetooth/lib/EFR32MG13P/GCC/libbluetooth.a(bgbuf.c.obj)
                0x000000000000c43c                bgbuf_append
 .text.bgbuf_append_data
                0x000000000000c452       0x24 /Users/clfilho/SimplicityStudio/BLE/BLEDeviceServerAndroid/protocol/bluetooth/lib/EFR32MG13P/GCC/libbluetooth.a(bgbuf.c.obj)
                0x000000000000c452                bgbuf_append_data
 .text.bgbuf_copy_to
                0x000000000000c476       0x5e /Users/clfilho/SimplicityStudio/BLE/BLEDeviceServerAndroid/protocol/bluetooth/lib/EFR32MG13P/GCC/libbluetooth.a(bgbuf.c.obj)
                0x000000000000c476                bgbuf_copy_to
 .text.bgbuf_chain_free
                0x000000000000c4d4       0x14 /Users/clfilho/SimplicityStudio/BLE/BLEDeviceServerAndroid/protocol/bluetooth/lib/EFR32MG13P/GCC/libbluetooth.a(bgbuf.c.obj)
                0x000000000000c4d4                bgbuf_chain_free
 .text.bgbuf_clone
                0x000000000000c4e8       0x72 /Users/clfilho/SimplicityStudio/BLE/BLEDeviceServerAndroid/protocol/bluetooth/lib/EFR32MG13P/GCC/libbluetooth.a(bgbuf.c.obj)
                0x000000000000c4e8                bgbuf_clone
 .text.bgbuf_chain_pop_packet
                0x000000000000c55a       0x26 /Users/clfilho/SimplicityStudio/BLE/BLEDeviceServerAndroid/protocol/bluetooth/lib/EFR32MG13P/GCC/libbluetooth.a(bgbuf.c.obj)
                0x000000000000c55a                bgbuf_chain_pop_packet
 .text.bgbuf_prepend_no_alloc
                0x000000000000c580       0x40 /Users/clfilho/SimplicityStudio/BLE/BLEDeviceServerAndroid/protocol/bluetooth/lib/EFR32MG13P/GCC/libbluetooth.a(bgbuf.c.obj)
                0x000000000000c580                bgbuf_prepend_no_alloc
 .text.bgbuf_prepend
                0x000000000000c5c0       0x24 /Users/clfilho/SimplicityStudio/BLE/BLEDeviceServerAndroid/protocol/bluetooth/lib/EFR32MG13P/GCC/libbluetooth.a(bgbuf.c.obj)
                0x000000000000c5c0                bgbuf_prepend
 .text.bgbuf_split
                0x000000000000c5e4       0x50 /Users/clfilho/SimplicityStudio/BLE/BLEDeviceServerAndroid/protocol/bluetooth/lib/EFR32MG13P/GCC/libbluetooth.a(bgbuf.c.obj)
                0x000000000000c5e4                bgbuf_split
 .text.bgbuf_chain_get
                0x000000000000c634       0x46 /Users/clfilho/SimplicityStudio/BLE/BLEDeviceServerAndroid/protocol/bluetooth/lib/EFR32MG13P/GCC/libbluetooth.a(bgbuf.c.obj)
                0x000000000000c634                bgbuf_chain_get
 .text.bgbuf_chain_get_head
                0x000000000000c67a       0x10 /Users/clfilho/SimplicityStudio/BLE/BLEDeviceServerAndroid/protocol/bluetooth/lib/EFR32MG13P/GCC/libbluetooth.a(bgbuf.c.obj)
                0x000000000000c67a                bgbuf_chain_get_head
 .text.bgbuf_chain_len
                0x000000000000c68a       0x14 /Users/clfilho/SimplicityStudio/BLE/BLEDeviceServerAndroid/protocol/bluetooth/lib/EFR32MG13P/GCC/libbluetooth.a(bgbuf.c.obj)
                0x000000000000c68a                bgbuf_chain_len
 .text.bgbuf_memcmp
                0x000000000000c69e       0x44 /Users/clfilho/SimplicityStudio/BLE/BLEDeviceServerAndroid/protocol/bluetooth/lib/EFR32MG13P/GCC/libbluetooth.a(bgbuf.c.obj)
                0x000000000000c69e                bgbuf_memcmp
 .text.bgbuf_cmp
                0x000000000000c6e2       0xac /Users/clfilho/SimplicityStudio/BLE/BLEDeviceServerAndroid/protocol/bluetooth/lib/EFR32MG13P/GCC/libbluetooth.a(bgbuf.c.obj)
                0x000000000000c6e2                bgbuf_cmp
 .text.bgbuf_chain_add
                0x000000000000c78e       0x14 /Users/clfilho/SimplicityStudio/BLE/BLEDeviceServerAndroid/protocol/bluetooth/lib/EFR32MG13P/GCC/libbluetooth.a(bgbuf.c.obj)
                0x000000000000c78e                bgbuf_chain_add
 .text.bgbuf_chain_append_data
                0x000000000000c7a2       0x64 /Users/clfilho/SimplicityStudio/BLE/BLEDeviceServerAndroid/protocol/bluetooth/lib/EFR32MG13P/GCC/libbluetooth.a(bgbuf.c.obj)
                0x000000000000c7a2                bgbuf_chain_append_data
 .text.bgbuf_alloc_copy_data
                0x000000000000c806       0x2a /Users/clfilho/SimplicityStudio/BLE/BLEDeviceServerAndroid/protocol/bluetooth/lib/EFR32MG13P/GCC/libbluetooth.a(bgbuf.c.obj)
                0x000000000000c806                bgbuf_alloc_copy_data
 .text.bgbuf_chain_drop
                0x000000000000c830       0x2c /Users/clfilho/SimplicityStudio/BLE/BLEDeviceServerAndroid/protocol/bluetooth/lib/EFR32MG13P/GCC/libbluetooth.a(bgbuf.c.obj)
                0x000000000000c830                bgbuf_chain_drop
 .text.bgbuf_chain_drop_end
                0x000000000000c85c       0x42 /Users/clfilho/SimplicityStudio/BLE/BLEDeviceServerAndroid/protocol/bluetooth/lib/EFR32MG13P/GCC/libbluetooth.a(bgbuf.c.obj)
                0x000000000000c85c                bgbuf_chain_drop_end
 .text.bgbuf_chain_defragment
                0x000000000000c89e       0x8c /Users/clfilho/SimplicityStudio/BLE/BLEDeviceServerAndroid/protocol/bluetooth/lib/EFR32MG13P/GCC/libbluetooth.a(bgbuf.c.obj)
                0x000000000000c89e                bgbuf_chain_defragment
 *fill*         0x000000000000c92a        0x2 
 .text.bgbuf_add_callback
                0x000000000000c92c       0x1c /Users/clfilho/SimplicityStudio/BLE/BLEDeviceServerAndroid/protocol/bluetooth/lib/EFR32MG13P/GCC/libbluetooth.a(bgbuf.c.obj)
                0x000000000000c92c                bgbuf_add_callback
 .text.gecko_init_alloc
                0x000000000000c948       0x38 /Users/clfilho/SimplicityStudio/BLE/BLEDeviceServerAndroid/protocol/bluetooth/lib/EFR32MG13P/GCC/libbluetooth.a(bglib.c.obj)
                0x000000000000c948                gecko_init_alloc
 .text.user_signal_message_handler
                0x000000000000c980       0x2c /Users/clfilho/SimplicityStudio/BLE/BLEDeviceServerAndroid/protocol/bluetooth/lib/EFR32MG13P/GCC/libbluetooth.a(bglib.c.obj)
 .text.gecko_process_event
                0x000000000000c9ac       0x5c /Users/clfilho/SimplicityStudio/BLE/BLEDeviceServerAndroid/protocol/bluetooth/lib/EFR32MG13P/GCC/libbluetooth.a(bglib.c.obj)
 .text.check_ctune_override
                0x000000000000ca08       0x2c /Users/clfilho/SimplicityStudio/BLE/BLEDeviceServerAndroid/protocol/bluetooth/lib/EFR32MG13P/GCC/libbluetooth.a(bglib.c.obj)
                0x000000000000ca08                check_ctune_override
 .text.gecko_stack_init
                0x000000000000ca34      0x250 /Users/clfilho/SimplicityStudio/BLE/BLEDeviceServerAndroid/protocol/bluetooth/lib/EFR32MG13P/GCC/libbluetooth.a(bglib.c.obj)
                0x000000000000ca34                gecko_stack_init
 .text.gecko_wait_event
                0x000000000000cc84        0x6 /Users/clfilho/SimplicityStudio/BLE/BLEDeviceServerAndroid/protocol/bluetooth/lib/EFR32MG13P/GCC/libbluetooth.a(bglib.c.obj)
                0x000000000000cc84                gecko_wait_event
 *fill*         0x000000000000cc8a        0x2 
 .text.gecko_stack_update_callback
                0x000000000000cc8c       0x10 /Users/clfilho/SimplicityStudio/BLE/BLEDeviceServerAndroid/protocol/bluetooth/lib/EFR32MG13P/GCC/libbluetooth.a(bglib.c.obj)
                0x000000000000cc8c                gecko_stack_update_callback
 .text.bootloader_getInfo
                0x000000000000cc9c       0x58 /Users/clfilho/SimplicityStudio/BLE/BLEDeviceServerAndroid/protocol/bluetooth/lib/EFR32MG13P/GCC/libbluetooth.a(btl_interface.c.obj)
                0x000000000000cc9c                bootloader_getInfo
 .text.bg_hal_get_current_ctune
                0x000000000000ccf4       0x14 /Users/clfilho/SimplicityStudio/BLE/BLEDeviceServerAndroid/protocol/bluetooth/lib/EFR32MG13P/GCC/libbluetooth.a(efr32xg1x.c.obj)
                0x000000000000ccf4                bg_hal_get_current_ctune
 .text.bg_hal_set_ctune
                0x000000000000cd08       0x64 /Users/clfilho/SimplicityStudio/BLE/BLEDeviceServerAndroid/protocol/bluetooth/lib/EFR32MG13P/GCC/libbluetooth.a(efr32xg1x.c.obj)
                0x000000000000cd08                bg_hal_set_ctune
 .text.bg_hal_get_le_phys
                0x000000000000cd6c        0x4 /Users/clfilho/SimplicityStudio/BLE/BLEDeviceServerAndroid/protocol/bluetooth/lib/EFR32MG13P/GCC/libbluetooth.a(efr32xg1x.c.obj)
                0x000000000000cd6c                bg_hal_get_le_phys
 .text.bg_hal_has_high_power_pa
                0x000000000000cd70       0x10 /Users/clfilho/SimplicityStudio/BLE/BLEDeviceServerAndroid/protocol/bluetooth/lib/EFR32MG13P/GCC/libbluetooth.a(efr32xg1x.c.obj)
                0x000000000000cd70                bg_hal_has_high_power_pa
 .text.bg_hal_init_hfbus_clocks
                0x000000000000cd80       0x14 /Users/clfilho/SimplicityStudio/BLE/BLEDeviceServerAndroid/protocol/bluetooth/lib/EFR32MG13P/GCC/libbluetooth.a(efr32xg1x.c.obj)
                0x000000000000cd80                bg_hal_init_hfbus_clocks
 .text.gap_is_scanning_or_advertising.part.0
                0x000000000000cd94       0x2c /Users/clfilho/SimplicityStudio/BLE/BLEDeviceServerAndroid/protocol/bluetooth/lib/EFR32MG13P/GCC/libbluetooth.a(gap.c.obj)
 .text.gap_is_resolvable
                0x000000000000cdc0       0x18 /Users/clfilho/SimplicityStudio/BLE/BLEDeviceServerAndroid/protocol/bluetooth/lib/EFR32MG13P/GCC/libbluetooth.a(gap.c.obj)
                0x000000000000cdc0                gap_is_resolvable
 .text.gap_init
                0x000000000000cdd8       0x14 /Users/clfilho/SimplicityStudio/BLE/BLEDeviceServerAndroid/protocol/bluetooth/lib/EFR32MG13P/GCC/libbluetooth.a(gap.c.obj)
                0x000000000000cdd8                gap_init
 .text.gap_reset_state
                0x000000000000cdec       0xac /Users/clfilho/SimplicityStudio/BLE/BLEDeviceServerAndroid/protocol/bluetooth/lib/EFR32MG13P/GCC/libbluetooth.a(gap.c.obj)
                0x000000000000cdec                gap_reset_state
 .text.gap_notify_connection_parameters
                0x000000000000ce98       0x60 /Users/clfilho/SimplicityStudio/BLE/BLEDeviceServerAndroid/protocol/bluetooth/lib/EFR32MG13P/GCC/libbluetooth.a(gap.c.obj)
                0x000000000000ce98                gap_notify_connection_parameters
 .text.gap_connection_complete.part.4
                0x000000000000cef8       0xc8 /Users/clfilho/SimplicityStudio/BLE/BLEDeviceServerAndroid/protocol/bluetooth/lib/EFR32MG13P/GCC/libbluetooth.a(gap.c.obj)
 .text.gap_notify_phy_status
                0x000000000000cfc0       0x3c /Users/clfilho/SimplicityStudio/BLE/BLEDeviceServerAndroid/protocol/bluetooth/lib/EFR32MG13P/GCC/libbluetooth.a(gap.c.obj)
                0x000000000000cfc0                gap_notify_phy_status
 .text.gap_resolver_completed
                0x000000000000cffc       0x90 /Users/clfilho/SimplicityStudio/BLE/BLEDeviceServerAndroid/protocol/bluetooth/lib/EFR32MG13P/GCC/libbluetooth.a(gap.c.obj)
                0x000000000000cffc                gap_resolver_completed
 .text.check_private_address_and_timer
                0x000000000000d08c       0x64 /Users/clfilho/SimplicityStudio/BLE/BLEDeviceServerAndroid/protocol/bluetooth/lib/EFR32MG13P/GCC/libbluetooth.a(gap.c.obj)
                0x000000000000d08c                check_private_address_and_timer
 .text.gap_scan_update
                0x000000000000d0f0       0xb8 /Users/clfilho/SimplicityStudio/BLE/BLEDeviceServerAndroid/protocol/bluetooth/lib/EFR32MG13P/GCC/libbluetooth.a(gap.c.obj)
                0x000000000000d0f0                gap_scan_update
 .text.gap_listener
                0x000000000000d1a8       0xa0 /Users/clfilho/SimplicityStudio/BLE/BLEDeviceServerAndroid/protocol/bluetooth/lib/EFR32MG13P/GCC/libbluetooth.a(gap.c.obj)
                0x000000000000d1a8                gap_listener
 .text.gap_disconnect_acl
                0x000000000000d248       0x12 /Users/clfilho/SimplicityStudio/BLE/BLEDeviceServerAndroid/protocol/bluetooth/lib/EFR32MG13P/GCC/libbluetooth.a(gap.c.obj)
                0x000000000000d248                gap_disconnect_acl
 *fill*         0x000000000000d25a        0x2 
 .text.gap_connection_disconnected
                0x000000000000d25c       0x34 /Users/clfilho/SimplicityStudio/BLE/BLEDeviceServerAndroid/protocol/bluetooth/lib/EFR32MG13P/GCC/libbluetooth.a(gap.c.obj)
                0x000000000000d25c                gap_connection_disconnected
 .text.gap_connection_complete
                0x000000000000d290       0x5c /Users/clfilho/SimplicityStudio/BLE/BLEDeviceServerAndroid/protocol/bluetooth/lib/EFR32MG13P/GCC/libbluetooth.a(gap.c.obj)
                0x000000000000d290                gap_connection_complete
 .text.gap_encryption_changed
                0x000000000000d2ec       0x50 /Users/clfilho/SimplicityStudio/BLE/BLEDeviceServerAndroid/protocol/bluetooth/lib/EFR32MG13P/GCC/libbluetooth.a(gap.c.obj)
                0x000000000000d2ec                gap_encryption_changed
 .text.ubt_gap_set_static_address_identity
                0x000000000000d33c       0x50 /Users/clfilho/SimplicityStudio/BLE/BLEDeviceServerAndroid/protocol/bluetooth/lib/EFR32MG13P/GCC/libbluetooth.a(gap.c.obj)
                0x000000000000d33c                ubt_gap_set_static_address_identity
 .text.ubt_gap_get_identity_address
                0x000000000000d38c       0x1c /Users/clfilho/SimplicityStudio/BLE/BLEDeviceServerAndroid/protocol/bluetooth/lib/EFR32MG13P/GCC/libbluetooth.a(gap.c.obj)
                0x000000000000d38c                ubt_gap_get_identity_address
 .text.gap_acl_new
                0x000000000000d3a8       0x30 /Users/clfilho/SimplicityStudio/BLE/BLEDeviceServerAndroid/protocol/bluetooth/lib/EFR32MG13P/GCC/libbluetooth.a(gap.c.obj)
                0x000000000000d3a8                gap_acl_new
 .text.ubt_gap_get_identity_address_type
                0x000000000000d3d8       0x10 /Users/clfilho/SimplicityStudio/BLE/BLEDeviceServerAndroid/protocol/bluetooth/lib/EFR32MG13P/GCC/libbluetooth.a(gap.c.obj)
                0x000000000000d3d8                ubt_gap_get_identity_address_type
 .text.cache_adv_scan_packet
                0x000000000000d3e8       0x20 /Users/clfilho/SimplicityStudio/BLE/BLEDeviceServerAndroid/protocol/bluetooth/lib/EFR32MG13P/GCC/libbluetooth.a(gap_adv.c.obj)
 .text.bgbuf_chain_append_byte
                0x000000000000d408       0x16 /Users/clfilho/SimplicityStudio/BLE/BLEDeviceServerAndroid/protocol/bluetooth/lib/EFR32MG13P/GCC/libbluetooth.a(gap_adv.c.obj)
 .text.gap_adv_add_attribute
                0x000000000000d41e       0xa6 /Users/clfilho/SimplicityStudio/BLE/BLEDeviceServerAndroid/protocol/bluetooth/lib/EFR32MG13P/GCC/libbluetooth.a(gap_adv.c.obj)
 .text.gap_adv_add_name
                0x000000000000d4c4       0x9e /Users/clfilho/SimplicityStudio/BLE/BLEDeviceServerAndroid/protocol/bluetooth/lib/EFR32MG13P/GCC/libbluetooth.a(gap_adv.c.obj)
 .text.use_legacy_advertising
                0x000000000000d562       0x36 /Users/clfilho/SimplicityStudio/BLE/BLEDeviceServerAndroid/protocol/bluetooth/lib/EFR32MG13P/GCC/libbluetooth.a(gap_adv.c.obj)
 .text.gap_alloc_mem
                0x000000000000d598       0x2c /Users/clfilho/SimplicityStudio/BLE/BLEDeviceServerAndroid/protocol/bluetooth/lib/EFR32MG13P/GCC/libbluetooth.a(gap_adv.c.obj)
                0x000000000000d598                gap_alloc_mem
 .text.gap_adv_terminated_callback
                0x000000000000d5c4       0x60 /Users/clfilho/SimplicityStudio/BLE/BLEDeviceServerAndroid/protocol/bluetooth/lib/EFR32MG13P/GCC/libbluetooth.a(gap_adv.c.obj)
                0x000000000000d5c4                gap_adv_terminated_callback
 .text.gap_create_adv_packets
                0x000000000000d624      0x128 /Users/clfilho/SimplicityStudio/BLE/BLEDeviceServerAndroid/protocol/bluetooth/lib/EFR32MG13P/GCC/libbluetooth.a(gap_adv.c.obj)
                0x000000000000d624                gap_create_adv_packets
 .text.gap_set_advertising_timeout
                0x000000000000d74c       0x7c /Users/clfilho/SimplicityStudio/BLE/BLEDeviceServerAndroid/protocol/bluetooth/lib/EFR32MG13P/GCC/libbluetooth.a(gap_adv.c.obj)
                0x000000000000d74c                gap_set_advertising_timeout
 .text.gap_set_advertising_timing
                0x000000000000d7c8       0x64 /Users/clfilho/SimplicityStudio/BLE/BLEDeviceServerAndroid/protocol/bluetooth/lib/EFR32MG13P/GCC/libbluetooth.a(gap_adv.c.obj)
                0x000000000000d7c8                gap_set_advertising_timing
 .text.gap_get_advertising_scan_report_enable
                0x000000000000d82c       0x24 /Users/clfilho/SimplicityStudio/BLE/BLEDeviceServerAndroid/protocol/bluetooth/lib/EFR32MG13P/GCC/libbluetooth.a(gap_adv.c.obj)
                0x000000000000d82c                gap_get_advertising_scan_report_enable
 .text.gap_adv_update
                0x000000000000d850      0x1d0 /Users/clfilho/SimplicityStudio/BLE/BLEDeviceServerAndroid/protocol/bluetooth/lib/EFR32MG13P/GCC/libbluetooth.a(gap_adv.c.obj)
                0x000000000000d850                gap_adv_update
 .text.gap_stop_advertising
                0x000000000000da20       0x2c /Users/clfilho/SimplicityStudio/BLE/BLEDeviceServerAndroid/protocol/bluetooth/lib/EFR32MG13P/GCC/libbluetooth.a(gap_adv.c.obj)
                0x000000000000da20                gap_stop_advertising
 .text.gap_start_advertising
                0x000000000000da4c      0x11c /Users/clfilho/SimplicityStudio/BLE/BLEDeviceServerAndroid/protocol/bluetooth/lib/EFR32MG13P/GCC/libbluetooth.a(gap_adv.c.obj)
                0x000000000000da4c                gap_start_advertising
 .text.gap_address_resolver_step
                0x000000000000db68       0x94 /Users/clfilho/SimplicityStudio/BLE/BLEDeviceServerAndroid/protocol/bluetooth/lib/EFR32MG13P/GCC/libbluetooth.a(gap_resolver.c.obj)
                0x000000000000db68                gap_address_resolver_step
 .text.gap_resolver_start
                0x000000000000dbfc       0x40 /Users/clfilho/SimplicityStudio/BLE/BLEDeviceServerAndroid/protocol/bluetooth/lib/EFR32MG13P/GCC/libbluetooth.a(gap_resolver.c.obj)
                0x000000000000dbfc                gap_resolver_start
 .text.gap_status_set_scan_packet
                0x000000000000dc3c       0x20 /Users/clfilho/SimplicityStudio/BLE/BLEDeviceServerAndroid/protocol/bluetooth/lib/EFR32MG13P/GCC/libbluetooth.a(gap_scan.c.obj)
                0x000000000000dc3c                gap_status_set_scan_packet
 .text.gat_status_get_scan_packet
                0x000000000000dc5c        0xc /Users/clfilho/SimplicityStudio/BLE/BLEDeviceServerAndroid/protocol/bluetooth/lib/EFR32MG13P/GCC/libbluetooth.a(gap_scan.c.obj)
                0x000000000000dc5c                gat_status_get_scan_packet
 .text.gap_status_set_scan_response
                0x000000000000dc68       0x20 /Users/clfilho/SimplicityStudio/BLE/BLEDeviceServerAndroid/protocol/bluetooth/lib/EFR32MG13P/GCC/libbluetooth.a(gap_scan.c.obj)
                0x000000000000dc68                gap_status_set_scan_response
 .text.gat_status_get_scan_response
                0x000000000000dc88        0xc /Users/clfilho/SimplicityStudio/BLE/BLEDeviceServerAndroid/protocol/bluetooth/lib/EFR32MG13P/GCC/libbluetooth.a(gap_scan.c.obj)
                0x000000000000dc88                gat_status_get_scan_response
 .text.handle_scan_response_callback
                0x000000000000dc94      0x190 /Users/clfilho/SimplicityStudio/BLE/BLEDeviceServerAndroid/protocol/bluetooth/lib/EFR32MG13P/GCC/libbluetooth.a(gap_scan.c.obj)
                0x000000000000dc94                handle_scan_response_callback
 .text.gatt_init
                0x000000000000de24        0xc /Users/clfilho/SimplicityStudio/BLE/BLEDeviceServerAndroid/protocol/bluetooth/lib/EFR32MG13P/GCC/libbluetooth.a(gatt.c.obj)
                0x000000000000de24                gatt_init
 .text.gatt_init_connection
                0x000000000000de30       0x50 /Users/clfilho/SimplicityStudio/BLE/BLEDeviceServerAndroid/protocol/bluetooth/lib/EFR32MG13P/GCC/libbluetooth.a(gatt.c.obj)
                0x000000000000de30                gatt_init_connection
 .text.gatt_free_connection
                0x000000000000de80       0x50 /Users/clfilho/SimplicityStudio/BLE/BLEDeviceServerAndroid/protocol/bluetooth/lib/EFR32MG13P/GCC/libbluetooth.a(gatt.c.obj)
                0x000000000000de80                gatt_free_connection
 .text.send_gatt_mtu_exchanged_event
                0x000000000000ded0       0x2a /Users/clfilho/SimplicityStudio/BLE/BLEDeviceServerAndroid/protocol/bluetooth/lib/EFR32MG13P/GCC/libbluetooth.a(gatt.c.obj)
                0x000000000000ded0                send_gatt_mtu_exchanged_event
 .text.gatt_start_procedure_timeout_timer
                0x000000000000defa       0x16 /Users/clfilho/SimplicityStudio/BLE/BLEDeviceServerAndroid/protocol/bluetooth/lib/EFR32MG13P/GCC/libbluetooth.a(gatt.c.obj)
                0x000000000000defa                gatt_start_procedure_timeout_timer
 .text.gatt_stop_procedure_timeout_timer
                0x000000000000df10        0x6 /Users/clfilho/SimplicityStudio/BLE/BLEDeviceServerAndroid/protocol/bluetooth/lib/EFR32MG13P/GCC/libbluetooth.a(gatt.c.obj)
                0x000000000000df10                gatt_stop_procedure_timeout_timer
 .text.gatt_start_procedure
                0x000000000000df16       0x24 /Users/clfilho/SimplicityStudio/BLE/BLEDeviceServerAndroid/protocol/bluetooth/lib/EFR32MG13P/GCC/libbluetooth.a(gatt.c.obj)
                0x000000000000df16                gatt_start_procedure
 .text.gatt_procedure_timeout
                0x000000000000df3a       0x2e /Users/clfilho/SimplicityStudio/BLE/BLEDeviceServerAndroid/protocol/bluetooth/lib/EFR32MG13P/GCC/libbluetooth.a(gatt.c.obj)
                0x000000000000df3a                gatt_procedure_timeout
 .text.gatt_listener
                0x000000000000df68       0x80 /Users/clfilho/SimplicityStudio/BLE/BLEDeviceServerAndroid/protocol/bluetooth/lib/EFR32MG13P/GCC/libbluetooth.a(gatt.c.obj)
 .text.gatt_get_connection
                0x000000000000dfe8        0xc /Users/clfilho/SimplicityStudio/BLE/BLEDeviceServerAndroid/protocol/bluetooth/lib/EFR32MG13P/GCC/libbluetooth.a(gatt.c.obj)
                0x000000000000dfe8                gatt_get_connection
 .text.gatt_get_next_connection
                0x000000000000dff4       0x1a /Users/clfilho/SimplicityStudio/BLE/BLEDeviceServerAndroid/protocol/bluetooth/lib/EFR32MG13P/GCC/libbluetooth.a(gatt.c.obj)
                0x000000000000dff4                gatt_get_next_connection
 .text.free_params_data
                0x000000000000e00e       0x16 /Users/clfilho/SimplicityStudio/BLE/BLEDeviceServerAndroid/protocol/bluetooth/lib/EFR32MG13P/GCC/libbluetooth.a(gatt_client.c.obj)
 .text.alloc_params_data
                0x000000000000e024       0x2c /Users/clfilho/SimplicityStudio/BLE/BLEDeviceServerAndroid/protocol/bluetooth/lib/EFR32MG13P/GCC/libbluetooth.a(gatt_client.c.obj)
 .text.should_start_long_read
                0x000000000000e050       0x36 /Users/clfilho/SimplicityStudio/BLE/BLEDeviceServerAndroid/protocol/bluetooth/lib/EFR32MG13P/GCC/libbluetooth.a(gatt_client.c.obj)
 .text.send_service_event
                0x000000000000e086       0x4a /Users/clfilho/SimplicityStudio/BLE/BLEDeviceServerAndroid/protocol/bluetooth/lib/EFR32MG13P/GCC/libbluetooth.a(gatt_client.c.obj)
 .text.send_descriptor_value_event
                0x000000000000e0d0       0x3c /Users/clfilho/SimplicityStudio/BLE/BLEDeviceServerAndroid/protocol/bluetooth/lib/EFR32MG13P/GCC/libbluetooth.a(gatt_client.c.obj)
 .text.end_procedure
                0x000000000000e10c       0x3c /Users/clfilho/SimplicityStudio/BLE/BLEDeviceServerAndroid/protocol/bluetooth/lib/EFR32MG13P/GCC/libbluetooth.a(gatt_client.c.obj)
 .text.abort_long_write
                0x000000000000e148       0x20 /Users/clfilho/SimplicityStudio/BLE/BLEDeviceServerAndroid/protocol/bluetooth/lib/EFR32MG13P/GCC/libbluetooth.a(gatt_client.c.obj)
 .text.send_characteristic_value_event
                0x000000000000e168       0x72 /Users/clfilho/SimplicityStudio/BLE/BLEDeviceServerAndroid/protocol/bluetooth/lib/EFR32MG13P/GCC/libbluetooth.a(gatt_client.c.obj)
 .text.write_value
                0x000000000000e1da       0x4a /Users/clfilho/SimplicityStudio/BLE/BLEDeviceServerAndroid/protocol/bluetooth/lib/EFR32MG13P/GCC/libbluetooth.a(gatt_client.c.obj)
 .text.gatt_find_included_services_handler
                0x000000000000e224       0xb0 /Users/clfilho/SimplicityStudio/BLE/BLEDeviceServerAndroid/protocol/bluetooth/lib/EFR32MG13P/GCC/libbluetooth.a(gatt_client.c.obj)
                0x000000000000e224                gatt_find_included_services_handler
 .text.gatt_handle_exchange_mtu_rsp
                0x000000000000e2d4       0x48 /Users/clfilho/SimplicityStudio/BLE/BLEDeviceServerAndroid/protocol/bluetooth/lib/EFR32MG13P/GCC/libbluetooth.a(gatt_client.c.obj)
                0x000000000000e2d4                gatt_handle_exchange_mtu_rsp
 .text.gatt_handle_find_information_response
                0x000000000000e31c      0x152 /Users/clfilho/SimplicityStudio/BLE/BLEDeviceServerAndroid/protocol/bluetooth/lib/EFR32MG13P/GCC/libbluetooth.a(gatt_client.c.obj)
                0x000000000000e31c                gatt_handle_find_information_response
 .text.gatt_handle_find_by_type_value_response
                0x000000000000e46e       0xa0 /Users/clfilho/SimplicityStudio/BLE/BLEDeviceServerAndroid/protocol/bluetooth/lib/EFR32MG13P/GCC/libbluetooth.a(gatt_client.c.obj)
                0x000000000000e46e                gatt_handle_find_by_type_value_response
 *fill*         0x000000000000e50e        0x2 
 .text.gatt_handle_read_response
                0x000000000000e510       0xe4 /Users/clfilho/SimplicityStudio/BLE/BLEDeviceServerAndroid/protocol/bluetooth/lib/EFR32MG13P/GCC/libbluetooth.a(gatt_client.c.obj)
                0x000000000000e510                gatt_handle_read_response
 .text.read_long_value_handler
                0x000000000000e5f4       0x72 /Users/clfilho/SimplicityStudio/BLE/BLEDeviceServerAndroid/protocol/bluetooth/lib/EFR32MG13P/GCC/libbluetooth.a(gatt_client.c.obj)
 .text.gatt_handle_read_blob_response
                0x000000000000e666       0x36 /Users/clfilho/SimplicityStudio/BLE/BLEDeviceServerAndroid/protocol/bluetooth/lib/EFR32MG13P/GCC/libbluetooth.a(gatt_client.c.obj)
                0x000000000000e666                gatt_handle_read_blob_response
 .text.gatt_handle_read_multiple_response
                0x000000000000e69c       0x3c /Users/clfilho/SimplicityStudio/BLE/BLEDeviceServerAndroid/protocol/bluetooth/lib/EFR32MG13P/GCC/libbluetooth.a(gatt_client.c.obj)
                0x000000000000e69c                gatt_handle_read_multiple_response
 .text.gatt_handle_read_by_type_response
                0x000000000000e6d8      0x148 /Users/clfilho/SimplicityStudio/BLE/BLEDeviceServerAndroid/protocol/bluetooth/lib/EFR32MG13P/GCC/libbluetooth.a(gatt_client.c.obj)
                0x000000000000e6d8                gatt_handle_read_by_type_response
 .text.gatt_handle_read_by_group_type_response
                0x000000000000e820       0xaa /Users/clfilho/SimplicityStudio/BLE/BLEDeviceServerAndroid/protocol/bluetooth/lib/EFR32MG13P/GCC/libbluetooth.a(gatt_client.c.obj)
                0x000000000000e820                gatt_handle_read_by_group_type_response
 .text.gatt_handle_write_response
                0x000000000000e8ca       0x14 /Users/clfilho/SimplicityStudio/BLE/BLEDeviceServerAndroid/protocol/bluetooth/lib/EFR32MG13P/GCC/libbluetooth.a(gatt_client.c.obj)
                0x000000000000e8ca                gatt_handle_write_response
 .text.gatt_handle_prepare_write_response
                0x000000000000e8de       0xb6 /Users/clfilho/SimplicityStudio/BLE/BLEDeviceServerAndroid/protocol/bluetooth/lib/EFR32MG13P/GCC/libbluetooth.a(gatt_client.c.obj)
                0x000000000000e8de                gatt_handle_prepare_write_response
 .text.gatt_handle_execute_write_response
                0x000000000000e994       0x3c /Users/clfilho/SimplicityStudio/BLE/BLEDeviceServerAndroid/protocol/bluetooth/lib/EFR32MG13P/GCC/libbluetooth.a(gatt_client.c.obj)
                0x000000000000e994                gatt_handle_execute_write_response
 .text.gatt_client_handle_value_notification
                0x000000000000e9d0       0x12 /Users/clfilho/SimplicityStudio/BLE/BLEDeviceServerAndroid/protocol/bluetooth/lib/EFR32MG13P/GCC/libbluetooth.a(gatt_client.c.obj)
                0x000000000000e9d0                gatt_client_handle_value_notification
 .text.gatt_client_handle_value_indication
                0x000000000000e9e2       0x14 /Users/clfilho/SimplicityStudio/BLE/BLEDeviceServerAndroid/protocol/bluetooth/lib/EFR32MG13P/GCC/libbluetooth.a(gatt_client.c.obj)
                0x000000000000e9e2                gatt_client_handle_value_indication
 *fill*         0x000000000000e9f6        0x2 
 .text.gatt_client_init
                0x000000000000e9f8        0xc /Users/clfilho/SimplicityStudio/BLE/BLEDeviceServerAndroid/protocol/bluetooth/lib/EFR32MG13P/GCC/libbluetooth.a(gatt_client.c.obj)
                0x000000000000e9f8                gatt_client_init
 .text.get_att_uuid16
                0x000000000000ea04       0x24 /Users/clfilho/SimplicityStudio/BLE/BLEDeviceServerAndroid/protocol/bluetooth/lib/EFR32MG13P/GCC/libbluetooth.a(gatt_db_minimal.c.obj)
 .text.get_client_conf
                0x000000000000ea28       0x24 /Users/clfilho/SimplicityStudio/BLE/BLEDeviceServerAndroid/protocol/bluetooth/lib/EFR32MG13P/GCC/libbluetooth.a(gatt_db_minimal.c.obj)
 .text.gatt_db_set_db
                0x000000000000ea4c       0x14 /Users/clfilho/SimplicityStudio/BLE/BLEDeviceServerAndroid/protocol/bluetooth/lib/EFR32MG13P/GCC/libbluetooth.a(gatt_db_minimal.c.obj)
                0x000000000000ea4c                gatt_db_set_db
 .text.gatt_db_invalidate_hash
                0x000000000000ea60       0x10 /Users/clfilho/SimplicityStudio/BLE/BLEDeviceServerAndroid/protocol/bluetooth/lib/EFR32MG13P/GCC/libbluetooth.a(gatt_db_minimal.c.obj)
                0x000000000000ea60                gatt_db_invalidate_hash
 .text.gatt_db_set_client_features
                0x000000000000ea70       0x1c /Users/clfilho/SimplicityStudio/BLE/BLEDeviceServerAndroid/protocol/bluetooth/lib/EFR32MG13P/GCC/libbluetooth.a(gatt_db_minimal.c.obj)
                0x000000000000ea70                gatt_db_set_client_features
 .text.gatt_db_handle_inrange
                0x000000000000ea8c       0x18 /Users/clfilho/SimplicityStudio/BLE/BLEDeviceServerAndroid/protocol/bluetooth/lib/EFR32MG13P/GCC/libbluetooth.a(gatt_db_minimal.c.obj)
                0x000000000000ea8c                gatt_db_handle_inrange
 .text.gatt_db_handle_active
                0x000000000000eaa4       0x30 /Users/clfilho/SimplicityStudio/BLE/BLEDeviceServerAndroid/protocol/bluetooth/lib/EFR32MG13P/GCC/libbluetooth.a(gatt_db_minimal.c.obj)
                0x000000000000eaa4                gatt_db_handle_active
 .text.get_client_conf_index
                0x000000000000ead4       0x44 /Users/clfilho/SimplicityStudio/BLE/BLEDeviceServerAndroid/protocol/bluetooth/lib/EFR32MG13P/GCC/libbluetooth.a(gatt_db_minimal.c.obj)
 .text.gatt_db_get_char_properties
                0x000000000000eb18       0x44 /Users/clfilho/SimplicityStudio/BLE/BLEDeviceServerAndroid/protocol/bluetooth/lib/EFR32MG13P/GCC/libbluetooth.a(gatt_db_minimal.c.obj)
                0x000000000000eb18                gatt_db_get_char_properties
 .text.gatt_db_user_value
                0x000000000000eb5c       0x1c /Users/clfilho/SimplicityStudio/BLE/BLEDeviceServerAndroid/protocol/bluetooth/lib/EFR32MG13P/GCC/libbluetooth.a(gatt_db_minimal.c.obj)
                0x000000000000eb5c                gatt_db_user_value
 .text.gatt_db_load_client_conf
                0x000000000000eb78       0x32 /Users/clfilho/SimplicityStudio/BLE/BLEDeviceServerAndroid/protocol/bluetooth/lib/EFR32MG13P/GCC/libbluetooth.a(gatt_db_minimal.c.obj)
                0x000000000000eb78                gatt_db_load_client_conf
 *fill*         0x000000000000ebaa        0x2 
 .text.gatt_db_get_client_conf
                0x000000000000ebac       0x68 /Users/clfilho/SimplicityStudio/BLE/BLEDeviceServerAndroid/protocol/bluetooth/lib/EFR32MG13P/GCC/libbluetooth.a(gatt_db_minimal.c.obj)
                0x000000000000ebac                gatt_db_get_client_conf
 .text.gatt_db_get_att_len
                0x000000000000ec14       0x3c /Users/clfilho/SimplicityStudio/BLE/BLEDeviceServerAndroid/protocol/bluetooth/lib/EFR32MG13P/GCC/libbluetooth.a(gatt_db_minimal.c.obj)
                0x000000000000ec14                gatt_db_get_att_len
 .text.gatt_db_check_permissions
                0x000000000000ec50      0x124 /Users/clfilho/SimplicityStudio/BLE/BLEDeviceServerAndroid/protocol/bluetooth/lib/EFR32MG13P/GCC/libbluetooth.a(gatt_db_minimal.c.obj)
                0x000000000000ec50                gatt_db_check_permissions
 .text.gatt_db_get_data
                0x000000000000ed74       0xa0 /Users/clfilho/SimplicityStudio/BLE/BLEDeviceServerAndroid/protocol/bluetooth/lib/EFR32MG13P/GCC/libbluetooth.a(gatt_db_minimal.c.obj)
                0x000000000000ed74                gatt_db_get_data
 .text.gatt_db_set_hash
                0x000000000000ee14      0x104 /Users/clfilho/SimplicityStudio/BLE/BLEDeviceServerAndroid/protocol/bluetooth/lib/EFR32MG13P/GCC/libbluetooth.a(gatt_db_minimal.c.obj)
                0x000000000000ee14                gatt_db_set_hash
 .text.gatt_db_find_attribute_by_type
                0x000000000000ef18       0x38 /Users/clfilho/SimplicityStudio/BLE/BLEDeviceServerAndroid/protocol/bluetooth/lib/EFR32MG13P/GCC/libbluetooth.a(gatt_db_minimal.c.obj)
                0x000000000000ef18                gatt_db_find_attribute_by_type
 .text.gatt_db_find_group_end
                0x000000000000ef50       0x48 /Users/clfilho/SimplicityStudio/BLE/BLEDeviceServerAndroid/protocol/bluetooth/lib/EFR32MG13P/GCC/libbluetooth.a(gatt_db_minimal.c.obj)
                0x000000000000ef50                gatt_db_find_group_end
 .text.gatt_db_find_by_type_value
                0x000000000000ef98       0x90 /Users/clfilho/SimplicityStudio/BLE/BLEDeviceServerAndroid/protocol/bluetooth/lib/EFR32MG13P/GCC/libbluetooth.a(gatt_db_minimal.c.obj)
                0x000000000000ef98                gatt_db_find_by_type_value
 .text.gatt_db_populate_adv_services
                0x000000000000f028      0x164 /Users/clfilho/SimplicityStudio/BLE/BLEDeviceServerAndroid/protocol/bluetooth/lib/EFR32MG13P/GCC/libbluetooth.a(gatt_db_minimal.c.obj)
                0x000000000000f028                gatt_db_populate_adv_services
 .text.gatt_db_get_attribute_type
                0x000000000000f18c       0x34 /Users/clfilho/SimplicityStudio/BLE/BLEDeviceServerAndroid/protocol/bluetooth/lib/EFR32MG13P/GCC/libbluetooth.a(gatt_db_minimal.c.obj)
                0x000000000000f18c                gatt_db_get_attribute_type
 .text.gatt_db_get_16bit_char_handle
                0x000000000000f1c0       0x26 /Users/clfilho/SimplicityStudio/BLE/BLEDeviceServerAndroid/protocol/bluetooth/lib/EFR32MG13P/GCC/libbluetooth.a(gatt_db_minimal.c.obj)
                0x000000000000f1c0                gatt_db_get_16bit_char_handle
 .text.set_client_conf.part.2
                0x000000000000f1e6       0x7e /Users/clfilho/SimplicityStudio/BLE/BLEDeviceServerAndroid/protocol/bluetooth/lib/EFR32MG13P/GCC/libbluetooth.a(gatt_db_minimal.c.obj)
 .text.gatt_db_set_data
                0x000000000000f264      0x160 /Users/clfilho/SimplicityStudio/BLE/BLEDeviceServerAndroid/protocol/bluetooth/lib/EFR32MG13P/GCC/libbluetooth.a(gatt_db_minimal.c.obj)
                0x000000000000f264                gatt_db_set_data
 .text.gatt_db_reset_client_conf
                0x000000000000f3c4       0x50 /Users/clfilho/SimplicityStudio/BLE/BLEDeviceServerAndroid/protocol/bluetooth/lib/EFR32MG13P/GCC/libbluetooth.a(gatt_db_minimal.c.obj)
                0x000000000000f3c4                gatt_db_reset_client_conf
 .text.send_user_read_request_event
                0x000000000000f414       0x32 /Users/clfilho/SimplicityStudio/BLE/BLEDeviceServerAndroid/protocol/bluetooth/lib/EFR32MG13P/GCC/libbluetooth.a(gatt_server.c.obj)
 .text.send_user_write_request_event
                0x000000000000f446       0x3a /Users/clfilho/SimplicityStudio/BLE/BLEDeviceServerAndroid/protocol/bluetooth/lib/EFR32MG13P/GCC/libbluetooth.a(gatt_server.c.obj)
 .text.send_execute_write_completed_event
                0x000000000000f480       0x2a /Users/clfilho/SimplicityStudio/BLE/BLEDeviceServerAndroid/protocol/bluetooth/lib/EFR32MG13P/GCC/libbluetooth.a(gatt_server.c.obj)
 .text.finish_read_req
                0x000000000000f4aa       0x96 /Users/clfilho/SimplicityStudio/BLE/BLEDeviceServerAndroid/protocol/bluetooth/lib/EFR32MG13P/GCC/libbluetooth.a(gatt_server.c.obj)
 .text.handle_read_req
                0x000000000000f540       0xa4 /Users/clfilho/SimplicityStudio/BLE/BLEDeviceServerAndroid/protocol/bluetooth/lib/EFR32MG13P/GCC/libbluetooth.a(gatt_server.c.obj)
 .text.finish_execute_write_req
                0x000000000000f5e4       0xa8 /Users/clfilho/SimplicityStudio/BLE/BLEDeviceServerAndroid/protocol/bluetooth/lib/EFR32MG13P/GCC/libbluetooth.a(gatt_server.c.obj)
 .text.send_notification
                0x000000000000f68c       0x7e /Users/clfilho/SimplicityStudio/BLE/BLEDeviceServerAndroid/protocol/bluetooth/lib/EFR32MG13P/GCC/libbluetooth.a(gatt_server.c.obj)
 .text.gatt_server_send_attribute_value_event
                0x000000000000f70a       0x3a /Users/clfilho/SimplicityStudio/BLE/BLEDeviceServerAndroid/protocol/bluetooth/lib/EFR32MG13P/GCC/libbluetooth.a(gatt_server.c.obj)
                0x000000000000f70a                gatt_server_send_attribute_value_event
 .text.gatt_server_send_characteristic_status_event
                0x000000000000f744       0x32 /Users/clfilho/SimplicityStudio/BLE/BLEDeviceServerAndroid/protocol/bluetooth/lib/EFR32MG13P/GCC/libbluetooth.a(gatt_server.c.obj)
                0x000000000000f744                gatt_server_send_characteristic_status_event
 *fill*         0x000000000000f776        0x2 
 .text.gatt_server_handle_exchange_mtu_req
                0x000000000000f778       0x3c /Users/clfilho/SimplicityStudio/BLE/BLEDeviceServerAndroid/protocol/bluetooth/lib/EFR32MG13P/GCC/libbluetooth.a(gatt_server.c.obj)
                0x000000000000f778                gatt_server_handle_exchange_mtu_req
 .text.gatt_server_handle_read_by_group_type
                0x000000000000f7b4      0x120 /Users/clfilho/SimplicityStudio/BLE/BLEDeviceServerAndroid/protocol/bluetooth/lib/EFR32MG13P/GCC/libbluetooth.a(gatt_server.c.obj)
                0x000000000000f7b4                gatt_server_handle_read_by_group_type
 .text.gatt_server_handle_read_by_type
                0x000000000000f8d4      0x184 /Users/clfilho/SimplicityStudio/BLE/BLEDeviceServerAndroid/protocol/bluetooth/lib/EFR32MG13P/GCC/libbluetooth.a(gatt_server.c.obj)
                0x000000000000f8d4                gatt_server_handle_read_by_type
 .text.gatt_server_handle_find_information
                0x000000000000fa58       0xe2 /Users/clfilho/SimplicityStudio/BLE/BLEDeviceServerAndroid/protocol/bluetooth/lib/EFR32MG13P/GCC/libbluetooth.a(gatt_server.c.obj)
                0x000000000000fa58                gatt_server_handle_find_information
 .text.gatt_server_handle_find_by_type_value_req
                0x000000000000fb3a       0xc8 /Users/clfilho/SimplicityStudio/BLE/BLEDeviceServerAndroid/protocol/bluetooth/lib/EFR32MG13P/GCC/libbluetooth.a(gatt_server.c.obj)
                0x000000000000fb3a                gatt_server_handle_find_by_type_value_req
 .text.gatt_server_handle_read_req
                0x000000000000fc02        0xc /Users/clfilho/SimplicityStudio/BLE/BLEDeviceServerAndroid/protocol/bluetooth/lib/EFR32MG13P/GCC/libbluetooth.a(gatt_server.c.obj)
                0x000000000000fc02                gatt_server_handle_read_req
 .text.gatt_server_handle_read_blob_req
                0x000000000000fc0e        0xa /Users/clfilho/SimplicityStudio/BLE/BLEDeviceServerAndroid/protocol/bluetooth/lib/EFR32MG13P/GCC/libbluetooth.a(gatt_server.c.obj)
                0x000000000000fc0e                gatt_server_handle_read_blob_req
 .text.gatt_server_handle_read_multiple_req
                0x000000000000fc18       0xee /Users/clfilho/SimplicityStudio/BLE/BLEDeviceServerAndroid/protocol/bluetooth/lib/EFR32MG13P/GCC/libbluetooth.a(gatt_server.c.obj)
                0x000000000000fc18                gatt_server_handle_read_multiple_req
 .text.gatt_server_handle_write_req
                0x000000000000fd06       0x96 /Users/clfilho/SimplicityStudio/BLE/BLEDeviceServerAndroid/protocol/bluetooth/lib/EFR32MG13P/GCC/libbluetooth.a(gatt_server.c.obj)
                0x000000000000fd06                gatt_server_handle_write_req
 .text.gatt_server_handle_write_cmd
                0x000000000000fd9c       0x84 /Users/clfilho/SimplicityStudio/BLE/BLEDeviceServerAndroid/protocol/bluetooth/lib/EFR32MG13P/GCC/libbluetooth.a(gatt_server.c.obj)
                0x000000000000fd9c                gatt_server_handle_write_cmd
 .text.gatt_server_handle_prepare_write_req
                0x000000000000fe20       0xa4 /Users/clfilho/SimplicityStudio/BLE/BLEDeviceServerAndroid/protocol/bluetooth/lib/EFR32MG13P/GCC/libbluetooth.a(gatt_server.c.obj)
                0x000000000000fe20                gatt_server_handle_prepare_write_req
 .text.gatt_server_handle_execute_write_req
                0x000000000000fec4       0x28 /Users/clfilho/SimplicityStudio/BLE/BLEDeviceServerAndroid/protocol/bluetooth/lib/EFR32MG13P/GCC/libbluetooth.a(gatt_server.c.obj)
                0x000000000000fec4                gatt_server_handle_execute_write_req
 .text.gatt_server_handle_value_cfm
                0x000000000000feec       0x48 /Users/clfilho/SimplicityStudio/BLE/BLEDeviceServerAndroid/protocol/bluetooth/lib/EFR32MG13P/GCC/libbluetooth.a(gatt_server.c.obj)
                0x000000000000feec                gatt_server_handle_value_cfm
 .text.gatt_server_send_characteristic_notification
                0x000000000000ff34       0x82 /Users/clfilho/SimplicityStudio/BLE/BLEDeviceServerAndroid/protocol/bluetooth/lib/EFR32MG13P/GCC/libbluetooth.a(gatt_server.c.obj)
                0x000000000000ff34                gatt_server_send_characteristic_notification
 .text.gatt_server_send_user_read_response
                0x000000000000ffb6       0x62 /Users/clfilho/SimplicityStudio/BLE/BLEDeviceServerAndroid/protocol/bluetooth/lib/EFR32MG13P/GCC/libbluetooth.a(gatt_server.c.obj)
                0x000000000000ffb6                gatt_server_send_user_read_response
 .text.gatt_server_send_user_write_response
                0x0000000000010018       0x7c /Users/clfilho/SimplicityStudio/BLE/BLEDeviceServerAndroid/protocol/bluetooth/lib/EFR32MG13P/GCC/libbluetooth.a(gatt_server.c.obj)
                0x0000000000010018                gatt_server_send_user_write_response
 .text.gatt_server_report_gattdb_change
                0x0000000000010094       0x5c /Users/clfilho/SimplicityStudio/BLE/BLEDeviceServerAndroid/protocol/bluetooth/lib/EFR32MG13P/GCC/libbluetooth.a(gatt_server.c.obj)
                0x0000000000010094                gatt_server_report_gattdb_change
 .text.gatt_server_report_client_config
                0x00000000000100f0       0xa8 /Users/clfilho/SimplicityStudio/BLE/BLEDeviceServerAndroid/protocol/bluetooth/lib/EFR32MG13P/GCC/libbluetooth.a(gatt_server.c.obj)
                0x00000000000100f0                gatt_server_report_client_config
 .text.handle_database_changed.part.3
                0x0000000000010198       0x70 /Users/clfilho/SimplicityStudio/BLE/BLEDeviceServerAndroid/protocol/bluetooth/lib/EFR32MG13P/GCC/libbluetooth.a(gatt_server.c.obj)
 .text.gatt_server_handle_att
                0x0000000000010208      0x262 /Users/clfilho/SimplicityStudio/BLE/BLEDeviceServerAndroid/protocol/bluetooth/lib/EFR32MG13P/GCC/libbluetooth.a(gatt_server.c.obj)
                0x0000000000010208                gatt_server_handle_att
 .text.gatt_set_gattdb
                0x000000000001046a       0x34 /Users/clfilho/SimplicityStudio/BLE/BLEDeviceServerAndroid/protocol/bluetooth/lib/EFR32MG13P/GCC/libbluetooth.a(gatt_server.c.obj)
                0x000000000001046a                gatt_set_gattdb
 .text.gatt_server_enter_att_handling
                0x000000000001049e        0xa /Users/clfilho/SimplicityStudio/BLE/BLEDeviceServerAndroid/protocol/bluetooth/lib/EFR32MG13P/GCC/libbluetooth.a(gatt_server.c.obj)
                0x000000000001049e                gatt_server_enter_att_handling
 .text.gatt_server_leave_att_handling
                0x00000000000104a8        0xa /Users/clfilho/SimplicityStudio/BLE/BLEDeviceServerAndroid/protocol/bluetooth/lib/EFR32MG13P/GCC/libbluetooth.a(gatt_server.c.obj)
                0x00000000000104a8                gatt_server_leave_att_handling
 .text.gatt_server_att_handling
                0x00000000000104b2        0x8 /Users/clfilho/SimplicityStudio/BLE/BLEDeviceServerAndroid/protocol/bluetooth/lib/EFR32MG13P/GCC/libbluetooth.a(gatt_server.c.obj)
                0x00000000000104b2                gatt_server_att_handling
 .text.gecko_bgapi_class_dfu_init
                0x00000000000104ba       0x12 /Users/clfilho/SimplicityStudio/BLE/BLEDeviceServerAndroid/protocol/bluetooth/lib/EFR32MG13P/GCC/libbluetooth.a(gecko_bgapi_dfu.c.obj)
                0x00000000000104ba                gecko_bgapi_class_dfu_init
 .text.gecko_bgapi_class_endpoint_init
                0x00000000000104cc       0x12 /Users/clfilho/SimplicityStudio/BLE/BLEDeviceServerAndroid/protocol/bluetooth/lib/EFR32MG13P/GCC/libbluetooth.a(gecko_bgapi_endpoint.c.obj)
                0x00000000000104cc                gecko_bgapi_class_endpoint_init
 .text.gecko_bgapi_class_flash_init
                0x00000000000104de       0x12 /Users/clfilho/SimplicityStudio/BLE/BLEDeviceServerAndroid/protocol/bluetooth/lib/EFR32MG13P/GCC/libbluetooth.a(gecko_bgapi_flash.c.obj)
                0x00000000000104de                gecko_bgapi_class_flash_init
 .text.gecko_bgapi_class_le_gap_init
                0x00000000000104f0       0x12 /Users/clfilho/SimplicityStudio/BLE/BLEDeviceServerAndroid/protocol/bluetooth/lib/EFR32MG13P/GCC/libbluetooth.a(gecko_bgapi_gap.c.obj)
                0x00000000000104f0                gecko_bgapi_class_le_gap_init
 .text.gecko_bgapi_class_gatt_init
                0x0000000000010502       0x12 /Users/clfilho/SimplicityStudio/BLE/BLEDeviceServerAndroid/protocol/bluetooth/lib/EFR32MG13P/GCC/libbluetooth.a(gecko_bgapi_gatt.c.obj)
                0x0000000000010502                gecko_bgapi_class_gatt_init
 .text.gecko_bgapi_class_gatt_server_init
                0x0000000000010514       0x12 /Users/clfilho/SimplicityStudio/BLE/BLEDeviceServerAndroid/protocol/bluetooth/lib/EFR32MG13P/GCC/libbluetooth.a(gecko_bgapi_gatt_server.c.obj)
                0x0000000000010514                gecko_bgapi_class_gatt_server_init
 .text.gecko_bgapi_class_hardware_init
                0x0000000000010526       0x12 /Users/clfilho/SimplicityStudio/BLE/BLEDeviceServerAndroid/protocol/bluetooth/lib/EFR32MG13P/GCC/libbluetooth.a(gecko_bgapi_hardware.c.obj)
                0x0000000000010526                gecko_bgapi_class_hardware_init
 .text.gecko_bgapi_class_le_connection_init
                0x0000000000010538       0x12 /Users/clfilho/SimplicityStudio/BLE/BLEDeviceServerAndroid/protocol/bluetooth/lib/EFR32MG13P/GCC/libbluetooth.a(gecko_bgapi_le_connection.c.obj)
                0x0000000000010538                gecko_bgapi_class_le_connection_init
 .text.gecko_bgapi_class_sm_init
                0x000000000001054a       0x12 /Users/clfilho/SimplicityStudio/BLE/BLEDeviceServerAndroid/protocol/bluetooth/lib/EFR32MG13P/GCC/libbluetooth.a(gecko_bgapi_sm.c.obj)
                0x000000000001054a                gecko_bgapi_class_sm_init
 .text.gecko_bgapi_class_system_init
                0x000000000001055c       0x12 /Users/clfilho/SimplicityStudio/BLE/BLEDeviceServerAndroid/protocol/bluetooth/lib/EFR32MG13P/GCC/libbluetooth.a(gecko_bgapi_system.c.obj)
                0x000000000001055c                gecko_bgapi_class_system_init
 .text.gecko_bgapi_class_test_init
                0x000000000001056e       0x12 /Users/clfilho/SimplicityStudio/BLE/BLEDeviceServerAndroid/protocol/bluetooth/lib/EFR32MG13P/GCC/libbluetooth.a(gecko_bgapi_test.c.obj)
                0x000000000001056e                gecko_bgapi_class_test_init
 .text.handle_bgapi_output
                0x0000000000010580       0x74 /Users/clfilho/SimplicityStudio/BLE/BLEDeviceServerAndroid/protocol/bluetooth/lib/EFR32MG13P/GCC/libbluetooth.a(gecko_endpoints.c.obj)
 .text.gecko_release_evt
                0x00000000000105f4       0x14 /Users/clfilho/SimplicityStudio/BLE/BLEDeviceServerAndroid/protocol/bluetooth/lib/EFR32MG13P/GCC/libbluetooth.a(gecko_endpoints.c.obj)
                0x00000000000105f4                gecko_release_evt
 .text.gecko_get_evt
                0x0000000000010608       0x10 /Users/clfilho/SimplicityStudio/BLE/BLEDeviceServerAndroid/protocol/bluetooth/lib/EFR32MG13P/GCC/libbluetooth.a(gecko_endpoints.c.obj)
                0x0000000000010608                gecko_get_evt
 .text.gecko_register_bgapi_library
                0x0000000000010618       0x38 /Users/clfilho/SimplicityStudio/BLE/BLEDeviceServerAndroid/protocol/bluetooth/lib/EFR32MG13P/GCC/libbluetooth.a(gecko_endpoints.c.obj)
                0x0000000000010618                gecko_register_bgapi_library
 .text.gecko_handle_library_packet
                0x0000000000010650       0x10 /Users/clfilho/SimplicityStudio/BLE/BLEDeviceServerAndroid/protocol/bluetooth/lib/EFR32MG13P/GCC/libbluetooth.a(gecko_endpoints.c.obj)
                0x0000000000010650                gecko_handle_library_packet
 .text.sli_bt_cmd_handler_delegate
                0x0000000000010660       0x7c /Users/clfilho/SimplicityStudio/BLE/BLEDeviceServerAndroid/protocol/bluetooth/lib/EFR32MG13P/GCC/libbluetooth.a(gecko_endpoints.c.obj)
                0x0000000000010660                sli_bt_cmd_handler_delegate
 .text.hci_increase_token
                0x00000000000106dc       0x12 /Users/clfilho/SimplicityStudio/BLE/BLEDeviceServerAndroid/protocol/bluetooth/lib/EFR32MG13P/GCC/libbluetooth.a(hci.c.obj)
 *fill*         0x00000000000106ee        0x2 
 .text.hci_init
                0x00000000000106f0       0x1c /Users/clfilho/SimplicityStudio/BLE/BLEDeviceServerAndroid/protocol/bluetooth/lib/EFR32MG13P/GCC/libbluetooth.a(hci.c.obj)
                0x00000000000106f0                hci_init
 .text.hci_command_status_handle
                0x000000000001070c       0x40 /Users/clfilho/SimplicityStudio/BLE/BLEDeviceServerAndroid/protocol/bluetooth/lib/EFR32MG13P/GCC/libbluetooth.a(hci.c.obj)
                0x000000000001070c                hci_command_status_handle
 .text.hci_command_complete_handle
                0x000000000001074c      0x148 /Users/clfilho/SimplicityStudio/BLE/BLEDeviceServerAndroid/protocol/bluetooth/lib/EFR32MG13P/GCC/libbluetooth.a(hci.c.obj)
                0x000000000001074c                hci_command_complete_handle
 .text.handle_extended_advertising_report
                0x0000000000010894      0x100 /Users/clfilho/SimplicityStudio/BLE/BLEDeviceServerAndroid/protocol/bluetooth/lib/EFR32MG13P/GCC/libbluetooth.a(hci.c.obj)
                0x0000000000010894                handle_extended_advertising_report
 .text.hci_inject_acl
                0x0000000000010994        0xc /Users/clfilho/SimplicityStudio/BLE/BLEDeviceServerAndroid/protocol/bluetooth/lib/EFR32MG13P/GCC/libbluetooth.a(hci.c.obj)
                0x0000000000010994                hci_inject_acl
 .text.hci_packets_waiting
                0x00000000000109a0       0x18 /Users/clfilho/SimplicityStudio/BLE/BLEDeviceServerAndroid/protocol/bluetooth/lib/EFR32MG13P/GCC/libbluetooth.a(hci.c.obj)
                0x00000000000109a0                hci_packets_waiting
 .text.hci_get_acl_packet
                0x00000000000109b8       0x14 /Users/clfilho/SimplicityStudio/BLE/BLEDeviceServerAndroid/protocol/bluetooth/lib/EFR32MG13P/GCC/libbluetooth.a(hci.c.obj)
                0x00000000000109b8                hci_get_acl_packet
 .text.hci_send_command
                0x00000000000109cc       0x12 /Users/clfilho/SimplicityStudio/BLE/BLEDeviceServerAndroid/protocol/bluetooth/lib/EFR32MG13P/GCC/libbluetooth.a(hci.c.obj)
                0x00000000000109cc                hci_send_command
 .text.hci_read_bdaddr
                0x00000000000109de       0x1c /Users/clfilho/SimplicityStudio/BLE/BLEDeviceServerAndroid/protocol/bluetooth/lib/EFR32MG13P/GCC/libbluetooth.a(hci.c.obj)
                0x00000000000109de                hci_read_bdaddr
 *fill*         0x00000000000109fa        0x2 
 .text.hci_state_listener
                0x00000000000109fc       0x14 /Users/clfilho/SimplicityStudio/BLE/BLEDeviceServerAndroid/protocol/bluetooth/lib/EFR32MG13P/GCC/libbluetooth.a(hci.c.obj)
                0x00000000000109fc                hci_state_listener
 .text.hci_set_state
                0x0000000000010a10       0x1c /Users/clfilho/SimplicityStudio/BLE/BLEDeviceServerAndroid/protocol/bluetooth/lib/EFR32MG13P/GCC/libbluetooth.a(hci.c.obj)
                0x0000000000010a10                hci_set_state
 .text.hci_state_listener_init
                0x0000000000010a2c       0x10 /Users/clfilho/SimplicityStudio/BLE/BLEDeviceServerAndroid/protocol/bluetooth/lib/EFR32MG13P/GCC/libbluetooth.a(hci.c.obj)
                0x0000000000010a2c                hci_state_listener_init
 .text.hci_state_listener_init_default_data_length
                0x0000000000010a3c       0x6c /Users/clfilho/SimplicityStudio/BLE/BLEDeviceServerAndroid/protocol/bluetooth/lib/EFR32MG13P/GCC/libbluetooth.a(hci.c.obj)
                0x0000000000010a3c                hci_state_listener_init_default_data_length
 .text.hci_run  0x0000000000010aa8        0x6 /Users/clfilho/SimplicityStudio/BLE/BLEDeviceServerAndroid/protocol/bluetooth/lib/EFR32MG13P/GCC/libbluetooth.a(hci.c.obj)
                0x0000000000010aa8                hci_run
 .text.hci_start
                0x0000000000010aae        0x6 /Users/clfilho/SimplicityStudio/BLE/BLEDeviceServerAndroid/protocol/bluetooth/lib/EFR32MG13P/GCC/libbluetooth.a(hci.c.obj)
                0x0000000000010aae                hci_start
 .text.hci_cleanup_acl
                0x0000000000010ab4       0x28 /Users/clfilho/SimplicityStudio/BLE/BLEDeviceServerAndroid/protocol/bluetooth/lib/EFR32MG13P/GCC/libbluetooth.a(hci.c.obj)
                0x0000000000010ab4                hci_cleanup_acl
 .text.hci_send_acl
                0x0000000000010adc       0xac /Users/clfilho/SimplicityStudio/BLE/BLEDeviceServerAndroid/protocol/bluetooth/lib/EFR32MG13P/GCC/libbluetooth.a(hci.c.obj)
                0x0000000000010adc                hci_send_acl
 .text.hci_le_set_random_address
                0x0000000000010b88       0x2c /Users/clfilho/SimplicityStudio/BLE/BLEDeviceServerAndroid/protocol/bluetooth/lib/EFR32MG13P/GCC/libbluetooth.a(hci.c.obj)
                0x0000000000010b88                hci_le_set_random_address
 .text.hci_le_set_extended_advertising_parameters
                0x0000000000010bb4       0x98 /Users/clfilho/SimplicityStudio/BLE/BLEDeviceServerAndroid/protocol/bluetooth/lib/EFR32MG13P/GCC/libbluetooth.a(hci.c.obj)
                0x0000000000010bb4                hci_le_set_extended_advertising_parameters
 .text.hci_le_set_advertising_set_random_address
                0x0000000000010c4c       0x38 /Users/clfilho/SimplicityStudio/BLE/BLEDeviceServerAndroid/protocol/bluetooth/lib/EFR32MG13P/GCC/libbluetooth.a(hci.c.obj)
                0x0000000000010c4c                hci_le_set_advertising_set_random_address
 .text.hci_le_set_extended_advertising_data
                0x0000000000010c84       0x34 /Users/clfilho/SimplicityStudio/BLE/BLEDeviceServerAndroid/protocol/bluetooth/lib/EFR32MG13P/GCC/libbluetooth.a(hci.c.obj)
                0x0000000000010c84                hci_le_set_extended_advertising_data
 .text.hci_le_set_extended_scan_response_data
                0x0000000000010cb8       0x34 /Users/clfilho/SimplicityStudio/BLE/BLEDeviceServerAndroid/protocol/bluetooth/lib/EFR32MG13P/GCC/libbluetooth.a(hci.c.obj)
                0x0000000000010cb8                hci_le_set_extended_scan_response_data
 .text.hci_le_set_extended_advertising_enable
                0x0000000000010cec       0x44 /Users/clfilho/SimplicityStudio/BLE/BLEDeviceServerAndroid/protocol/bluetooth/lib/EFR32MG13P/GCC/libbluetooth.a(hci.c.obj)
                0x0000000000010cec                hci_le_set_extended_advertising_enable
 .text.hci_le_set_extended_scan_parameters
                0x0000000000010d30       0x4c /Users/clfilho/SimplicityStudio/BLE/BLEDeviceServerAndroid/protocol/bluetooth/lib/EFR32MG13P/GCC/libbluetooth.a(hci.c.obj)
                0x0000000000010d30                hci_le_set_extended_scan_parameters
 .text.hci_le_set_ext_scan_enable
                0x0000000000010d7c       0x34 /Users/clfilho/SimplicityStudio/BLE/BLEDeviceServerAndroid/protocol/bluetooth/lib/EFR32MG13P/GCC/libbluetooth.a(hci.c.obj)
                0x0000000000010d7c                hci_le_set_ext_scan_enable
 .text.hci_le_create_connection_cancel
                0x0000000000010db0       0x14 /Users/clfilho/SimplicityStudio/BLE/BLEDeviceServerAndroid/protocol/bluetooth/lib/EFR32MG13P/GCC/libbluetooth.a(hci.c.obj)
                0x0000000000010db0                hci_le_create_connection_cancel
 .text.hci_close_acl
                0x0000000000010dc4       0x42 /Users/clfilho/SimplicityStudio/BLE/BLEDeviceServerAndroid/protocol/bluetooth/lib/EFR32MG13P/GCC/libbluetooth.a(hci.c.obj)
                0x0000000000010dc4                hci_close_acl
 *fill*         0x0000000000010e06        0x2 
 .text.hci_le_connection_update
                0x0000000000010e08       0x58 /Users/clfilho/SimplicityStudio/BLE/BLEDeviceServerAndroid/protocol/bluetooth/lib/EFR32MG13P/GCC/libbluetooth.a(hci.c.obj)
                0x0000000000010e08                hci_le_connection_update
 .text.hci_le_start_encryption
                0x0000000000010e60       0x50 /Users/clfilho/SimplicityStudio/BLE/BLEDeviceServerAndroid/protocol/bluetooth/lib/EFR32MG13P/GCC/libbluetooth.a(hci.c.obj)
                0x0000000000010e60                hci_le_start_encryption
 .text.hci_le_ltk_reply
                0x0000000000010eb0       0x4c /Users/clfilho/SimplicityStudio/BLE/BLEDeviceServerAndroid/protocol/bluetooth/lib/EFR32MG13P/GCC/libbluetooth.a(hci.c.obj)
                0x0000000000010eb0                hci_le_ltk_reply
 .text.hci_le_remote_connection_parameter_request_reply
                0x0000000000010efc       0x58 /Users/clfilho/SimplicityStudio/BLE/BLEDeviceServerAndroid/protocol/bluetooth/lib/EFR32MG13P/GCC/libbluetooth.a(hci.c.obj)
                0x0000000000010efc                hci_le_remote_connection_parameter_request_reply
 .text.hci_event_handle