Archive member included to satisfy reference by file (symbol)

/Users/clfilho/SimplicityStudio/BLE/BLEDeviceServerAndroid/protocol/bluetooth/lib/EFR32MG13P/GCC/libbluetooth.a(bgapi.c.obj)
                              ./main.o (gecko_cmd_msg_buf)
/Users/clfilho/SimplicityStudio/BLE/BLEDeviceServerAndroid/protocol/bluetooth/lib/EFR32MG13P/GCC/libbluetooth.a(bgapi_gap.c.obj)
                              ./main.o (sli_bt_cmd_le_gap_set_advertise_timing)
/Users/clfilho/SimplicityStudio/BLE/BLEDeviceServerAndroid/protocol/bluetooth/lib/EFR32MG13P/GCC/libbluetooth.a(bgapi_gatt.c.obj)
                              /Users/clfilho/SimplicityStudio/BLE/BLEDeviceServerAndroid/protocol/bluetooth/lib/EFR32MG13P/GCC/libbluetooth.a(bgapi.c.obj) (bgapi_gatt_listener)
/Users/clfilho/SimplicityStudio/BLE/BLEDeviceServerAndroid/protocol/bluetooth/lib/EFR32MG13P/GCC/libbluetooth.a(bgapi_gatt_lib.c.obj)
                              ./main.o (sli_bt_cmd_gatt_server_send_user_read_response)
/Users/clfilho/SimplicityStudio/BLE/BLEDeviceServerAndroid/protocol/bluetooth/lib/EFR32MG13P/GCC/libbluetooth.a(bgapi_hardware.c.obj)
                              ./main.o (sli_bt_cmd_hardware_set_soft_timer)
/Users/clfilho/SimplicityStudio/BLE/BLEDeviceServerAndroid/protocol/bluetooth/lib/EFR32MG13P/GCC/libbluetooth.a(bgapi_le_connection.c.obj)
                              ./main.o (sli_bt_cmd_le_connection_close)
/Users/clfilho/SimplicityStudio/BLE/BLEDeviceServerAndroid/protocol/bluetooth/lib/EFR32MG13P/GCC/libbluetooth.a(bgapi_system.c.obj)
                              ./main.o (sli_bt_cmd_system_reset)
/Users/clfilho/SimplicityStudio/BLE/BLEDeviceServerAndroid/protocol/bluetooth/lib/EFR32MG13P/GCC/libbluetooth.a(bgbuf.c.obj)
                              /Users/clfilho/SimplicityStudio/BLE/BLEDeviceServerAndroid/protocol/bluetooth/lib/EFR32MG13P/GCC/libbluetooth.a(bgapi.c.obj) (bgbuf_chain_free)
/Users/clfilho/SimplicityStudio/BLE/BLEDeviceServerAndroid/protocol/bluetooth/lib/EFR32MG13P/GCC/libbluetooth.a(bglib.c.obj)
                              ./main.o (gecko_stack_init)
/Users/clfilho/SimplicityStudio/BLE/BLEDeviceServerAndroid/protocol/bluetooth/lib/EFR32MG13P/GCC/libbluetooth.a(btl_interface.c.obj)
                              /Users/clfilho/SimplicityStudio/BLE/BLEDeviceServerAndroid/protocol/bluetooth/lib/EFR32MG13P/GCC/libbluetooth.a(bgapi.c.obj) (bootloader_getInfo)
/Users/clfilho/SimplicityStudio/BLE/BLEDeviceServerAndroid/protocol/bluetooth/lib/EFR32MG13P/GCC/libbluetooth.a(efr32xg1x.c.obj)
                              /Users/clfilho/SimplicityStudio/BLE/BLEDeviceServerAndroid/protocol/bluetooth/lib/EFR32MG13P/GCC/libbluetooth.a(bgapi_hardware.c.obj) (bg_hal_set_dcdc_enable)
/Users/clfilho/SimplicityStudio/BLE/BLEDeviceServerAndroid/protocol/bluetooth/lib/EFR32MG13P/GCC/libbluetooth.a(gap.c.obj)
                              /Users/clfilho/SimplicityStudio/BLE/BLEDeviceServerAndroid/protocol/bluetooth/lib/EFR32MG13P/GCC/libbluetooth.a(bglib.c.obj) (gap_reset_state)
/Users/clfilho/SimplicityStudio/BLE/BLEDeviceServerAndroid/protocol/bluetooth/lib/EFR32MG13P/GCC/libbluetooth.a(gap_adv.c.obj)
                              /Users/clfilho/SimplicityStudio/BLE/BLEDeviceServerAndroid/protocol/bluetooth/lib/EFR32MG13P/GCC/libbluetooth.a(gap.c.obj) (gap_set_advertising_timeout)
/Users/clfilho/SimplicityStudio/BLE/BLEDeviceServerAndroid/protocol/bluetooth/lib/EFR32MG13P/GCC/libbluetooth.a(gap_deprecated.c.obj)
                              /Users/clfilho/SimplicityStudio/BLE/BLEDeviceServerAndroid/protocol/bluetooth/lib/EFR32MG13P/GCC/libbluetooth.a(bgapi_gap.c.obj) (ubt_gap_set_adv_parameters)
/Users/clfilho/SimplicityStudio/BLE/BLEDeviceServerAndroid/protocol/bluetooth/lib/EFR32MG13P/GCC/libbluetooth.a(gap_resolver.c.obj)
                              /Users/clfilho/SimplicityStudio/BLE/BLEDeviceServerAndroid/protocol/bluetooth/lib/EFR32MG13P/GCC/libbluetooth.a(gap.c.obj) (gap_address_resolver_step)
/Users/clfilho/SimplicityStudio/BLE/BLEDeviceServerAndroid/protocol/bluetooth/lib/EFR32MG13P/GCC/libbluetooth.a(gap_scan.c.obj)
                              /Users/clfilho/SimplicityStudio/BLE/BLEDeviceServerAndroid/protocol/bluetooth/lib/EFR32MG13P/GCC/libbluetooth.a(gap.c.obj) (gap_status_set_scan_packet)
/Users/clfilho/SimplicityStudio/BLE/BLEDeviceServerAndroid/protocol/bluetooth/lib/EFR32MG13P/GCC/libbluetooth.a(gatt.c.obj)
                              /Users/clfilho/SimplicityStudio/BLE/BLEDeviceServerAndroid/protocol/bluetooth/lib/EFR32MG13P/GCC/libbluetooth.a(gap.c.obj) (gatt_init_connection)
/Users/clfilho/SimplicityStudio/BLE/BLEDeviceServerAndroid/protocol/bluetooth/lib/EFR32MG13P/GCC/libbluetooth.a(gatt_client.c.obj)
                              /Users/clfilho/SimplicityStudio/BLE/BLEDeviceServerAndroid/protocol/bluetooth/lib/EFR32MG13P/GCC/libbluetooth.a(bgapi_gatt_lib.c.obj) (gatt_client_init)
[...]
Memory Configuration

Name             Origin             Length             Attributes
FLASH_BOOTLOADER 0x000000000fe10000 0x0000000000004000 xr
FLASH            0x0000000000000000 0x000000000007f000 xr
RAM              0x0000000020000000 0x0000000000010000 xrw
*default*        0x0000000000000000 0xffffffffffffffff

Linker script and memory map

LOAD /Applications/Simplicity Studio 2.app/Contents/Eclipse/developer/toolchains/gnu_arm/7.2_2017q4/bin/../lib/gcc/arm-none-eabi/7.2.1/thumb/v7e-m/fpv4-sp/softfp/crti.o
LOAD /Applications/Simplicity Studio 2.app/Contents/Eclipse/developer/toolchains/gnu_arm/7.2_2017q4/bin/../lib/gcc/arm-none-eabi/7.2.1/thumb/v7e-m/fpv4-sp/softfp/crtbegin.o
LOAD /Applications/Simplicity Studio 2.app/Contents/Eclipse/developer/toolchains/gnu_arm/7.2_2017q4/bin/../lib/gcc/arm-none-eabi/7.2.1/../../../../arm-none-eabi/lib/thumb/v7e-m/fpv4-sp/softfp/crt0.o
START GROUP
LOAD ./app/bluetooth/common/util/infrastructure.o
LOAD ./application_properties.o
LOAD ./gatt_db.o
LOAD ./init_app.o
LOAD ./init_board_efr32xg1.o
LOAD ./init_mcu_efr32xg1.o
LOAD ./main.o
LOAD ./pti.o
LOAD ./retargetio.o
LOAD ./retargetserial.o
LOAD ./hardware/kit/common/bsp/bsp_stk.o
LOAD ./hardware/kit/common/drivers/mx25flash_spi.o
LOAD ./platform/Device/SiliconLabs/EFR32MG13P/Source/GCC/startup_efr32mg13p.o
LOAD ./platform/Device/SiliconLabs/EFR32MG13P/Source/system_efr32mg13p.o
LOAD ./platform/emdrv/sleep/src/sleep.o
LOAD ./platform/emlib/src/em_assert.o
LOAD ./platform/emlib/src/em_cmu.o
LOAD ./platform/emlib/src/em_core.o
LOAD ./platform/emlib/src/em_cryotimer.o
LOAD ./platform/emlib/src/em_crypto.o
LOAD ./platform/emlib/src/em_emu.o
LOAD ./platform/emlib/src/em_gpio.o
LOAD ./platform/emlib/src/em_i2c.o
LOAD ./platform/emlib/src/em_msc.o
LOAD ./platform/emlib/src/em_rmu.o
LOAD ./platform/emlib/src/em_rtcc.o
LOAD ./platform/emlib/src/em_se.o
LOAD ./platform/emlib/src/em_system.o
LOAD ./platform/emlib/src/em_timer.o
LOAD ./platform/emlib/src/em_usart.o
LOAD /Users/clfilho/SimplicityStudio/BLE/BLEDeviceServerAndroid/protocol/bluetooth/lib/EFR32MG13P/GCC/libmbedtls.a
LOAD /Users/clfilho/SimplicityStudio/BLE/BLEDeviceServerAndroid/protocol/bluetooth/lib/EFR32MG13P/GCC/libbluetooth.a
LOAD /Users/clfilho/SimplicityStudio/BLE/BLEDeviceServerAndroid/protocol/bluetooth/lib/EFR32MG13P/GCC/libpsstore.a
LOAD /Users/clfilho/SimplicityStudio/BLE/BLEDeviceServerAndroid/protocol/bluetooth/lib/EFR32MG13P/GCC/binapploader.o
LOAD /Users/clfilho/SimplicityStudio/BLE/BLEDeviceServerAndroid/platform/radio/rail_lib/autogen/librail_release/librail_efr32xg13_gcc_release.a
LOAD /Applications/Simplicity Studio 2.app/Contents/Eclipse/developer/toolchains/gnu_arm/7.2_2017q4/bin/../lib/gcc/arm-none-eabi/7.2.1/../../../../arm-none-eabi/lib/thumb/v7e-m/fpv4-sp/softfp/libm.a
END GROUP
START GROUP
LOAD /Applications/Simplicity Studio 2.app/Contents/Eclipse/developer/toolchains/gnu_arm/7.2_2017q4/bin/../lib/gcc/arm-none-eabi/7.2.1/thumb/v7e-m/fpv4-sp/softfp/libgcc.a
LOAD /Applications/Simplicity Studio 2.app/Contents/Eclipse/developer/toolchains/gnu_arm/7.2_2017q4/bin/../lib/gcc/arm-none-eabi/7.2.1/../../../../arm-none-eabi/lib/thumb/v7e-m/fpv4-sp/softfp/libc_nano.a
LOAD /Applications/Simplicity Studio 2.app/Contents/Eclipse/developer/toolchains/gnu_arm/7.2_2017q4/bin/../lib/gcc/arm-none-eabi/7.2.1/../../../../arm-none-eabi/lib/thumb/v7e-m/fpv4-sp/softfp/libnosys.a
END GROUP
START GROUP
LOAD /Applications/Simplicity Studio 2.app/Contents/Eclipse/developer/toolchains/gnu_arm/7.2_2017q4/bin/../lib/gcc/arm-none-eabi/7.2.1/thumb/v7e-m/fpv4-sp/softfp/libgcc.a
LOAD /Applications/Simplicity Studio 2.app/Contents/Eclipse/developer/toolchains/gnu_arm/7.2_2017q4/bin/../lib/gcc/arm-none-eabi/7.2.1/../../../../arm-none-eabi/lib/thumb/v7e-m/fpv4-sp/softfp/libg_nano.a
LOAD /Applications/Simplicity Studio 2.app/Contents/Eclipse/developer/toolchains/gnu_arm/7.2_2017q4/bin/../lib/gcc/arm-none-eabi/7.2.1/../../../../arm-none-eabi/lib/thumb/v7e-m/fpv4-sp/softfp/libc_nano.a
END GROUP
START GROUP
LOAD /Applications/Simplicity Studio 2.app/Contents/Eclipse/developer/toolchains/gnu_arm/7.2_2017q4/bin/../lib/gcc/arm-none-eabi/7.2.1/thumb/v7e-m/fpv4-sp/softfp/libgcc.a
LOAD /Applications/Simplicity Studio 2.app/Contents/Eclipse/developer/toolchains/gnu_arm/7.2_2017q4/bin/../lib/gcc/arm-none-eabi/7.2.1/../../../../arm-none-eabi/lib/thumb/v7e-m/fpv4-sp/softfp/libc_nano.a
END GROUP
LOAD /Applications/Simplicity Studio 2.app/Contents/Eclipse/developer/toolchains/gnu_arm/7.2_2017q4/bin/../lib/gcc/arm-none-eabi/7.2.1/thumb/v7e-m/fpv4-sp/softfp/crtend.o
LOAD /Applications/Simplicity Studio 2.app/Contents/Eclipse/developer/toolchains/gnu_arm/7.2_2017q4/bin/../lib/gcc/arm-none-eabi/7.2.1/thumb/v7e-m/fpv4-sp/softfp/crtn.o

.text_bootloader
                0x000000000fe10000        0x0
 *(.binbootloader*)
                0x000000000fe10000                . = ALIGN (0x4000)

.text_apploader
                0x0000000000000000     0x8fc0
 *(.binapploader*)
 .binapploader  0x0000000000000000     0x8fc0 /Users/clfilho/SimplicityStudio/BLE/BLEDeviceServerAndroid/protocol/bluetooth/lib/EFR32MG13P/GCC/binapploader.o

.text_signature
                0x0000000000008fc0       0x40
                0x0000000000009000                . = ALIGN (0x800)
 *fill*         0x0000000000008fc0       0x40 
                0x0000000000009000                __text_start__ = .

.text_application
                0x0000000000009000    0x22c68
 *(.vectors)
 .vectors       0x0000000000009000       0xfc ./platform/Device/SiliconLabs/EFR32MG13P/Source/GCC/startup_efr32mg13p.o
                0x0000000000009000                __Vectors
                0x00000000000090fc                __Vectors_End = .
                0x00000000000000fc                __Vectors_Size = (__Vectors_End - __Vectors)
                0x00000000000090fc                __end__ = .
 *(.application_properties)
 .application_properties
                0x00000000000090fc       0x38 ./application_properties.o
                0x00000000000090fc                applicationProperties
 *(.gecko_configuration)
 *(.xo_configuration)
 *(.gatt_header)
 .gatt_header   0x0000000000009134       0x34 ./gatt_db.o
                0x0000000000009134                bg_gattdb_data
 *(.gatt_data)
 .gatt_data     0x0000000000009168      0x2b2 ./gatt_db.o
                0x0000000000009168                bg_gattdb_data_adv_uuid128_map
                0x0000000000009178                bg_gattdb_data_adv_uuid16_map
                0x000000000000917c                bg_gattdb_data_attributes_dynamic_mapping_map
                0x0000000000009188                bg_gattdb_data_attributes_map
                0x00000000000092b4                bg_gattdb_data_attribute_field_0
                0x00000000000092b8                bg_gattdb_data_attribute_field_1
                0x00000000000092c0                bg_gattdb_data_attribute_field_2
                0x00000000000092c8                bg_gattdb_data_attribute_field_4
                0x00000000000092cc                bg_gattdb_data_attribute_field_5
                0x00000000000092d4                bg_gattdb_data_attribute_field_6
                0x00000000000092dc                bg_gattdb_data_attribute_field_7
                0x00000000000092e4                bg_gattdb_data_attribute_field_8
                0x00000000000092e8                bg_gattdb_data_attribute_field_9
                0x00000000000092ec                bg_gattdb_data_attribute_field_10
                0x00000000000092f4                bg_gattdb_data_attribute_field_11
                0x0000000000009304                bg_gattdb_data_attribute_field_12
                0x000000000000930c                bg_gattdb_data_attribute_field_13
                0x0000000000009318                bg_gattdb_data_attribute_field_14
                0x0000000000009320                bg_gattdb_data_attribute_field_15
                0x0000000000009328                bg_gattdb_data_attribute_field_16
                0x000000000000933c                bg_gattdb_data_attribute_field_17
                0x0000000000009354                bg_gattdb_data_attribute_field_18
                0x000000000000935c                bg_gattdb_data_attribute_field_19
                0x0000000000009370                bg_gattdb_data_attribute_field_20
                0x0000000000009388                bg_gattdb_data_attribute_field_21
                0x0000000000009390                bg_gattdb_data_attribute_field_23
                0x00000000000093a8                bg_gattdb_data_attribute_field_24
                0x00000000000093b0                bg_gattdb_data_uuidtable_128_map
                0x0000000000009400                bg_gattdb_data_uuidtable_16_map
 *(.text*)
 *fill*         0x000000000000941a        0x2 
 .text          0x000000000000941c       0x40 /Applications/Simplicity Studio 2.app/Contents/Eclipse/developer/toolchains/gnu_arm/7.2_2017q4/bin/../lib/gcc/arm-none-eabi/7.2.1/thumb/v7e-m/fpv4-sp/softfp/crtbegin.o
 .text          0x000000000000945c       0x74 /Applications/Simplicity Studio 2.app/Contents/Eclipse/developer/toolchains/gnu_arm/7.2_2017q4/bin/../lib/gcc/arm-none-eabi/7.2.1/../../../../arm-none-eabi/lib/thumb/v7e-m/fpv4-sp/softfp/crt0.o
                0x000000000000945c                _mainCRTStartup
                0x000000000000945c                _start
 .text.initApp  0x00000000000094d0       0x24 ./init_app.o
                0x00000000000094d0                initApp
 .text.initBoard
                0x00000000000094f4       0x48 ./init_board_efr32xg1.o
                0x00000000000094f4                initBoard
 .text.initMcu  0x000000000000953c      0x120 ./init_mcu_efr32xg1.o
                0x000000000000953c                initMcu
 .text.startup.main
                0x000000000000965c      0x3a4 ./main.o
                0x000000000000965c                main
 .text.configEnablePti
                0x0000000000009a00       0x30 ./pti.o
                0x0000000000009a00                configEnablePti
 .text._close   0x0000000000009a30        0x4 ./retargetio.o
                0x0000000000009a30                _close
 .text._exit    0x0000000000009a34        0x4 ./retargetio.o
                0x0000000000009a34                _exit
 .text._fstat   0x0000000000009a38        0xc ./retargetio.o
                0x0000000000009a38                _fstat
 .text._isatty  0x0000000000009a44        0x4 ./retargetio.o
                0x0000000000009a44                _isatty
 .text._lseek   0x0000000000009a48        0x4 ./retargetio.o
                0x0000000000009a48                _lseek
 .text._read    0x0000000000009a4c       0x2c ./retargetio.o
                0x0000000000009a4c                _read
 .text._sbrk    0x0000000000009a78       0x1c ./retargetio.o
                0x0000000000009a78                _sbrk
 .text._write   0x0000000000009a94       0x1c ./retargetio.o
                0x0000000000009a94                _write
 .text.USART0_RX_IRQHandler
                0x0000000000009ab0       0x54 ./retargetserial.o
                0x0000000000009ab0                USART0_RX_IRQHandler
 .text.RETARGET_SerialInit
                0x0000000000009b04       0xc8 ./retargetserial.o
                0x0000000000009b04                RETARGET_SerialInit
 .text.RETARGET_ReadChar
                0x0000000000009bcc       0x68 ./retargetserial.o
                0x0000000000009bcc                RETARGET_ReadChar
 .text.RETARGET_WriteChar
                0x0000000000009c34       0x48 ./retargetserial.o
                0x0000000000009c34                RETARGET_WriteChar
 .text.MX25_init
                0x0000000000009c7c       0xa4 ./hardware/kit/common/drivers/mx25flash_spi.o
                0x0000000000009c7c                MX25_init
 .text.MX25_DP  0x0000000000009d20       0x60 ./hardware/kit/common/drivers/mx25flash_spi.o
                0x0000000000009d20                MX25_DP
 .text.Default_Handler
                0x0000000000009d80        0x4 ./platform/Device/SiliconLabs/EFR32MG13P/Source/GCC/startup_efr32mg13p.o
                0x0000000000009d80                IDAC0_IRQHandler
                0x0000000000009d80                USART0_TX_IRQHandler
                0x0000000000009d80                I2C0_IRQHandler
                0x0000000000009d80                HardFault_Handler
                0x0000000000009d80                SysTick_Handler
                0x0000000000009d80                USART1_RX_IRQHandler
                0x0000000000009d80                PendSV_Handler
                0x0000000000009d80                NMI_Handler
                0x0000000000009d80                I2C1_IRQHandler
                0x0000000000009d80                WTIMER0_IRQHandler
                0x0000000000009d80                CRYPTO0_IRQHandler
                0x0000000000009d80                WDOG0_IRQHandler
                0x0000000000009d80                USART1_TX_IRQHandler
                0x0000000000009d80                SMU_IRQHandler
                0x0000000000009d80                MSC_IRQHandler
                0x0000000000009d80                ADC0_IRQHandler
                0x0000000000009d80                UsageFault_Handler
                0x0000000000009d80                WDOG1_IRQHandler
                0x0000000000009d80                LEUART0_IRQHandler
                0x0000000000009d80                FPUEH_IRQHandler
                0x0000000000009d80                GPIO_EVEN_IRQHandler
                0x0000000000009d80                VDAC0_IRQHandler
                0x0000000000009d80                LDMA_IRQHandler
                0x0000000000009d80                CSEN_IRQHandler
                0x0000000000009d80                CRYPTO1_IRQHandler
                0x0000000000009d80                TIMER0_IRQHandler
                0x0000000000009d80                LETIMER0_IRQHandler
                0x0000000000009d80                TIMER1_IRQHandler
                0x0000000000009d80                TRNG0_IRQHandler
                0x0000000000009d80                USART2_RX_IRQHandler
                0x0000000000009d80                Default_Handler
                0x0000000000009d80                EMU_IRQHandler
                0x0000000000009d80                CRYOTIMER_IRQHandler
                0x0000000000009d80                PCNT0_IRQHandler
                0x0000000000009d80                ACMP0_IRQHandler
                0x0000000000009d80                MemManage_Handler
                0x0000000000009d80                SVC_Handler
                0x0000000000009d80                RTCC_IRQHandler
                0x0000000000009d80                CMU_IRQHandler
                0x0000000000009d80                GPIO_ODD_IRQHandler
                0x0000000000009d80                LESENSE_IRQHandler
                0x0000000000009d80                BusFault_Handler
                0x0000000000009d80                USART2_TX_IRQHandler
                0x0000000000009d80                DebugMon_Handler
 .text.Reset_Handler
                0x0000000000009d84       0x2c ./platform/Device/SiliconLabs/EFR32MG13P/Source/GCC/startup_efr32mg13p.o
                0x0000000000009d84                Reset_Handler
 .text.SystemMaxCoreClockGet
                0x0000000000009db0        0x8 ./platform/Device/SiliconLabs/EFR32MG13P/Source/system_efr32mg13p.o
                0x0000000000009db0                SystemMaxCoreClockGet
 .text.SystemHFClockGet
                0x0000000000009db8       0x50 ./platform/Device/SiliconLabs/EFR32MG13P/Source/system_efr32mg13p.o
                0x0000000000009db8                SystemHFClockGet
 .text.SystemCoreClockGet
                0x0000000000009e08       0x24 ./platform/Device/SiliconLabs/EFR32MG13P/Source/system_efr32mg13p.o
                0x0000000000009e08                SystemCoreClockGet
 .text.SystemHFXOClockGet
                0x0000000000009e2c        0xc ./platform/Device/SiliconLabs/EFR32MG13P/Source/system_efr32mg13p.o
                0x0000000000009e2c                SystemHFXOClockGet
 .text.SystemHFXOClockSet
                0x0000000000009e38       0x3c ./platform/Device/SiliconLabs/EFR32MG13P/Source/system_efr32mg13p.o
                0x0000000000009e38                SystemHFXOClockSet
 .text.SystemInit
                0x0000000000009e74       0x1c ./platform/Device/SiliconLabs/EFR32MG13P/Source/system_efr32mg13p.o
                0x0000000000009e74                SystemInit
 .text.SystemLFRCOClockGet
                0x0000000000009e90        0x8 ./platform/Device/SiliconLabs/EFR32MG13P/Source/system_efr32mg13p.o
                0x0000000000009e90                SystemLFRCOClockGet
 .text.SystemULFRCOClockGet
                0x0000000000009e98        0x8 ./platform/Device/SiliconLabs/EFR32MG13P/Source/system_efr32mg13p.o
                0x0000000000009e98                SystemULFRCOClockGet
 .text.SystemLFXOClockGet
                0x0000000000009ea0        0xc ./platform/Device/SiliconLabs/EFR32MG13P/Source/system_efr32mg13p.o
                0x0000000000009ea0                SystemLFXOClockGet
 .text.SystemLFXOClockSet
                0x0000000000009eac       0x3c ./platform/Device/SiliconLabs/EFR32MG13P/Source/system_efr32mg13p.o
                0x0000000000009eac                SystemLFXOClockSet
 .text.sleepCallbackWrapper
                0x0000000000009ee8       0x14 ./platform/emdrv/sleep/src/sleep.o
 .text.enterEMx
                0x0000000000009efc       0x54 ./platform/emdrv/sleep/src/sleep.o
 .text.SLEEP_Init
                0x0000000000009f50       0x40 ./platform/emdrv/sleep/src/sleep.o
                0x0000000000009f50                SLEEP_Init
 .text.SLEEP_Sleep
                0x0000000000009f90       0x70 ./platform/emdrv/sleep/src/sleep.o
                0x0000000000009f90                SLEEP_Sleep
 .text.SLEEP_SleepBlockBegin
                0x000000000000a000       0x18 ./platform/emdrv/sleep/src/sleep.o
                0x000000000000a000                SLEEP_SleepBlockBegin
 .text.SLEEP_SleepBlockEnd
                0x000000000000a018       0x1c ./platform/emdrv/sleep/src/sleep.o
                0x000000000000a018                SLEEP_SleepBlockEnd
 .text.SLEEP_LowestEnergyModeGet
                0x000000000000a034       0x1c ./platform/emdrv/sleep/src/sleep.o
                0x000000000000a034                SLEEP_LowestEnergyModeGet
 .text.flashWaitStateControl
                0x000000000000a050       0x5c ./platform/emlib/src/em_cmu.o
 .text.flashWaitStateMax
                0x000000000000a0ac       0x24 ./platform/emlib/src/em_cmu.o
 .text.CMU_OscillatorTuningSet.part.2
                0x000000000000a0d0       0x3c ./platform/emlib/src/em_cmu.o
 .text.CMU_UpdateWaitStates
                0x000000000000a10c       0x1c ./platform/emlib/src/em_cmu.o
                0x000000000000a10c                CMU_UpdateWaitStates
 .text.CMU_ClockEnable
                0x000000000000a128       0x94 ./platform/emlib/src/em_cmu.o
                0x000000000000a128                CMU_ClockEnable
 .text.CMU_ClockSelectGet
                0x000000000000a1bc       0xc4 ./platform/emlib/src/em_cmu.o
                0x000000000000a1bc                CMU_ClockSelectGet
 .text.lfClkGet
                0x000000000000a280       0x94 ./platform/emlib/src/em_cmu.o
 .text.CMU_ClockFreqGet
                0x000000000000a314      0x1a8 ./platform/emlib/src/em_cmu.o
                0x000000000000a314                CMU_ClockFreqGet
 .text.CMU_HFXOInit
                0x000000000000a4bc       0x84 ./platform/emlib/src/em_cmu.o
                0x000000000000a4bc                CMU_HFXOInit
 .text.CMU_LFXOInit
                0x000000000000a540       0x50 ./platform/emlib/src/em_cmu.o
                0x000000000000a540                CMU_LFXOInit
 .text.CMU_OscillatorTuningWait
                0x000000000000a590       0x48 ./platform/emlib/src/em_cmu.o
                0x000000000000a590                CMU_OscillatorTuningWait
 .text.CMU_OscillatorEnable
                0x000000000000a5d8      0x110 ./platform/emlib/src/em_cmu.o
                0x000000000000a5d8                CMU_OscillatorEnable
 .text.CMU_ClockSelectSet
                0x000000000000a6e8      0x2a8 ./platform/emlib/src/em_cmu.o
                0x000000000000a6e8                CMU_ClockSelectSet
 .text.CMU_HFXOAutostartEnable
                0x000000000000a990       0xe4 ./platform/emlib/src/em_cmu.o
                0x000000000000a990                CMU_HFXOAutostartEnable
 .text.CORE_EnterCritical
                0x000000000000aa74        0x8 ./platform/emlib/src/em_core.o
                0x000000000000aa74                CORE_EnterCritical
 .text.CORE_ExitCritical
                0x000000000000aa7c        0x8 ./platform/emlib/src/em_core.o
                0x000000000000aa7c                CORE_ExitCritical
 .text.CORE_EnterAtomic
                0x000000000000aa84        0x8 ./platform/emlib/src/em_core.o
                0x000000000000aa84                CORE_EnterAtomic
 .text.CORE_ExitAtomic
                0x000000000000aa8c        0x4 ./platform/emlib/src/em_core.o
                0x000000000000aa8c                CORE_ExitAtomic
 .text.CORE_SetNvicRamTableHandler
                0x000000000000aa90       0x10 ./platform/emlib/src/em_core.o
                0x000000000000aa90                CORE_SetNvicRamTableHandler
 .text.CORE_InitNvicVectorTable
                0x000000000000aaa0       0x44 ./platform/emlib/src/em_core.o
                0x000000000000aaa0                CORE_InitNvicVectorTable
 .text.CRYPTO_ModulusSet
                0x000000000000aae4       0x38 ./platform/emlib/src/em_crypto.o
                0x000000000000aae4                CRYPTO_ModulusSet
 .text.CRYPTO_KeyRead
                0x000000000000ab1c       0x2c ./platform/emlib/src/em_crypto.o
                0x000000000000ab1c                CRYPTO_KeyRead
 .text.lpGetDevinfoVrefLowHigh
                0x000000000000ab48       0xdc ./platform/emlib/src/em_emu.o
 .text.vScaleDownEM23Setup
                0x000000000000ac24       0x30 ./platform/emlib/src/em_emu.o
 .text.vScaleAfterWakeup.part.1
                0x000000000000ac54       0x20 ./platform/emlib/src/em_emu.o
 .text.lpCmpHystCalibrationLoad.isra.2
                0x000000000000ac74       0x60 ./platform/emlib/src/em_emu.o
 .text.emState.part.3
                0x000000000000acd4       0xc0 ./platform/emlib/src/em_emu.o
 .text.emState.constprop.5
                0x000000000000ad94       0x50 ./platform/emlib/src/em_emu.o
 .text.EMU_EnterEM2
                0x000000000000ade4       0x4c ./platform/emlib/src/em_emu.o
                0x000000000000ade4                EMU_EnterEM2
 .text.EMU_EnterEM3
                0x000000000000ae30       0x68 ./platform/emlib/src/em_emu.o
                0x000000000000ae30                EMU_EnterEM3
 .text.EMU_Save
                0x000000000000ae98        0x4 ./platform/emlib/src/em_emu.o
                0x000000000000ae98                EMU_Save
 .text.EMU_Restore
                0x000000000000ae9c        0x4 ./platform/emlib/src/em_emu.o
                0x000000000000ae9c                EMU_Restore
 .text.EMU_EnterEM4
                0x000000000000aea0       0x30 ./platform/emlib/src/em_emu.o
                0x000000000000aea0                EMU_EnterEM4
 .text.EMU_VScaleEM01
                0x000000000000aed0       0x78 ./platform/emlib/src/em_emu.o
                0x000000000000aed0                EMU_VScaleEM01
 .text.EMU_VScaleEM01ByClock
                0x000000000000af48       0x50 ./platform/emlib/src/em_emu.o
                0x000000000000af48                EMU_VScaleEM01ByClock
 .text.EMU_EM01Init
                0x000000000000af98       0x14 ./platform/emlib/src/em_emu.o
                0x000000000000af98                EMU_EM01Init
 .text.EMU_EM23Init
                0x000000000000afac       0x24 ./platform/emlib/src/em_emu.o
                0x000000000000afac                EMU_EM23Init
 .text.EMU_DCDCModeSet
                0x000000000000afd0       0x84 ./platform/emlib/src/em_emu.o
                0x000000000000afd0                EMU_DCDCModeSet
 .text.EMU_DCDCOutputVoltageSet
                0x000000000000b054      0x16c ./platform/emlib/src/em_emu.o
                0x000000000000b054                EMU_DCDCOutputVoltageSet
 .text.EMU_DCDCOptimizeSlice
                0x000000000000b1c0       0xf8 ./platform/emlib/src/em_emu.o
                0x000000000000b1c0                EMU_DCDCOptimizeSlice
 .text.EMU_DCDCInit
                0x000000000000b2b8      0x10c ./platform/emlib/src/em_emu.o
                0x000000000000b2b8                EMU_DCDCInit
 .text.EMU_DCDCLnRcoBandSet
                0x000000000000b3c4       0x24 ./platform/emlib/src/em_emu.o
                0x000000000000b3c4                EMU_DCDCLnRcoBandSet
 .text.GPIO_PinModeSet
                0x000000000000b3e8       0x94 ./platform/emlib/src/em_gpio.o
                0x000000000000b3e8                GPIO_PinModeSet
 .text.MSC_Init
                0x000000000000b47c       0x20 ./platform/emlib/src/em_msc.o
                0x000000000000b47c                MSC_Init
 .text.MSC_Deinit
                0x000000000000b49c       0x14 ./platform/emlib/src/em_msc.o
                0x000000000000b49c                MSC_Deinit
 .text.RMU_ResetCauseClear
                0x000000000000b4b0        0xc ./platform/emlib/src/em_rmu.o
                0x000000000000b4b0                RMU_ResetCauseClear
 .text.RMU_ResetCauseGet
                0x000000000000b4bc       0x60 ./platform/emlib/src/em_rmu.o
                0x000000000000b4bc                RMU_ResetCauseGet
 .text.RTCC_Init
                0x000000000000b51c       0x64 ./platform/emlib/src/em_rtcc.o
                0x000000000000b51c                RTCC_Init
 .text.SYSTEM_ChipRevisionGet
                0x000000000000b580       0x34 ./platform/emlib/src/em_system.o
                0x000000000000b580                SYSTEM_ChipRevisionGet
 .text.USART_BaudrateAsyncSet
                0x000000000000b5b4       0x68 ./platform/emlib/src/em_usart.o
                0x000000000000b5b4                USART_BaudrateAsyncSet
 .text.USART_Enable
                0x000000000000b61c       0x10 ./platform/emlib/src/em_usart.o
                0x000000000000b61c                USART_Enable
 .text.USART_InitAsync
                0x000000000000b62c       0xbc ./platform/emlib/src/em_usart.o
                0x000000000000b62c                USART_InitAsync
 .text.USART_InitSync
                0x000000000000b6e8       0xe0 ./platform/emlib/src/em_usart.o
                0x000000000000b6e8                USART_InitSync
 .text.USART_Reset
                0x000000000000b7c8       0x58 ./platform/emlib/src/em_usart.o
                0x000000000000b7c8                USART_Reset
 .text.USART_Rx
                0x000000000000b820        0xc ./platform/emlib/src/em_usart.o
                0x000000000000b820                USART_Rx
 .text.USART_SpiTransfer
                0x000000000000b82c       0x14 ./platform/emlib/src/em_usart.o
                0x000000000000b82c                USART_SpiTransfer
 .text.USART_Tx
                0x000000000000b840        0xc ./platform/emlib/src/em_usart.o
                0x000000000000b840                USART_Tx
 .text.convert_scan_respone_packet_type.isra.0
                0x000000000000b84c       0x44 /Users/clfilho/SimplicityStudio/BLE/BLEDeviceServerAndroid/protocol/bluetooth/lib/EFR32MG13P/GCC/libbluetooth.a(bgapi.c.obj)
 .text.bgapi_ubt_listener
                0x000000000000b890      0x3fc /Users/clfilho/SimplicityStudio/BLE/BLEDeviceServerAndroid/protocol/bluetooth/lib/EFR32MG13P/GCC/libbluetooth.a(bgapi.c.obj)
                0x000000000000b890                bgapi_ubt_listener
 .text.register_message_handler
                0x000000000000bc8c        0xc /Users/clfilho/SimplicityStudio/BLE/BLEDeviceServerAndroid/protocol/bluetooth/lib/EFR32MG13P/GCC/libbluetooth.a(bgapi.c.obj)
                0x000000000000bc8c                register_message_handler
 .text.bgapi_init
                0x000000000000bc98       0x1c /Users/clfilho/SimplicityStudio/BLE/BLEDeviceServerAndroid/protocol/bluetooth/lib/EFR32MG13P/GCC/libbluetooth.a(bgapi.c.obj)
                0x000000000000bc98                bgapi_init
 .text.bgapi_buffer_init
                0x000000000000bcb4       0x30 /Users/clfilho/SimplicityStudio/BLE/BLEDeviceServerAndroid/protocol/bluetooth/lib/EFR32MG13P/GCC/libbluetooth.a(bgapi.c.obj)
                0x000000000000bcb4                bgapi_buffer_init
 .text.bg_set_max_tx_power
                0x000000000000bce4       0x68 /Users/clfilho/SimplicityStudio/BLE/BLEDeviceServerAndroid/protocol/bluetooth/lib/EFR32MG13P/GCC/libbluetooth.a(bgapi.c.obj)
                0x000000000000bce4                bg_set_max_tx_power
 .text.lib_le_gap_handler_init
                0x000000000000bd4c        0x2 /Users/clfilho/SimplicityStudio/BLE/BLEDeviceServerAndroid/protocol/bluetooth/lib/EFR32MG13P/GCC/libbluetooth.a(bgapi_gap.c.obj)
                0x000000000000bd4c                lib_le_gap_handler_init
 *fill*         0x000000000000bd4e        0x2 
 .text.sli_bt_cmd_le_gap_set_advertise_timing
                0x000000000000bd50       0x3c /Users/clfilho/SimplicityStudio/BLE/BLEDeviceServerAndroid/protocol/bluetooth/lib/EFR32MG13P/GCC/libbluetooth.a(bgapi_gap.c.obj)
                0x000000000000bd50                sli_bt_cmd_le_gap_set_advertise_timing
 .text.sli_bt_cmd_le_gap_start_advertising
                0x000000000000bd8c       0x38 /Users/clfilho/SimplicityStudio/BLE/BLEDeviceServerAndroid/protocol/bluetooth/lib/EFR32MG13P/GCC/libbluetooth.a(bgapi_gap.c.obj)
                0x000000000000bd8c                sli_bt_cmd_le_gap_start_advertising
 .text.bgapi_gatt_listener
                0x000000000000bdc4      0x28c /Users/clfilho/SimplicityStudio/BLE/BLEDeviceServerAndroid/protocol/bluetooth/lib/EFR32MG13P/GCC/libbluetooth.a(bgapi_gatt.c.obj)
                0x000000000000bdc4                bgapi_gatt_listener
 .text.lib_gatt_handler_init
                0x000000000000c050        0x4 /Users/clfilho/SimplicityStudio/BLE/BLEDeviceServerAndroid/protocol/bluetooth/lib/EFR32MG13P/GCC/libbluetooth.a(bgapi_gatt_lib.c.obj)
                0x000000000000c050                lib_gatt_handler_init
 .text.lib_gatt_server_handler_init
                0x000000000000c054        0x2 /Users/clfilho/SimplicityStudio/BLE/BLEDeviceServerAndroid/protocol/bluetooth/lib/EFR32MG13P/GCC/libbluetooth.a(bgapi_gatt_lib.c.obj)
                0x000000000000c054                lib_gatt_server_handler_init
 *fill*         0x000000000000c056        0x2 
 .text.sli_bt_cmd_gatt_server_send_user_read_response
                0x000000000000c058       0x44 /Users/clfilho/SimplicityStudio/BLE/BLEDeviceServerAndroid/protocol/bluetooth/lib/EFR32MG13P/GCC/libbluetooth.a(bgapi_gatt_lib.c.obj)
                0x000000000000c058                sli_bt_cmd_gatt_server_send_user_read_response
 .text.sli_bt_cmd_gatt_server_send_user_write_response
                0x000000000000c09c       0x34 /Users/clfilho/SimplicityStudio/BLE/BLEDeviceServerAndroid/protocol/bluetooth/lib/EFR32MG13P/GCC/libbluetooth.a(bgapi_gatt_lib.c.obj)
                0x000000000000c09c                sli_bt_cmd_gatt_server_send_user_write_response
 .text.sli_bt_cmd_gatt_server_send_characteristic_notification
                0x000000000000c0d0       0x44 /Users/clfilho/SimplicityStudio/BLE/BLEDeviceServerAndroid/protocol/bluetooth/lib/EFR32MG13P/GCC/libbluetooth.a(bgapi_gatt_lib.c.obj)
                0x000000000000c0d0                sli_bt_cmd_gatt_server_send_characteristic_notification
 .text.bgapi_hardware_soft_timer_listener
                0x000000000000c114       0x68 /Users/clfilho/SimplicityStudio/BLE/BLEDeviceServerAndroid/protocol/bluetooth/lib/EFR32MG13P/GCC/libbluetooth.a(bgapi_hardware.c.obj)
                0x000000000000c114                bgapi_hardware_soft_timer_listener
 .text.handle_timer_command
                0x000000000000c17c       0x80 /Users/clfilho/SimplicityStudio/BLE/BLEDeviceServerAndroid/protocol/bluetooth/lib/EFR32MG13P/GCC/libbluetooth.a(bgapi_hardware.c.obj)
 .text.lib_hardware_handler_init
                0x000000000000c1fc       0x14 /Users/clfilho/SimplicityStudio/BLE/BLEDeviceServerAndroid/protocol/bluetooth/lib/EFR32MG13P/GCC/libbluetooth.a(bgapi_hardware.c.obj)
                0x000000000000c1fc                lib_hardware_handler_init
 .text.sli_bt_cmd_hardware_set_soft_timer
                0x000000000000c210       0x34 /Users/clfilho/SimplicityStudio/BLE/BLEDeviceServerAndroid/protocol/bluetooth/lib/EFR32MG13P/GCC/libbluetooth.a(bgapi_hardware.c.obj)
                0x000000000000c210                sli_bt_cmd_hardware_set_soft_timer
 .text.lib_le_connection_handler_init
                0x000000000000c244        0x2 /Users/clfilho/SimplicityStudio/BLE/BLEDeviceServerAndroid/protocol/bluetooth/lib/EFR32MG13P/GCC/libbluetooth.a(bgapi_le_connection.c.obj)
                0x000000000000c244                lib_le_connection_handler_init
 .text.bgapi_close_le_connection
                0x000000000000c246       0x16 /Users/clfilho/SimplicityStudio/BLE/BLEDeviceServerAndroid/protocol/bluetooth/lib/EFR32MG13P/GCC/libbluetooth.a(bgapi_le_connection.c.obj)
                0x000000000000c246                bgapi_close_le_connection
 .text.sli_bt_cmd_le_connection_close
                0x000000000000c25c       0x2c /Users/clfilho/SimplicityStudio/BLE/BLEDeviceServerAndroid/protocol/bluetooth/lib/EFR32MG13P/GCC/libbluetooth.a(bgapi_le_connection.c.obj)
                0x000000000000c25c                sli_bt_cmd_le_connection_close
 .text.bgapi_system_listener
                0x000000000000c288       0x30 /Users/clfilho/SimplicityStudio/BLE/BLEDeviceServerAndroid/protocol/bluetooth/lib/EFR32MG13P/GCC/libbluetooth.a(bgapi_system.c.obj)
                0x000000000000c288                bgapi_system_listener
 .text.lib_system_handler_init
                0x000000000000c2b8       0x14 /Users/clfilho/SimplicityStudio/BLE/BLEDeviceServerAndroid/protocol/bluetooth/lib/EFR32MG13P/GCC/libbluetooth.a(bgapi_system.c.obj)
                0x000000000000c2b8                lib_system_handler_init
 .text.sli_bt_cmd_system_reset
                0x000000000000c2cc        0x6 /Users/clfilho/SimplicityStudio/BLE/BLEDeviceServerAndroid/protocol/bluetooth/lib/EFR32MG13P/GCC/libbluetooth.a(bgapi_system.c.obj)
                0x000000000000c2cc                sli_bt_cmd_system_reset
 *fill*         0x000000000000c2d2        0x2 
 .text.bgbuf_alloc_int
                0x000000000000c2d4       0x9c /Users/clfilho/SimplicityStudio/BLE/BLEDeviceServerAndroid/protocol/bluetooth/lib/EFR32MG13P/GCC/libbluetooth.a(bgbuf.c.obj)
 .text.bgbuf_init
                0x000000000000c370       0x2c /Users/clfilho/SimplicityStudio/BLE/BLEDeviceServerAndroid/protocol/bluetooth/lib/EFR32MG13P/GCC/libbluetooth.a(bgbuf.c.obj)
                0x000000000000c370                bgbuf_init
 .text.bgbuf_alloc
                0x000000000000c39c        0xc /Users/clfilho/SimplicityStudio/BLE/BLEDeviceServerAndroid/protocol/bluetooth/lib/EFR32MG13P/GCC/libbluetooth.a(bgbuf.c.obj)
                0x000000000000c39c                bgbuf_alloc
 .text.bgbuf_alloc_size
                0x000000000000c3a8       0x10 /Users/clfilho/SimplicityStudio/BLE/BLEDeviceServerAndroid/protocol/bluetooth/lib/EFR32MG13P/GCC/libbluetooth.a(bgbuf.c.obj)
                0x000000000000c3a8                bgbuf_alloc_size
 .text.bgbuf_free
                0x000000000000c3b8       0x7c /Users/clfilho/SimplicityStudio/BLE/BLEDeviceServerAndroid/protocol/bluetooth/lib/EFR32MG13P/GCC/libbluetooth.a(bgbuf.c.obj)
                0x000000000000c3b8                bgbuf_free
 .text.bgbuf_append
                0x000000000000c434       0x16 /Users/clfilho/SimplicityStudio/BLE/BLEDeviceServerAndroid/protocol/bluetooth/lib/EFR32MG13P/GCC/libbluetooth.a(bgbuf.c.obj)
                0x000000000000c434                bgbuf_append
 .text.bgbuf_append_data
                0x000000000000c44a       0x24 /Users/clfilho/SimplicityStudio/BLE/BLEDeviceServerAndroid/protocol/bluetooth/lib/EFR32MG13P/GCC/libbluetooth.a(bgbuf.c.obj)
                0x000000000000c44a                bgbuf_append_data
 .text.bgbuf_copy_to
                0x000000000000c46e       0x5e /Users/clfilho/SimplicityStudio/BLE/BLEDeviceServerAndroid/protocol/bluetooth/lib/EFR32MG13P/GCC/libbluetooth.a(bgbuf.c.obj)
                0x000000000000c46e                bgbuf_copy_to
 .text.bgbuf_chain_free
                0x000000000000c4cc       0x14 /Users/clfilho/SimplicityStudio/BLE/BLEDeviceServerAndroid/protocol/bluetooth/lib/EFR32MG13P/GCC/libbluetooth.a(bgbuf.c.obj)
                0x000000000000c4cc                bgbuf_chain_free
 .text.bgbuf_clone
                0x000000000000c4e0       0x72 /Users/clfilho/SimplicityStudio/BLE/BLEDeviceServerAndroid/protocol/bluetooth/lib/EFR32MG13P/GCC/libbluetooth.a(bgbuf.c.obj)
                0x000000000000c4e0                bgbuf_clone
 .text.bgbuf_chain_pop_packet
                0x000000000000c552       0x26 /Users/clfilho/SimplicityStudio/BLE/BLEDeviceServerAndroid/protocol/bluetooth/lib/EFR32MG13P/GCC/libbluetooth.a(bgbuf.c.obj)
                0x000000000000c552                bgbuf_chain_pop_packet
 .text.bgbuf_prepend_no_alloc
                0x000000000000c578       0x40 /Users/clfilho/SimplicityStudio/BLE/BLEDeviceServerAndroid/protocol/bluetooth/lib/EFR32MG13P/GCC/libbluetooth.a(bgbuf.c.obj)
                0x000000000000c578                bgbuf_prepend_no_alloc
 .text.bgbuf_prepend
                0x000000000000c5b8       0x24 /Users/clfilho/SimplicityStudio/BLE/BLEDeviceServerAndroid/protocol/bluetooth/lib/EFR32MG13P/GCC/libbluetooth.a(bgbuf.c.obj)
                0x000000000000c5b8                bgbuf_prepend
 .text.bgbuf_split
                0x000000000000c5dc       0x50 /Users/clfilho/SimplicityStudio/BLE/BLEDeviceServerAndroid/protocol/bluetooth/lib/EFR32MG13P/GCC/libbluetooth.a(bgbuf.c.obj)
                0x000000000000c5dc                bgbuf_split
 .text.bgbuf_chain_get
                0x000000000000c62c       0x46 /Users/clfilho/SimplicityStudio/BLE/BLEDeviceServerAndroid/protocol/bluetooth/lib/EFR32MG13P/GCC/libbluetooth.a(bgbuf.c.obj)
                0x000000000000c62c                bgbuf_chain_get
 .text.bgbuf_chain_get_head
                0x000000000000c672       0x10 /Users/clfilho/SimplicityStudio/BLE/BLEDeviceServerAndroid/protocol/bluetooth/lib/EFR32MG13P/GCC/libbluetooth.a(bgbuf.c.obj)
                0x000000000000c672                bgbuf_chain_get_head
 .text.bgbuf_chain_len
                0x000000000000c682       0x14 /Users/clfilho/SimplicityStudio/BLE/BLEDeviceServerAndroid/protocol/bluetooth/lib/EFR32MG13P/GCC/libbluetooth.a(bgbuf.c.obj)
                0x000000000000c682                bgbuf_chain_len
 .text.bgbuf_memcmp
                0x000000000000c696       0x44 /Users/clfilho/SimplicityStudio/BLE/BLEDeviceServerAndroid/protocol/bluetooth/lib/EFR32MG13P/GCC/libbluetooth.a(bgbuf.c.obj)
                0x000000000000c696                bgbuf_memcmp
 .text.bgbuf_cmp
                0x000000000000c6da       0xac /Users/clfilho/SimplicityStudio/BLE/BLEDeviceServerAndroid/protocol/bluetooth/lib/EFR32MG13P/GCC/libbluetooth.a(bgbuf.c.obj)
                0x000000000000c6da                bgbuf_cmp
 .text.bgbuf_chain_add
                0x000000000000c786       0x14 /Users/clfilho/SimplicityStudio/BLE/BLEDeviceServerAndroid/protocol/bluetooth/lib/EFR32MG13P/GCC/libbluetooth.a(bgbuf.c.obj)
                0x000000000000c786                bgbuf_chain_add
 .text.bgbuf_chain_append_data
                0x000000000000c79a       0x64 /Users/clfilho/SimplicityStudio/BLE/BLEDeviceServerAndroid/protocol/bluetooth/lib/EFR32MG13P/GCC/libbluetooth.a(bgbuf.c.obj)
                0x000000000000c79a                bgbuf_chain_append_data
 .text.bgbuf_alloc_copy_data
                0x000000000000c7fe       0x2a /Users/clfilho/SimplicityStudio/BLE/BLEDeviceServerAndroid/protocol/bluetooth/lib/EFR32MG13P/GCC/libbluetooth.a(bgbuf.c.obj)
                0x000000000000c7fe                bgbuf_alloc_copy_data
 .text.bgbuf_chain_drop
                0x000000000000c828       0x2c /Users/clfilho/SimplicityStudio/BLE/BLEDeviceServerAndroid/protocol/bluetooth/lib/EFR32MG13P/GCC/libbluetooth.a(bgbuf.c.obj)
                0x000000000000c828                bgbuf_chain_drop
 .text.bgbuf_chain_drop_end
                0x000000000000c854       0x42 /Users/clfilho/SimplicityStudio/BLE/BLEDeviceServerAndroid/protocol/bluetooth/lib/EFR32MG13P/GCC/libbluetooth.a(bgbuf.c.obj)
                0x000000000000c854                bgbuf_chain_drop_end
 .text.bgbuf_chain_defragment
                0x000000000000c896       0x8c /Users/clfilho/SimplicityStudio/BLE/BLEDeviceServerAndroid/protocol/bluetooth/lib/EFR32MG13P/GCC/libbluetooth.a(bgbuf.c.obj)
                0x000000000000c896                bgbuf_chain_defragment
 *fill*         0x000000000000c922        0x2 
 .text.bgbuf_add_callback
                0x000000000000c924       0x1c /Users/clfilho/SimplicityStudio/BLE/BLEDeviceServerAndroid/protocol/bluetooth/lib/EFR32MG13P/GCC/libbluetooth.a(bgbuf.c.obj)
                0x000000000000c924                bgbuf_add_callback
 .text.gecko_init_alloc
                0x000000000000c940       0x38 /Users/clfilho/SimplicityStudio/BLE/BLEDeviceServerAndroid/protocol/bluetooth/lib/EFR32MG13P/GCC/libbluetooth.a(bglib.c.obj)
                0x000000000000c940                gecko_init_alloc
 .text.user_signal_message_handler
                0x000000000000c978       0x2c /Users/clfilho/SimplicityStudio/BLE/BLEDeviceServerAndroid/protocol/bluetooth/lib/EFR32MG13P/GCC/libbluetooth.a(bglib.c.obj)
 .text.gecko_process_event
                0x000000000000c9a4       0x5c /Users/clfilho/SimplicityStudio/BLE/BLEDeviceServerAndroid/protocol/bluetooth/lib/EFR32MG13P/GCC/libbluetooth.a(bglib.c.obj)
 .text.check_ctune_override
                0x000000000000ca00       0x2c /Users/clfilho/SimplicityStudio/BLE/BLEDeviceServerAndroid/protocol/bluetooth/lib/EFR32MG13P/GCC/libbluetooth.a(bglib.c.obj)
                0x000000000000ca00                check_ctune_override
 .text.gecko_stack_init
                0x000000000000ca2c      0x250 /Users/clfilho/SimplicityStudio/BLE/BLEDeviceServerAndroid/protocol/bluetooth/lib/EFR32MG13P/GCC/libbluetooth.a(bglib.c.obj)
                0x000000000000ca2c                gecko_stack_init
 .text.gecko_wait_event
                0x000000000000cc7c        0x6 /Users/clfilho/SimplicityStudio/BLE/BLEDeviceServerAndroid/protocol/bluetooth/lib/EFR32MG13P/GCC/libbluetooth.a(bglib.c.obj)
                0x000000000000cc7c                gecko_wait_event
 *fill*         0x000000000000cc82        0x2 
 .text.gecko_stack_update_callback
                0x000000000000cc84       0x10 /Users/clfilho/SimplicityStudio/BLE/BLEDeviceServerAndroid/protocol/bluetooth/lib/EFR32MG13P/GCC/libbluetooth.a(bglib.c.obj)
                0x000000000000cc84                gecko_stack_update_callback
 .text.bootloader_getInfo
                0x000000000000cc94       0x58 /Users/clfilho/SimplicityStudio/BLE/BLEDeviceServerAndroid/protocol/bluetooth/lib/EFR32MG13P/GCC/libbluetooth.a(btl_interface.c.obj)
                0x000000000000cc94                bootloader_getInfo
 .text.bg_hal_get_current_ctune
                0x000000000000ccec       0x14 /Users/clfilho/SimplicityStudio/BLE/BLEDeviceServerAndroid/protocol/bluetooth/lib/EFR32MG13P/GCC/libbluetooth.a(efr32xg1x.c.obj)
                0x000000000000ccec                bg_hal_get_current_ctune
 .text.bg_hal_set_ctune
                0x000000000000cd00       0x64 /Users/clfilho/SimplicityStudio/BLE/BLEDeviceServerAndroid/protocol/bluetooth/lib/EFR32MG13P/GCC/libbluetooth.a(efr32xg1x.c.obj)
                0x000000000000cd00                bg_hal_set_ctune
 .text.bg_hal_get_le_phys
                0x000000000000cd64        0x4 /Users/clfilho/SimplicityStudio/BLE/BLEDeviceServerAndroid/protocol/bluetooth/lib/EFR32MG13P/GCC/libbluetooth.a(efr32xg1x.c.obj)
                0x000000000000cd64                bg_hal_get_le_phys
 .text.bg_hal_has_high_power_pa
                0x000000000000cd68       0x10 /Users/clfilho/SimplicityStudio/BLE/BLEDeviceServerAndroid/protocol/bluetooth/lib/EFR32MG13P/GCC/libbluetooth.a(efr32xg1x.c.obj)
                0x000000000000cd68                bg_hal_has_high_power_pa
 .text.bg_hal_init_hfbus_clocks
                0x000000000000cd78       0x14 /Users/clfilho/SimplicityStudio/BLE/BLEDeviceServerAndroid/protocol/bluetooth/lib/EFR32MG13P/GCC/libbluetooth.a(efr32xg1x.c.obj)
                0x000000000000cd78                bg_hal_init_hfbus_clocks
 .text.gap_is_scanning_or_advertising.part.0
                0x000000000000cd8c       0x2c /Users/clfilho/SimplicityStudio/BLE/BLEDeviceServerAndroid/protocol/bluetooth/lib/EFR32MG13P/GCC/libbluetooth.a(gap.c.obj)
 .text.gap_is_resolvable
                0x000000000000cdb8       0x18 /Users/clfilho/SimplicityStudio/BLE/BLEDeviceServerAndroid/protocol/bluetooth/lib/EFR32MG13P/GCC/libbluetooth.a(gap.c.obj)
                0x000000000000cdb8                gap_is_resolvable
 .text.gap_init
                0x000000000000cdd0       0x14 /Users/clfilho/SimplicityStudio/BLE/BLEDeviceServerAndroid/protocol/bluetooth/lib/EFR32MG13P/GCC/libbluetooth.a(gap.c.obj)
                0x000000000000cdd0                gap_init
 .text.gap_reset_state
                0x000000000000cde4       0xac /Users/clfilho/SimplicityStudio/BLE/BLEDeviceServerAndroid/protocol/bluetooth/lib/EFR32MG13P/GCC/libbluetooth.a(gap.c.obj)
                0x000000000000cde4                gap_reset_state
 .text.gap_notify_connection_parameters
                0x000000000000ce90       0x60 /Users/clfilho/SimplicityStudio/BLE/BLEDeviceServerAndroid/protocol/bluetooth/lib/EFR32MG13P/GCC/libbluetooth.a(gap.c.obj)
                0x000000000000ce90                gap_notify_connection_parameters
 .text.gap_connection_complete.part.4
                0x000000000000cef0       0xc8 /Users/clfilho/SimplicityStudio/BLE/BLEDeviceServerAndroid/protocol/bluetooth/lib/EFR32MG13P/GCC/libbluetooth.a(gap.c.obj)
 .text.gap_notify_phy_status
                0x000000000000cfb8       0x3c /Users/clfilho/SimplicityStudio/BLE/BLEDeviceServerAndroid/protocol/bluetooth/lib/EFR32MG13P/GCC/libbluetooth.a(gap.c.obj)
                0x000000000000cfb8                gap_notify_phy_status
 .text.gap_resolver_completed
                0x000000000000cff4       0x90 /Users/clfilho/SimplicityStudio/BLE/BLEDeviceServerAndroid/protocol/bluetooth/lib/EFR32MG13P/GCC/libbluetooth.a(gap.c.obj)
                0x000000000000cff4                gap_resolver_completed
 .text.check_private_address_and_timer
                0x000000000000d084       0x64 /Users/clfilho/SimplicityStudio/BLE/BLEDeviceServerAndroid/protocol/bluetooth/lib/EFR32MG13P/GCC/libbluetooth.a(gap.c.obj)
                0x000000000000d084                check_private_address_and_timer
 .text.gap_scan_update
                0x000000000000d0e8       0xb8 /Users/clfilho/SimplicityStudio/BLE/BLEDeviceServerAndroid/protocol/bluetooth/lib/EFR32MG13P/GCC/libbluetooth.a(gap.c.obj)
                0x000000000000d0e8                gap_scan_update
 .text.gap_listener
                0x000000000000d1a0       0xa0 /Users/clfilho/SimplicityStudio/BLE/BLEDeviceServerAndroid/protocol/bluetooth/lib/EFR32MG13P/GCC/libbluetooth.a(gap.c.obj)
                0x000000000000d1a0                gap_listener
 .text.gap_disconnect_acl
                0x000000000000d240       0x12 /Users/clfilho/SimplicityStudio/BLE/BLEDeviceServerAndroid/protocol/bluetooth/lib/EFR32MG13P/GCC/libbluetooth.a(gap.c.obj)
                0x000000000000d240                gap_disconnect_acl
 *fill*         0x000000000000d252        0x2 
 .text.gap_connection_disconnected
                0x000000000000d254       0x34 /Users/clfilho/SimplicityStudio/BLE/BLEDeviceServerAndroid/protocol/bluetooth/lib/EFR32MG13P/GCC/libbluetooth.a(gap.c.obj)
                0x000000000000d254                gap_connection_disconnected
 .text.gap_connection_complete
                0x000000000000d288       0x5c /Users/clfilho/SimplicityStudio/BLE/BLEDeviceServerAndroid/protocol/bluetooth/lib/EFR32MG13P/GCC/libbluetooth.a(gap.c.obj)
                0x000000000000d288                gap_connection_complete
 .text.gap_encryption_changed
                0x000000000000d2e4       0x50 /Users/clfilho/SimplicityStudio/BLE/BLEDeviceServerAndroid/protocol/bluetooth/lib/EFR32MG13P/GCC/libbluetooth.a(gap.c.obj)
                0x000000000000d2e4                gap_encryption_changed
 .text.ubt_gap_set_static_address_identity
                0x000000000000d334       0x50 /Users/clfilho/SimplicityStudio/BLE/BLEDeviceServerAndroid/protocol/bluetooth/lib/EFR32MG13P/GCC/libbluetooth.a(gap.c.obj)
                0x000000000000d334                ubt_gap_set_static_address_identity
 .text.ubt_gap_get_identity_address
                0x000000000000d384       0x1c /Users/clfilho/SimplicityStudio/BLE/BLEDeviceServerAndroid/protocol/bluetooth/lib/EFR32MG13P/GCC/libbluetooth.a(gap.c.obj)
                0x000000000000d384                ubt_gap_get_identity_address
 .text.gap_acl_new
                0x000000000000d3a0       0x30 /Users/clfilho/SimplicityStudio/BLE/BLEDeviceServerAndroid/protocol/bluetooth/lib/EFR32MG13P/GCC/libbluetooth.a(gap.c.obj)
                0x000000000000d3a0                gap_acl_new
 .text.ubt_gap_get_identity_address_type
                0x000000000000d3d0       0x10 /Users/clfilho/SimplicityStudio/BLE/BLEDeviceServerAndroid/protocol/bluetooth/lib/EFR32MG13P/GCC/libbluetooth.a(gap.c.obj)
                0x000000000000d3d0                ubt_gap_get_identity_address_type
 .text.cache_adv_scan_packet
                0x000000000000d3e0       0x20 /Users/clfilho/SimplicityStudio/BLE/BLEDeviceServerAndroid/protocol/bluetooth/lib/EFR32MG13P/GCC/libbluetooth.a(gap_adv.c.obj)
 .text.bgbuf_chain_append_byte
                0x000000000000d400       0x16 /Users/clfilho/SimplicityStudio/BLE/BLEDeviceServerAndroid/protocol/bluetooth/lib/EFR32MG13P/GCC/libbluetooth.a(gap_adv.c.obj)
 .text.gap_adv_add_attribute
                0x000000000000d416       0xa6 /Users/clfilho/SimplicityStudio/BLE/BLEDeviceServerAndroid/protocol/bluetooth/lib/EFR32MG13P/GCC/libbluetooth.a(gap_adv.c.obj)
 .text.gap_adv_add_name
                0x000000000000d4bc       0x9e /Users/clfilho/SimplicityStudio/BLE/BLEDeviceServerAndroid/protocol/bluetooth/lib/EFR32MG13P/GCC/libbluetooth.a(gap_adv.c.obj)
 .text.use_legacy_advertising
                0x000000000000d55a       0x36 /Users/clfilho/SimplicityStudio/BLE/BLEDeviceServerAndroid/protocol/bluetooth/lib/EFR32MG13P/GCC/libbluetooth.a(gap_adv.c.obj)
 .text.gap_alloc_mem
                0x000000000000d590       0x2c /Users/clfilho/SimplicityStudio/BLE/BLEDeviceServerAndroid/protocol/bluetooth/lib/EFR32MG13P/GCC/libbluetooth.a(gap_adv.c.obj)
                0x000000000000d590                gap_alloc_mem
 .text.gap_adv_terminated_callback
                0x000000000000d5bc       0x60 /Users/clfilho/SimplicityStudio/BLE/BLEDeviceServerAndroid/protocol/bluetooth/lib/EFR32MG13P/GCC/libbluetooth.a(gap_adv.c.obj)
                0x000000000000d5bc                gap_adv_terminated_callback
 .text.gap_create_adv_packets
                0x000000000000d61c      0x128 /Users/clfilho/SimplicityStudio/BLE/BLEDeviceServerAndroid/protocol/bluetooth/lib/EFR32MG13P/GCC/libbluetooth.a(gap_adv.c.obj)
                0x000000000000d61c                gap_create_adv_packets
 .text.gap_set_advertising_timeout
                0x000000000000d744       0x7c /Users/clfilho/SimplicityStudio/BLE/BLEDeviceServerAndroid/protocol/bluetooth/lib/EFR32MG13P/GCC/libbluetooth.a(gap_adv.c.obj)
                0x000000000000d744                gap_set_advertising_timeout
 .text.gap_set_advertising_timing
                0x000000000000d7c0       0x64 /Users/clfilho/SimplicityStudio/BLE/BLEDeviceServerAndroid/protocol/bluetooth/lib/EFR32MG13P/GCC/libbluetooth.a(gap_adv.c.obj)
                0x000000000000d7c0                gap_set_advertising_timing
 .text.gap_get_advertising_scan_report_enable
                0x000000000000d824       0x24 /Users/clfilho/SimplicityStudio/BLE/BLEDeviceServerAndroid/protocol/bluetooth/lib/EFR32MG13P/GCC/libbluetooth.a(gap_adv.c.obj)
                0x000000000000d824                gap_get_advertising_scan_report_enable
 .text.gap_adv_update
                0x000000000000d848      0x1d0 /Users/clfilho/SimplicityStudio/BLE/BLEDeviceServerAndroid/protocol/bluetooth/lib/EFR32MG13P/GCC/libbluetooth.a(gap_adv.c.obj)
                0x000000000000d848                gap_adv_update
 .text.gap_stop_advertising
                0x000000000000da18       0x2c /Users/clfilho/SimplicityStudio/BLE/BLEDeviceServerAndroid/protocol/bluetooth/lib/EFR32MG13P/GCC/libbluetooth.a(gap_adv.c.obj)
                0x000000000000da18                gap_stop_advertising
 .text.gap_start_advertising
                0x000000000000da44      0x11c /Users/clfilho/SimplicityStudio/BLE/BLEDeviceServerAndroid/protocol/bluetooth/lib/EFR32MG13P/GCC/libbluetooth.a(gap_adv.c.obj)
                0x000000000000da44                gap_start_advertising
 .text.gap_address_resolver_step
                0x000000000000db60       0x94 /Users/clfilho/SimplicityStudio/BLE/BLEDeviceServerAndroid/protocol/bluetooth/lib/EFR32MG13P/GCC/libbluetooth.a(gap_resolver.c.obj)
                0x000000000000db60                gap_address_resolver_step
 .text.gap_resolver_start
                0x000000000000dbf4       0x40 /Users/clfilho/SimplicityStudio/BLE/BLEDeviceServerAndroid/protocol/bluetooth/lib/EFR32MG13P/GCC/libbluetooth.a(gap_resolver.c.obj)
                0x000000000000dbf4                gap_resolver_start
 .text.gap_status_set_scan_packet
                0x000000000000dc34       0x20 /Users/clfilho/SimplicityStudio/BLE/BLEDeviceServerAndroid/protocol/bluetooth/lib/EFR32MG13P/GCC/libbluetooth.a(gap_scan.c.obj)
                0x000000000000dc34                gap_status_set_scan_packet
 .text.gat_status_get_scan_packet
                0x000000000000dc54        0xc /Users/clfilho/SimplicityStudio/BLE/BLEDeviceServerAndroid/protocol/bluetooth/lib/EFR32MG13P/GCC/libbluetooth.a(gap_scan.c.obj)
                0x000000000000dc54                gat_status_get_scan_packet
 .text.gap_status_set_scan_response
                0x000000000000dc60       0x20 /Users/clfilho/SimplicityStudio/BLE/BLEDeviceServerAndroid/protocol/bluetooth/lib/EFR32MG13P/GCC/libbluetooth.a(gap_scan.c.obj)
                0x000000000000dc60                gap_status_set_scan_response
 .text.gat_status_get_scan_response
                0x000000000000dc80        0xc /Users/clfilho/SimplicityStudio/BLE/BLEDeviceServerAndroid/protocol/bluetooth/lib/EFR32MG13P/GCC/libbluetooth.a(gap_scan.c.obj)
                0x000000000000dc80                gat_status_get_scan_response
 .text.handle_scan_response_callback
                0x000000000000dc8c      0x190 /Users/clfilho/SimplicityStudio/BLE/BLEDeviceServerAndroid/protocol/bluetooth/lib/EFR32MG13P/GCC/libbluetooth.a(gap_scan.c.obj)
                0x000000000000dc8c                handle_scan_response_callback
 .text.gatt_init
                0x000000000000de1c        0xc /Users/clfilho/SimplicityStudio/BLE/BLEDeviceServerAndroid/protocol/bluetooth/lib/EFR32MG13P/GCC/libbluetooth.a(gatt.c.obj)
                0x000000000000de1c                gatt_init
 .text.gatt_init_connection
                0x000000000000de28       0x50 /Users/clfilho/SimplicityStudio/BLE/BLEDeviceServerAndroid/protocol/bluetooth/lib/EFR32MG13P/GCC/libbluetooth.a(gatt.c.obj)
                0x000000000000de28                gatt_init_connection
 .text.gatt_free_connection
                0x000000000000de78       0x50 /Users/clfilho/SimplicityStudio/BLE/BLEDeviceServerAndroid/protocol/bluetooth/lib/EFR32MG13P/GCC/libbluetooth.a(gatt.c.obj)
                0x000000000000de78                gatt_free_connection
 .text.send_gatt_mtu_exchanged_event
                0x000000000000dec8       0x2a /Users/clfilho/SimplicityStudio/BLE/BLEDeviceServerAndroid/protocol/bluetooth/lib/EFR32MG13P/GCC/libbluetooth.a(gatt.c.obj)
                0x000000000000dec8                send_gatt_mtu_exchanged_event
 .text.gatt_start_procedure_timeout_timer
                0x000000000000def2       0x16 /Users/clfilho/SimplicityStudio/BLE/BLEDeviceServerAndroid/protocol/bluetooth/lib/EFR32MG13P/GCC/libbluetooth.a(gatt.c.obj)
                0x000000000000def2                gatt_start_procedure_timeout_timer
 .text.gatt_stop_procedure_timeout_timer
                0x000000000000df08        0x6 /Users/clfilho/SimplicityStudio/BLE/BLEDeviceServerAndroid/protocol/bluetooth/lib/EFR32MG13P/GCC/libbluetooth.a(gatt.c.obj)
                0x000000000000df08                gatt_stop_procedure_timeout_timer
 .text.gatt_start_procedure
                0x000000000000df0e       0x24 /Users/clfilho/SimplicityStudio/BLE/BLEDeviceServerAndroid/protocol/bluetooth/lib/EFR32MG13P/GCC/libbluetooth.a(gatt.c.obj)
                0x000000000000df0e                gatt_start_procedure
 .text.gatt_procedure_timeout
                0x000000000000df32       0x2e /Users/clfilho/SimplicityStudio/BLE/BLEDeviceServerAndroid/protocol/bluetooth/lib/EFR32MG13P/GCC/libbluetooth.a(gatt.c.obj)
                0x000000000000df32                gatt_procedure_timeout
 .text.gatt_listener
                0x000000000000df60       0x80 /Users/clfilho/SimplicityStudio/BLE/BLEDeviceServerAndroid/protocol/bluetooth/lib/EFR32MG13P/GCC/libbluetooth.a(gatt.c.obj)
 .text.gatt_get_connection
                0x000000000000dfe0        0xc /Users/clfilho/SimplicityStudio/BLE/BLEDeviceServerAndroid/protocol/bluetooth/lib/EFR32MG13P/GCC/libbluetooth.a(gatt.c.obj)
                0x000000000000dfe0                gatt_get_connection
 .text.gatt_get_next_connection
                0x000000000000dfec       0x1a /Users/clfilho/SimplicityStudio/BLE/BLEDeviceServerAndroid/protocol/bluetooth/lib/EFR32MG13P/GCC/libbluetooth.a(gatt.c.obj)
                0x000000000000dfec                gatt_get_next_connection
 .text.free_params_data
                0x000000000000e006       0x16 /Users/clfilho/SimplicityStudio/BLE/BLEDeviceServerAndroid/protocol/bluetooth/lib/EFR32MG13P/GCC/libbluetooth.a(gatt_client.c.obj)
 .text.alloc_params_data
                0x000000000000e01c       0x2c /Users/clfilho/SimplicityStudio/BLE/BLEDeviceServerAndroid/protocol/bluetooth/lib/EFR32MG13P/GCC/libbluetooth.a(gatt_client.c.obj)
 .text.should_start_long_read
                0x000000000000e048       0x36 /Users/clfilho/SimplicityStudio/BLE/BLEDeviceServerAndroid/protocol/bluetooth/lib/EFR32MG13P/GCC/libbluetooth.a(gatt_client.c.obj)
 .text.send_service_event
                0x000000000000e07e       0x4a /Users/clfilho/SimplicityStudio/BLE/BLEDeviceServerAndroid/protocol/bluetooth/lib/EFR32MG13P/GCC/libbluetooth.a(gatt_client.c.obj)
 .text.send_descriptor_value_event
                0x000000000000e0c8       0x3c /Users/clfilho/SimplicityStudio/BLE/BLEDeviceServerAndroid/protocol/bluetooth/lib/EFR32MG13P/GCC/libbluetooth.a(gatt_client.c.obj)
 .text.end_procedure
                0x000000000000e104       0x3c /Users/clfilho/SimplicityStudio/BLE/BLEDeviceServerAndroid/protocol/bluetooth/lib/EFR32MG13P/GCC/libbluetooth.a(gatt_client.c.obj)
 .text.abort_long_write
                0x000000000000e140       0x20 /Users/clfilho/SimplicityStudio/BLE/BLEDeviceServerAndroid/protocol/bluetooth/lib/EFR32MG13P/GCC/libbluetooth.a(gatt_client.c.obj)
 .text.send_characteristic_value_event
                0x000000000000e160       0x72 /Users/clfilho/SimplicityStudio/BLE/BLEDeviceServerAndroid/protocol/bluetooth/lib/EFR32MG13P/GCC/libbluetooth.a(gatt_client.c.obj)
 .text.write_value
                0x000000000000e1d2       0x4a /Users/clfilho/SimplicityStudio/BLE/BLEDeviceServerAndroid/protocol/bluetooth/lib/EFR32MG13P/GCC/libbluetooth.a(gatt_client.c.obj)
 .text.gatt_find_included_services_handler
                0x000000000000e21c       0xb0 /Users/clfilho/SimplicityStudio/BLE/BLEDeviceServerAndroid/protocol/bluetooth/lib/EFR32MG13P/GCC/libbluetooth.a(gatt_client.c.obj)
                0x000000000000e21c                gatt_find_included_services_handler
 .text.gatt_handle_exchange_mtu_rsp
                0x000000000000e2cc       0x48 /Users/clfilho/SimplicityStudio/BLE/BLEDeviceServerAndroid/protocol/bluetooth/lib/EFR32MG13P/GCC/libbluetooth.a(gatt_client.c.obj)
                0x000000000000e2cc                gatt_handle_exchange_mtu_rsp
 .text.gatt_handle_find_information_response
                0x000000000000e314      0x152 /Users/clfilho/SimplicityStudio/BLE/BLEDeviceServerAndroid/protocol/bluetooth/lib/EFR32MG13P/GCC/libbluetooth.a(gatt_client.c.obj)
                0x000000000000e314                gatt_handle_find_information_response
 .text.gatt_handle_find_by_type_value_response
                0x000000000000e466       0xa0 /Users/clfilho/SimplicityStudio/BLE/BLEDeviceServerAndroid/protocol/bluetooth/lib/EFR32MG13P/GCC/libbluetooth.a(gatt_client.c.obj)
                0x000000000000e466                gatt_handle_find_by_type_value_response
 *fill*         0x000000000000e506        0x2 
 .text.gatt_handle_read_response
                0x000000000000e508       0xe4 /Users/clfilho/SimplicityStudio/BLE/BLEDeviceServerAndroid/protocol/bluetooth/lib/EFR32MG13P/GCC/libbluetooth.a(gatt_client.c.obj)
                0x000000000000e508                gatt_handle_read_response
 .text.read_long_value_handler
                0x000000000000e5ec       0x72 /Users/clfilho/SimplicityStudio/BLE/BLEDeviceServerAndroid/protocol/bluetooth/lib/EFR32MG13P/GCC/libbluetooth.a(gatt_client.c.obj)
 .text.gatt_handle_read_blob_response
                0x000000000000e65e       0x36 /Users/clfilho/SimplicityStudio/BLE/BLEDeviceServerAndroid/protocol/bluetooth/lib/EFR32MG13P/GCC/libbluetooth.a(gatt_client.c.obj)
                0x000000000000e65e                gatt_handle_read_blob_response
 .text.gatt_handle_read_multiple_response
                0x000000000000e694       0x3c /Users/clfilho/SimplicityStudio/BLE/BLEDeviceServerAndroid/protocol/bluetooth/lib/EFR32MG13P/GCC/libbluetooth.a(gatt_client.c.obj)
                0x000000000000e694                gatt_handle_read_multiple_response
 .text.gatt_handle_read_by_type_response
                0x000000000000e6d0      0x148 /Users/clfilho/SimplicityStudio/BLE/BLEDeviceServerAndroid/protocol/bluetooth/lib/EFR32MG13P/GCC/libbluetooth.a(gatt_client.c.obj)
                0x000000000000e6d0                gatt_handle_read_by_type_response
 .text.gatt_handle_read_by_group_type_response
                0x000000000000e818       0xaa /Users/clfilho/SimplicityStudio/BLE/BLEDeviceServerAndroid/protocol/bluetooth/lib/EFR32MG13P/GCC/libbluetooth.a(gatt_client.c.obj)
                0x000000000000e818                gatt_handle_read_by_group_type_response
 .text.gatt_handle_write_response
                0x000000000000e8c2       0x14 /Users/clfilho/SimplicityStudio/BLE/BLEDeviceServerAndroid/protocol/bluetooth/lib/EFR32MG13P/GCC/libbluetooth.a(gatt_client.c.obj)
                0x000000000000e8c2                gatt_handle_write_response
 .text.gatt_handle_prepare_write_response
                0x000000000000e8d6       0xb6 /Users/clfilho/SimplicityStudio/BLE/BLEDeviceServerAndroid/protocol/bluetooth/lib/EFR32MG13P/GCC/libbluetooth.a(gatt_client.c.obj)
                0x000000000000e8d6                gatt_handle_prepare_write_response
 .text.gatt_handle_execute_write_response
                0x000000000000e98c       0x3c /Users/clfilho/SimplicityStudio/BLE/BLEDeviceServerAndroid/protocol/bluetooth/lib/EFR32MG13P/GCC/libbluetooth.a(gatt_client.c.obj)
                0x000000000000e98c                gatt_handle_execute_write_response
 .text.gatt_client_handle_value_notification
                0x000000000000e9c8       0x12 /Users/clfilho/SimplicityStudio/BLE/BLEDeviceServerAndroid/protocol/bluetooth/lib/EFR32MG13P/GCC/libbluetooth.a(gatt_client.c.obj)
                0x000000000000e9c8                gatt_client_handle_value_notification
 .text.gatt_client_handle_value_indication
                0x000000000000e9da       0x14 /Users/clfilho/SimplicityStudio/BLE/BLEDeviceServerAndroid/protocol/bluetooth/lib/EFR32MG13P/GCC/libbluetooth.a(gatt_client.c.obj)
                0x000000000000e9da                gatt_client_handle_value_indication
 *fill*         0x000000000000e9ee        0x2 
 .text.gatt_client_init
                0x000000000000e9f0        0xc /Users/clfilho/SimplicityStudio/BLE/BLEDeviceServerAndroid/protocol/bluetooth/lib/EFR32MG13P/GCC/libbluetooth.a(gatt_client.c.obj)
                0x000000000000e9f0                gatt_client_init
 .text.get_att_uuid16
                0x000000000000e9fc       0x24 /Users/clfilho/SimplicityStudio/BLE/BLEDeviceServerAndroid/protocol/bluetooth/lib/EFR32MG13P/GCC/libbluetooth.a(gatt_db_minimal.c.obj)
 .text.get_client_conf
                0x000000000000ea20       0x24 /Users/clfilho/SimplicityStudio/BLE/BLEDeviceServerAndroid/protocol/bluetooth/lib/EFR32MG13P/GCC/libbluetooth.a(gatt_db_minimal.c.obj)
 .text.gatt_db_set_db
                0x000000000000ea44       0x14 /Users/clfilho/SimplicityStudio/BLE/BLEDeviceServerAndroid/protocol/bluetooth/lib/EFR32MG13P/GCC/libbluetooth.a(gatt_db_minimal.c.obj)
                0x000000000000ea44                gatt_db_set_db
 .text.gatt_db_invalidate_hash
                0x000000000000ea58       0x10 /Users/clfilho/SimplicityStudio/BLE/BLEDeviceServerAndroid/protocol/bluetooth/lib/EFR32MG13P/GCC/libbluetooth.a(gatt_db_minimal.c.obj)
                0x000000000000ea58                gatt_db_invalidate_hash
 .text.gatt_db_set_client_features
                0x000000000000ea68       0x1c /Users/clfilho/SimplicityStudio/BLE/BLEDeviceServerAndroid/protocol/bluetooth/lib/EFR32MG13P/GCC/libbluetooth.a(gatt_db_minimal.c.obj)
                0x000000000000ea68                gatt_db_set_client_features
 .text.gatt_db_handle_inrange
                0x000000000000ea84       0x18 /Users/clfilho/SimplicityStudio/BLE/BLEDeviceServerAndroid/protocol/bluetooth/lib/EFR32MG13P/GCC/libbluetooth.a(gatt_db_minimal.c.obj)
                0x000000000000ea84                gatt_db_handle_inrange
 .text.gatt_db_handle_active
                0x000000000000ea9c       0x30 /Users/clfilho/SimplicityStudio/BLE/BLEDeviceServerAndroid/protocol/bluetooth/lib/EFR32MG13P/GCC/libbluetooth.a(gatt_db_minimal.c.obj)
                0x000000000000ea9c                gatt_db_handle_active
 .text.get_client_conf_index
                0x000000000000eacc       0x44 /Users/clfilho/SimplicityStudio/BLE/BLEDeviceServerAndroid/protocol/bluetooth/lib/EFR32MG13P/GCC/libbluetooth.a(gatt_db_minimal.c.obj)
 .text.gatt_db_get_char_properties
                0x000000000000eb10       0x44 /Users/clfilho/SimplicityStudio/BLE/BLEDeviceServerAndroid/protocol/bluetooth/lib/EFR32MG13P/GCC/libbluetooth.a(gatt_db_minimal.c.obj)
                0x000000000000eb10                gatt_db_get_char_properties
 .text.gatt_db_user_value
                0x000000000000eb54       0x1c /Users/clfilho/SimplicityStudio/BLE/BLEDeviceServerAndroid/protocol/bluetooth/lib/EFR32MG13P/GCC/libbluetooth.a(gatt_db_minimal.c.obj)
                0x000000000000eb54                gatt_db_user_value
 .text.gatt_db_load_client_conf
                0x000000000000eb70       0x32 /Users/clfilho/SimplicityStudio/BLE/BLEDeviceServerAndroid/protocol/bluetooth/lib/EFR32MG13P/GCC/libbluetooth.a(gatt_db_minimal.c.obj)
                0x000000000000eb70                gatt_db_load_client_conf
 *fill*         0x000000000000eba2        0x2 
 .text.gatt_db_get_client_conf
                0x000000000000eba4       0x68 /Users/clfilho/SimplicityStudio/BLE/BLEDeviceServerAndroid/protocol/bluetooth/lib/EFR32MG13P/GCC/libbluetooth.a(gatt_db_minimal.c.obj)
                0x000000000000eba4                gatt_db_get_client_conf
 .text.gatt_db_get_att_len
                0x000000000000ec0c       0x3c /Users/clfilho/SimplicityStudio/BLE/BLEDeviceServerAndroid/protocol/bluetooth/lib/EFR32MG13P/GCC/libbluetooth.a(gatt_db_minimal.c.obj)
                0x000000000000ec0c                gatt_db_get_att_len
 .text.gatt_db_check_permissions
                0x000000000000ec48      0x124 /Users/clfilho/SimplicityStudio/BLE/BLEDeviceServerAndroid/protocol/bluetooth/lib/EFR32MG13P/GCC/libbluetooth.a(gatt_db_minimal.c.obj)
                0x000000000000ec48                gatt_db_check_permissions
 .text.gatt_db_get_data
                0x000000000000ed6c       0xa0 /Users/clfilho/SimplicityStudio/BLE/BLEDeviceServerAndroid/protocol/bluetooth/lib/EFR32MG13P/GCC/libbluetooth.a(gatt_db_minimal.c.obj)
                0x000000000000ed6c                gatt_db_get_data
 .text.gatt_db_set_hash
                0x000000000000ee0c      0x104 /Users/clfilho/SimplicityStudio/BLE/BLEDeviceServerAndroid/protocol/bluetooth/lib/EFR32MG13P/GCC/libbluetooth.a(gatt_db_minimal.c.obj)
                0x000000000000ee0c                gatt_db_set_hash
 .text.gatt_db_find_attribute_by_type
                0x000000000000ef10       0x38 /Users/clfilho/SimplicityStudio/BLE/BLEDeviceServerAndroid/protocol/bluetooth/lib/EFR32MG13P/GCC/libbluetooth.a(gatt_db_minimal.c.obj)
                0x000000000000ef10                gatt_db_find_attribute_by_type
 .text.gatt_db_find_group_end
                0x000000000000ef48       0x48 /Users/clfilho/SimplicityStudio/BLE/BLEDeviceServerAndroid/protocol/bluetooth/lib/EFR32MG13P/GCC/libbluetooth.a(gatt_db_minimal.c.obj)
                0x000000000000ef48                gatt_db_find_group_end
 .text.gatt_db_find_by_type_value
                0x000000000000ef90       0x90 /Users/clfilho/SimplicityStudio/BLE/BLEDeviceServerAndroid/protocol/bluetooth/lib/EFR32MG13P/GCC/libbluetooth.a(gatt_db_minimal.c.obj)
                0x000000000000ef90                gatt_db_find_by_type_value
 .text.gatt_db_populate_adv_services
                0x000000000000f020      0x164 /Users/clfilho/SimplicityStudio/BLE/BLEDeviceServerAndroid/protocol/bluetooth/lib/EFR32MG13P/GCC/libbluetooth.a(gatt_db_minimal.c.obj)
                0x000000000000f020                gatt_db_populate_adv_services
 .text.gatt_db_get_attribute_type
                0x000000000000f184       0x34 /Users/clfilho/SimplicityStudio/BLE/BLEDeviceServerAndroid/protocol/bluetooth/lib/EFR32MG13P/GCC/libbluetooth.a(gatt_db_minimal.c.obj)
                0x000000000000f184                gatt_db_get_attribute_type
 .text.gatt_db_get_16bit_char_handle
                0x000000000000f1b8       0x26 /Users/clfilho/SimplicityStudio/BLE/BLEDeviceServerAndroid/protocol/bluetooth/lib/EFR32MG13P/GCC/libbluetooth.a(gatt_db_minimal.c.obj)
                0x000000000000f1b8                gatt_db_get_16bit_char_handle
 .text.set_client_conf.part.2
                0x000000000000f1de       0x7e /Users/clfilho/SimplicityStudio/BLE/BLEDeviceServerAndroid/protocol/bluetooth/lib/EFR32MG13P/GCC/libbluetooth.a(gatt_db_minimal.c.obj)
 .text.gatt_db_set_data
                0x000000000000f25c      0x160 /Users/clfilho/SimplicityStudio/BLE/BLEDeviceServerAndroid/protocol/bluetooth/lib/EFR32MG13P/GCC/libbluetooth.a(gatt_db_minimal.c.obj)
                0x000000000000f25c                gatt_db_set_data
 .text.gatt_db_reset_client_conf
                0x000000000000f3bc       0x50 /Users/clfilho/SimplicityStudio/BLE/BLEDeviceServerAndroid/protocol/bluetooth/lib/EFR32MG13P/GCC/libbluetooth.a(gatt_db_minimal.c.obj)
                0x000000000000f3bc                gatt_db_reset_client_conf
 .text.send_user_read_request_event
                0x000000000000f40c       0x32 /Users/clfilho/SimplicityStudio/BLE/BLEDeviceServerAndroid/protocol/bluetooth/lib/EFR32MG13P/GCC/libbluetooth.a(gatt_server.c.obj)
 .text.send_user_write_request_event
                0x000000000000f43e       0x3a /Users/clfilho/SimplicityStudio/BLE/BLEDeviceServerAndroid/protocol/bluetooth/lib/EFR32MG13P/GCC/libbluetooth.a(gatt_server.c.obj)
 .text.send_execute_write_completed_event
                0x000000000000f478       0x2a /Users/clfilho/SimplicityStudio/BLE/BLEDeviceServerAndroid/protocol/bluetooth/lib/EFR32MG13P/GCC/libbluetooth.a(gatt_server.c.obj)
 .text.finish_read_req
                0x000000000000f4a2       0x96 /Users/clfilho/SimplicityStudio/BLE/BLEDeviceServerAndroid/protocol/bluetooth/lib/EFR32MG13P/GCC/libbluetooth.a(gatt_server.c.obj)
 .text.handle_read_req
                0x000000000000f538       0xa4 /Users/clfilho/SimplicityStudio/BLE/BLEDeviceServerAndroid/protocol/bluetooth/lib/EFR32MG13P/GCC/libbluetooth.a(gatt_server.c.obj)
 .text.finish_execute_write_req
                0x000000000000f5dc       0xa8 /Users/clfilho/SimplicityStudio/BLE/BLEDeviceServerAndroid/protocol/bluetooth/lib/EFR32MG13P/GCC/libbluetooth.a(gatt_server.c.obj)
 .text.send_notification
                0x000000000000f684       0x7e /Users/clfilho/SimplicityStudio/BLE/BLEDeviceServerAndroid/protocol/bluetooth/lib/EFR32MG13P/GCC/libbluetooth.a(gatt_server.c.obj)
 .text.gatt_server_send_attribute_value_event
                0x000000000000f702       0x3a /Users/clfilho/SimplicityStudio/BLE/BLEDeviceServerAndroid/protocol/bluetooth/lib/EFR32MG13P/GCC/libbluetooth.a(gatt_server.c.obj)
                0x000000000000f702                gatt_server_send_attribute_value_event
 .text.gatt_server_send_characteristic_status_event
                0x000000000000f73c       0x32 /Users/clfilho/SimplicityStudio/BLE/BLEDeviceServerAndroid/protocol/bluetooth/lib/EFR32MG13P/GCC/libbluetooth.a(gatt_server.c.obj)
                0x000000000000f73c                gatt_server_send_characteristic_status_event
 *fill*         0x000000000000f76e        0x2 
 .text.gatt_server_handle_exchange_mtu_req
                0x000000000000f770       0x3c /Users/clfilho/SimplicityStudio/BLE/BLEDeviceServerAndroid/protocol/bluetooth/lib/EFR32MG13P/GCC/libbluetooth.a(gatt_server.c.obj)
                0x000000000000f770                gatt_server_handle_exchange_mtu_req
 .text.gatt_server_handle_read_by_group_type
                0x000000000000f7ac      0x120 /Users/clfilho/SimplicityStudio/BLE/BLEDeviceServerAndroid/protocol/bluetooth/lib/EFR32MG13P/GCC/libbluetooth.a(gatt_server.c.obj)
                0x000000000000f7ac                gatt_server_handle_read_by_group_type
 .text.gatt_server_handle_read_by_type
                0x000000000000f8cc      0x184 /Users/clfilho/SimplicityStudio/BLE/BLEDeviceServerAndroid/protocol/bluetooth/lib/EFR32MG13P/GCC/libbluetooth.a(gatt_server.c.obj)
                0x000000000000f8cc                gatt_server_handle_read_by_type
 .text.gatt_server_handle_find_information
                0x000000000000fa50       0xe2 /Users/clfilho/SimplicityStudio/BLE/BLEDeviceServerAndroid/protocol/bluetooth/lib/EFR32MG13P/GCC/libbluetooth.a(gatt_server.c.obj)
                0x000000000000fa50                gatt_server_handle_find_information
 .text.gatt_server_handle_find_by_type_value_req
                0x000000000000fb32       0xc8 /Users/clfilho/SimplicityStudio/BLE/BLEDeviceServerAndroid/protocol/bluetooth/lib/EFR32MG13P/GCC/libbluetooth.a(gatt_server.c.obj)
                0x000000000000fb32                gatt_server_handle_find_by_type_value_req
 .text.gatt_server_handle_read_req
                0x000000000000fbfa        0xc /Users/clfilho/SimplicityStudio/BLE/BLEDeviceServerAndroid/protocol/bluetooth/lib/EFR32MG13P/GCC/libbluetooth.a(gatt_server.c.obj)
                0x000000000000fbfa                gatt_server_handle_read_req
 .text.gatt_server_handle_read_blob_req
                0x000000000000fc06        0xa /Users/clfilho/SimplicityStudio/BLE/BLEDeviceServerAndroid/protocol/bluetooth/lib/EFR32MG13P/GCC/libbluetooth.a(gatt_server.c.obj)
                0x000000000000fc06                gatt_server_handle_read_blob_req
 .text.gatt_server_handle_read_multiple_req
                0x000000000000fc10       0xee /Users/clfilho/SimplicityStudio/BLE/BLEDeviceServerAndroid/protocol/bluetooth/lib/EFR32MG13P/GCC/libbluetooth.a(gatt_server.c.obj)
                0x000000000000fc10                gatt_server_handle_read_multiple_req
 .text.gatt_server_handle_write_req
                0x000000000000fcfe       0x96 /Users/clfilho/SimplicityStudio/BLE/BLEDeviceServerAndroid/protocol/bluetooth/lib/EFR32MG13P/GCC/libbluetooth.a(gatt_server.c.obj)
                0x000000000000fcfe                gatt_server_handle_write_req
 .text.gatt_server_handle_write_cmd
                0x000000000000fd94       0x84 /Users/clfilho/SimplicityStudio/BLE/BLEDeviceServerAndroid/protocol/bluetooth/lib/EFR32MG13P/GCC/libbluetooth.a(gatt_server.c.obj)
                0x000000000000fd94                gatt_server_handle_write_cmd
 .text.gatt_server_handle_prepare_write_req
                0x000000000000fe18       0xa4 /Users/clfilho/SimplicityStudio/BLE/BLEDeviceServerAndroid/protocol/bluetooth/lib/EFR32MG13P/GCC/libbluetooth.a(gatt_server.c.obj)
                0x000000000000fe18                gatt_server_handle_prepare_write_req
 .text.gatt_server_handle_execute_write_req
                0x000000000000febc       0x28 /Users/clfilho/SimplicityStudio/BLE/BLEDeviceServerAndroid/protocol/bluetooth/lib/EFR32MG13P/GCC/libbluetooth.a(gatt_server.c.obj)
                0x000000000000febc                gatt_server_handle_execute_write_req
 .text.gatt_server_handle_value_cfm
                0x000000000000fee4       0x48 /Users/clfilho/SimplicityStudio/BLE/BLEDeviceServerAndroid/protocol/bluetooth/lib/EFR32MG13P/GCC/libbluetooth.a(gatt_server.c.obj)
                0x000000000000fee4                gatt_server_handle_value_cfm
 .text.gatt_server_send_characteristic_notification
                0x000000000000ff2c       0x82 /Users/clfilho/SimplicityStudio/BLE/BLEDeviceServerAndroid/protocol/bluetooth/lib/EFR32MG13P/GCC/libbluetooth.a(gatt_server.c.obj)
                0x000000000000ff2c                gatt_server_send_characteristic_notification
 .text.gatt_server_send_user_read_response
                0x000000000000ffae       0x62 /Users/clfilho/SimplicityStudio/BLE/BLEDeviceServerAndroid/protocol/bluetooth/lib/EFR32MG13P/GCC/libbluetooth.a(gatt_server.c.obj)
                0x000000000000ffae                gatt_server_send_user_read_response
 .text.gatt_server_send_user_write_response
                0x0000000000010010       0x7c /Users/clfilho/SimplicityStudio/BLE/BLEDeviceServerAndroid/protocol/bluetooth/lib/EFR32MG13P/GCC/libbluetooth.a(gatt_server.c.obj)
                0x0000000000010010                gatt_server_send_user_write_response
 .text.gatt_server_report_gattdb_change
                0x000000000001008c       0x5c /Users/clfilho/SimplicityStudio/BLE/BLEDeviceServerAndroid/protocol/bluetooth/lib/EFR32MG13P/GCC/libbluetooth.a(gatt_server.c.obj)
                0x000000000001008c                gatt_server_report_gattdb_change
 .text.gatt_server_report_client_config
                0x00000000000100e8       0xa8 /Users/clfilho/SimplicityStudio/BLE/BLEDeviceServerAndroid/protocol/bluetooth/lib/EFR32MG13P/GCC/libbluetooth.a(gatt_server.c.obj)
                0x00000000000100e8                gatt_server_report_client_config
 .text.handle_database_changed.part.3
                0x0000000000010190       0x70 /Users/clfilho/SimplicityStudio/BLE/BLEDeviceServerAndroid/protocol/bluetooth/lib/EFR32MG13P/GCC/libbluetooth.a(gatt_server.c.obj)
 .text.gatt_server_handle_att
                0x0000000000010200      0x262 /Users/clfilho/SimplicityStudio/BLE/BLEDeviceServerAndroid/protocol/bluetooth/lib/EFR32MG13P/GCC/libbluetooth.a(gatt_server.c.obj)
                0x0000000000010200                gatt_server_handle_att
 .text.gatt_set_gattdb
                0x0000000000010462       0x34 /Users/clfilho/SimplicityStudio/BLE/BLEDeviceServerAndroid/protocol/bluetooth/lib/EFR32MG13P/GCC/libbluetooth.a(gatt_server.c.obj)
                0x0000000000010462                gatt_set_gattdb
 .text.gatt_server_enter_att_handling
                0x0000000000010496        0xa /Users/clfilho/SimplicityStudio/BLE/BLEDeviceServerAndroid/protocol/bluetooth/lib/EFR32MG13P/GCC/libbluetooth.a(gatt_server.c.obj)
                0x0000000000010496                gatt_server_enter_att_handling
 .text.gatt_server_leave_att_handling
                0x00000000000104a0        0xa /Users/clfilho/SimplicityStudio/BLE/BLEDeviceServerAndroid/protocol/bluetooth/lib/EFR32MG13P/GCC/libbluetooth.a(gatt_server.c.obj)
                0x00000000000104a0                gatt_server_leave_att_handling
 .text.gatt_server_att_handling
                0x00000000000104aa        0x8 /Users/clfilho/SimplicityStudio/BLE/BLEDeviceServerAndroid/protocol/bluetooth/lib/EFR32MG13P/GCC/libbluetooth.a(gatt_server.c.obj)
                0x00000000000104aa                gatt_server_att_handling
 .text.gecko_bgapi_class_dfu_init
                0x00000000000104b2       0x12 /Users/clfilho/SimplicityStudio/BLE/BLEDeviceServerAndroid/protocol/bluetooth/lib/EFR32MG13P/GCC/libbluetooth.a(gecko_bgapi_dfu.c.obj)
                0x00000000000104b2                gecko_bgapi_class_dfu_init
 .text.gecko_bgapi_class_endpoint_init
                0x00000000000104c4       0x12 /Users/clfilho/SimplicityStudio/BLE/BLEDeviceServerAndroid/protocol/bluetooth/lib/EFR32MG13P/GCC/libbluetooth.a(gecko_bgapi_endpoint.c.obj)
                0x00000000000104c4                gecko_bgapi_class_endpoint_init
 .text.gecko_bgapi_class_flash_init
                0x00000000000104d6       0x12 /Users/clfilho/SimplicityStudio/BLE/BLEDeviceServerAndroid/protocol/bluetooth/lib/EFR32MG13P/GCC/libbluetooth.a(gecko_bgapi_flash.c.obj)
                0x00000000000104d6                gecko_bgapi_class_flash_init
 .text.gecko_bgapi_class_le_gap_init
                0x00000000000104e8       0x12 /Users/clfilho/SimplicityStudio/BLE/BLEDeviceServerAndroid/protocol/bluetooth/lib/EFR32MG13P/GCC/libbluetooth.a(gecko_bgapi_gap.c.obj)
                0x00000000000104e8                gecko_bgapi_class_le_gap_init
 .text.gecko_bgapi_class_gatt_init
                0x00000000000104fa       0x12 /Users/clfilho/SimplicityStudio/BLE/BLEDeviceServerAndroid/protocol/bluetooth/lib/EFR32MG13P/GCC/libbluetooth.a(gecko_bgapi_gatt.c.obj)
                0x00000000000104fa                gecko_bgapi_class_gatt_init
 .text.gecko_bgapi_class_gatt_server_init
                0x000000000001050c       0x12 /Users/clfilho/SimplicityStudio/BLE/BLEDeviceServerAndroid/protocol/bluetooth/lib/EFR32MG13P/GCC/libbluetooth.a(gecko_bgapi_gatt_server.c.obj)
                0x000000000001050c                gecko_bgapi_class_gatt_server_init
 .text.gecko_bgapi_class_hardware_init
                0x000000000001051e       0x12 /Users/clfilho/SimplicityStudio/BLE/BLEDeviceServerAndroid/protocol/bluetooth/lib/EFR32MG13P/GCC/libbluetooth.a(gecko_bgapi_hardware.c.obj)
                0x000000000001051e                gecko_bgapi_class_hardware_init
 .text.gecko_bgapi_class_le_connection_init
                0x0000000000010530       0x12 /Users/clfilho/SimplicityStudio/BLE/BLEDeviceServerAndroid/protocol/bluetooth/lib/EFR32MG13P/GCC/libbluetooth.a(gecko_bgapi_le_connection.c.obj)
                0x0000000000010530                gecko_bgapi_class_le_connection_init
 .text.gecko_bgapi_class_sm_init
                0x0000000000010542       0x12 /Users/clfilho/SimplicityStudio/BLE/BLEDeviceServerAndroid/protocol/bluetooth/lib/EFR32MG13P/GCC/libbluetooth.a(gecko_bgapi_sm.c.obj)
                0x0000000000010542                gecko_bgapi_class_sm_init
 .text.gecko_bgapi_class_system_init
                0x0000000000010554       0x12 /Users/clfilho/SimplicityStudio/BLE/BLEDeviceServerAndroid/protocol/bluetooth/lib/EFR32MG13P/GCC/libbluetooth.a(gecko_bgapi_system.c.obj)
                0x0000000000010554                gecko_bgapi_class_system_init
 .text.gecko_bgapi_class_test_init
                0x0000000000010566       0x12 /Users/clfilho/SimplicityStudio/BLE/BLEDeviceServerAndroid/protocol/bluetooth/lib/EFR32MG13P/GCC/libbluetooth.a(gecko_bgapi_test.c.obj)
                0x0000000000010566                gecko_bgapi_class_test_init
 .text.handle_bgapi_output
                0x0000000000010578       0x74 /Users/clfilho/SimplicityStudio/BLE/BLEDeviceServerAndroid/protocol/bluetooth/lib/EFR32MG13P/GCC/libbluetooth.a(gecko_endpoints.c.obj)
 .text.gecko_release_evt
                0x00000000000105ec       0x14 /Users/clfilho/SimplicityStudio/BLE/BLEDeviceServerAndroid/protocol/bluetooth/lib/EFR32MG13P/GCC/libbluetooth.a(gecko_endpoints.c.obj)
                0x00000000000105ec                gecko_release_evt
 .text.gecko_get_evt
                0x0000000000010600       0x10 /Users/clfilho/SimplicityStudio/BLE/BLEDeviceServerAndroid/protocol/bluetooth/lib/EFR32MG13P/GCC/libbluetooth.a(gecko_endpoints.c.obj)
                0x0000000000010600                gecko_get_evt
 .text.gecko_register_bgapi_library
                0x0000000000010610       0x38 /Users/clfilho/SimplicityStudio/BLE/BLEDeviceServerAndroid/protocol/bluetooth/lib/EFR32MG13P/GCC/libbluetooth.a(gecko_endpoints.c.obj)
                0x0000000000010610                gecko_register_bgapi_library
 .text.gecko_handle_library_packet
                0x0000000000010648       0x10 /Users/clfilho/SimplicityStudio/BLE/BLEDeviceServerAndroid/protocol/bluetooth/lib/EFR32MG13P/GCC/libbluetooth.a(gecko_endpoints.c.obj)
                0x0000000000010648                gecko_handle_library_packet
 .text.sli_bt_cmd_handler_delegate
                0x0000000000010658       0x7c /Users/clfilho/SimplicityStudio/BLE/BLEDeviceServerAndroid/protocol/bluetooth/lib/EFR32MG13P/GCC/libbluetooth.a(gecko_endpoints.c.obj)
                0x0000000000010658                sli_bt_cmd_handler_delegate
 .text.hci_increase_token
                0x00000000000106d4       0x12 /Users/clfilho/SimplicityStudio/BLE/BLEDeviceServerAndroid/protocol/bluetooth/lib/EFR32MG13P/GCC/libbluetooth.a(hci.c.obj)
 *fill*         0x00000000000106e6        0x2 
 .text.hci_init
                0x00000000000106e8       0x1c /Users/clfilho/SimplicityStudio/BLE/BLEDeviceServerAndroid/protocol/bluetooth/lib/EFR32MG13P/GCC/libbluetooth.a(hci.c.obj)
                0x00000000000106e8                hci_init
 .text.hci_command_status_handle
                0x0000000000010704       0x40 /Users/clfilho/SimplicityStudio/BLE/BLEDeviceServerAndroid/protocol/bluetooth/lib/EFR32MG13P/GCC/libbluetooth.a(hci.c.obj)
                0x0000000000010704                hci_command_status_handle
 .text.hci_command_complete_handle
                0x0000000000010744      0x148 /Users/clfilho/SimplicityStudio/BLE/BLEDeviceServerAndroid/protocol/bluetooth/lib/EFR32MG13P/GCC/libbluetooth.a(hci.c.obj)
                0x0000000000010744                hci_command_complete_handle
 .text.handle_extended_advertising_report
                0x000000000001088c      0x100 /Users/clfilho/SimplicityStudio/BLE/BLEDeviceServerAndroid/protocol/bluetooth/lib/EFR32MG13P/GCC/libbluetooth.a(hci.c.obj)
                0x000000000001088c                handle_extended_advertising_report
 .text.hci_inject_acl
                0x000000000001098c        0xc /Users/clfilho/SimplicityStudio/BLE/BLEDeviceServerAndroid/protocol/bluetooth/lib/EFR32MG13P/GCC/libbluetooth.a(hci.c.obj)
                0x000000000001098c                hci_inject_acl
 .text.hci_packets_waiting
                0x0000000000010998       0x18 /Users/clfilho/SimplicityStudio/BLE/BLEDeviceServerAndroid/protocol/bluetooth/lib/EFR32MG13P/GCC/libbluetooth.a(hci.c.obj)
                0x0000000000010998                hci_packets_waiting
 .text.hci_get_acl_packet
                0x00000000000109b0       0x14 /Users/clfilho/SimplicityStudio/BLE/BLEDeviceServerAndroid/protocol/bluetooth/lib/EFR32MG13P/GCC/libbluetooth.a(hci.c.obj)
                0x00000000000109b0                hci_get_acl_packet
 .text.hci_send_command
                0x00000000000109c4       0x12 /Users/clfilho/SimplicityStudio/BLE/BLEDeviceServerAndroid/protocol/bluetooth/lib/EFR32MG13P/GCC/libbluetooth.a(hci.c.obj)
                0x00000000000109c4                hci_send_command
 .text.hci_read_bdaddr
                0x00000000000109d6       0x1c /Users/clfilho/SimplicityStudio/BLE/BLEDeviceServerAndroid/protocol/bluetooth/lib/EFR32MG13P/GCC/libbluetooth.a(hci.c.obj)
                0x00000000000109d6                hci_read_bdaddr
 *fill*         0x00000000000109f2        0x2 
 .text.hci_state_listener
                0x00000000000109f4       0x14 /Users/clfilho/SimplicityStudio/BLE/BLEDeviceServerAndroid/protocol/bluetooth/lib/EFR32MG13P/GCC/libbluetooth.a(hci.c.obj)
                0x00000000000109f4                hci_state_listener
 .text.hci_set_state
                0x0000000000010a08       0x1c /Users/clfilho/SimplicityStudio/BLE/BLEDeviceServerAndroid/protocol/bluetooth/lib/EFR32MG13P/GCC/libbluetooth.a(hci.c.obj)
                0x0000000000010a08                hci_set_state
 .text.hci_state_listener_init
                0x0000000000010a24       0x10 /Users/clfilho/SimplicityStudio/BLE/BLEDeviceServerAndroid/protocol/bluetooth/lib/EFR32MG13P/GCC/libbluetooth.a(hci.c.obj)
                0x0000000000010a24                hci_state_listener_init
 .text.hci_state_listener_init_default_data_length
                0x0000000000010a34       0x6c /Users/clfilho/SimplicityStudio/BLE/BLEDeviceServerAndroid/protocol/bluetooth/lib/EFR32MG13P/GCC/libbluetooth.a(hci.c.obj)
                0x0000000000010a34                hci_state_listener_init_default_data_length
 .text.hci_run  0x0000000000010aa0        0x6 /Users/clfilho/SimplicityStudio/BLE/BLEDeviceServerAndroid/protocol/bluetooth/lib/EFR32MG13P/GCC/libbluetooth.a(hci.c.obj)
                0x0000000000010aa0                hci_run
 .text.hci_start
                0x0000000000010aa6        0x6 /Users/clfilho/SimplicityStudio/BLE/BLEDeviceServerAndroid/protocol/bluetooth/lib/EFR32MG13P/GCC/libbluetooth.a(hci.c.obj)
                0x0000000000010aa6                hci_start
 .text.hci_cleanup_acl
                0x0000000000010aac       0x28 /Users/clfilho/SimplicityStudio/BLE/BLEDeviceServerAndroid/protocol/bluetooth/lib/EFR32MG13P/GCC/libbluetooth.a(hci.c.obj)
                0x0000000000010aac                hci_cleanup_acl
 .text.hci_send_acl
                0x0000000000010ad4       0xac /Users/clfilho/SimplicityStudio/BLE/BLEDeviceServerAndroid/protocol/bluetooth/lib/EFR32MG13P/GCC/libbluetooth.a(hci.c.obj)
                0x0000000000010ad4                hci_send_acl
 .text.hci_le_set_random_address
                0x0000000000010b80       0x2c /Users/clfilho/SimplicityStudio/BLE/BLEDeviceServerAndroid/protocol/bluetooth/lib/EFR32MG13P/GCC/libbluetooth.a(hci.c.obj)
                0x0000000000010b80                hci_le_set_random_address
 .text.hci_le_set_extended_advertising_parameters
                0x0000000000010bac       0x98 /Users/clfilho/SimplicityStudio/BLE/BLEDeviceServerAndroid/protocol/bluetooth/lib/EFR32MG13P/GCC/libbluetooth.a(hci.c.obj)
                0x0000000000010bac                hci_le_set_extended_advertising_parameters
 .text.hci_le_set_advertising_set_random_address
                0x0000000000010c44       0x38 /Users/clfilho/SimplicityStudio/BLE/BLEDeviceServerAndroid/protocol/bluetooth/lib/EFR32MG13P/GCC/libbluetooth.a(hci.c.obj)
                0x0000000000010c44                hci_le_set_advertising_set_random_address
 .text.hci_le_set_extended_advertising_data
                0x0000000000010c7c       0x34 /Users/clfilho/SimplicityStudio/BLE/BLEDeviceServerAndroid/protocol/bluetooth/lib/EFR32MG13P/GCC/libbluetooth.a(hci.c.obj)
                0x0000000000010c7c                hci_le_set_extended_advertising_data
 .text.hci_le_set_extended_scan_response_data
                0x0000000000010cb0       0x34 /Users/clfilho/SimplicityStudio/BLE/BLEDeviceServerAndroid/protocol/bluetooth/lib/EFR32MG13P/GCC/libbluetooth.a(hci.c.obj)
                0x0000000000010cb0                hci_le_set_extended_scan_response_data
 .text.hci_le_set_extended_advertising_enable
                0x0000000000010ce4       0x44 /Users/clfilho/SimplicityStudio/BLE/BLEDeviceServerAndroid/protocol/bluetooth/lib/EFR32MG13P/GCC/libbluetooth.a(hci.c.obj)
                0x0000000000010ce4                hci_le_set_extended_advertising_enable
 .text.hci_le_set_extended_scan_parameters
                0x0000000000010d28       0x4c /Users/clfilho/SimplicityStudio/BLE/BLEDeviceServerAndroid/protocol/bluetooth/lib/EFR32MG13P/GCC/libbluetooth.a(hci.c.obj)
                0x0000000000010d28                hci_le_set_extended_scan_parameters
 .text.hci_le_set_ext_scan_enable
                0x0000000000010d74       0x34 /Users/clfilho/SimplicityStudio/BLE/BLEDeviceServerAndroid/protocol/bluetooth/lib/EFR32MG13P/GCC/libbluetooth.a(hci.c.obj)
                0x0000000000010d74                hci_le_set_ext_scan_enable
 .text.hci_le_create_connection_cancel
                0x0000000000010da8       0x14 /Users/clfilho/SimplicityStudio/BLE/BLEDeviceServerAndroid/protocol/bluetooth/lib/EFR32MG13P/GCC/libbluetooth.a(hci.c.obj)
                0x0000000000010da8                hci_le_create_connection_cancel
 .text.hci_close_acl
                0x0000000000010dbc       0x42 /Users/clfilho/SimplicityStudio/BLE/BLEDeviceServerAndroid/protocol/bluetooth/lib/EFR32MG13P/GCC/libbluetooth.a(hci.c.obj)
                0x0000000000010dbc                hci_close_acl
 *fill*         0x0000000000010dfe        0x2 
 .text.hci_le_connection_update
                0x0000000000010e00       0x58 /Users/clfilho/SimplicityStudio/BLE/BLEDeviceServerAndroid/protocol/bluetooth/lib/EFR32MG13P/GCC/libbluetooth.a(hci.c.obj)
                0x0000000000010e00                hci_le_connection_update
 .text.hci_le_start_encryption
                0x0000000000010e58       0x50 /Users/clfilho/SimplicityStudio/BLE/BLEDeviceServerAndroid/protocol/bluetooth/lib/EFR32MG13P/GCC/libbluetooth.a(hci.c.obj)
                0x0000000000010e58                hci_le_start_encryption
 .text.hci_le_ltk_reply
                0x0000000000010ea8       0x4c /Users/clfilho/SimplicityStudio/BLE/BLEDeviceServerAndroid/protocol/bluetooth/lib/EFR32MG13P/GCC/libbluetooth.a(hci.c.obj)
                0x0000000000010ea8                hci_le_ltk_reply
 .text.hci_le_remote_connection_parameter_request_reply
                0x0000000000010ef4       0x58 /Users/clfilho/SimplicityStudio/BLE/BLEDeviceServerAndroid/protocol/bluetooth/lib/EFR32MG13P/GCC/libbluetooth.a(hci.c.obj)
                0x0000000000010ef4                hci_le_remote_connection_parameter_request_reply
 .text.hci_event_handle